<?xml version="1.0" encoding="ISO-8859-1" ?>
<link_info>
   <banner>TI ARM Linker PC v18.1.5.LTS</banner>
   <copyright>Copyright (c) 1996-2018 Texas Instruments Incorporated</copyright>
   <link_time>0x5c596678</link_time>
   <link_errors>0x0</link_errors>
   <output_file>Four_axes.out</output_file>
   <entry_point>
      <name>_c_int00_noargs</name>
      <address>0x49ed</address>
   </entry_point>
   <input_file_list>
      <input_file id="fl-2">
         <path>.\</path>
         <kind>object</kind>
         <file>main.obj</file>
         <name>main.obj</name>
      </input_file>
      <input_file id="fl-3">
         <path>.\</path>
         <kind>object</kind>
         <file>tm4c123gh6pm_startup_ccs.obj</file>
         <name>tm4c123gh6pm_startup_ccs.obj</name>
      </input_file>
      <input_file id="fl-4">
         <path>.\0.96&apos;OLED\</path>
         <kind>object</kind>
         <file>OLED.obj</file>
         <name>OLED.obj</name>
      </input_file>
      <input_file id="fl-5">
         <path>.\Beep\</path>
         <kind>object</kind>
         <file>Beep.obj</file>
         <name>Beep.obj</name>
      </input_file>
      <input_file id="fl-6">
         <path>.\Control\</path>
         <kind>object</kind>
         <file>Control.obj</file>
         <name>Control.obj</name>
      </input_file>
      <input_file id="fl-7">
         <path>.\Filter\</path>
         <kind>object</kind>
         <file>filter.obj</file>
         <name>filter.obj</name>
      </input_file>
      <input_file id="fl-8">
         <path>.\MavLink_Receive\</path>
         <kind>object</kind>
         <file>Mavlink_test.obj</file>
         <name>Mavlink_test.obj</name>
      </input_file>
      <input_file id="fl-9">
         <path>.\Pid\</path>
         <kind>object</kind>
         <file>pid.obj</file>
         <name>pid.obj</name>
      </input_file>
      <input_file id="fl-a">
         <path>.\Pwm\</path>
         <kind>object</kind>
         <file>pwm.obj</file>
         <name>pwm.obj</name>
      </input_file>
      <input_file id="fl-b">
         <path>.\Timer\</path>
         <kind>object</kind>
         <file>Timer.obj</file>
         <name>Timer.obj</name>
      </input_file>
      <input_file id="fl-c">
         <path>.\colorful_LED\</path>
         <kind>object</kind>
         <file>colorful_LED.obj</file>
         <name>colorful_LED.obj</name>
      </input_file>
      <input_file id="fl-d">
         <path>.\delay\</path>
         <kind>object</kind>
         <file>delay.obj</file>
         <name>delay.obj</name>
      </input_file>
      <input_file id="fl-e">
         <path>.\key\</path>
         <kind>object</kind>
         <file>key.obj</file>
         <name>key.obj</name>
      </input_file>
      <input_file id="fl-f">
         <path>.\sonar\</path>
         <kind>object</kind>
         <file>sonar.obj</file>
         <name>sonar.obj</name>
      </input_file>
      <input_file id="fl-10">
         <path>.\uart\</path>
         <kind>object</kind>
         <file>uart_echo.obj</file>
         <name>uart_echo.obj</name>
      </input_file>
      <input_file id="fl-11">
         <path>.\uart\</path>
         <kind>object</kind>
         <file>uartstdio.obj</file>
         <name>uartstdio.obj</name>
      </input_file>
      <input_file id="fl-16">
         <kind>object</kind>
         <file>&lt;internal&gt;</file>
         <name>&lt;internal&gt;</name>
      </input_file>
      <input_file id="fl-cc">
         <path>E:\elec\ti\ccs740\ccsv7\tools\compiler\ti-cgt-arm_18.1.5.LTS\lib\</path>
         <kind>archive</kind>
         <file>rtsv7M4_T_le_v4SPD16_eabi.lib</file>
         <name>memset_t2.asm.obj</name>
      </input_file>
      <input_file id="fl-cd">
         <path>E:\elec\ti\ccs740\ccsv7\tools\compiler\ti-cgt-arm_18.1.5.LTS\lib\</path>
         <kind>archive</kind>
         <file>rtsv7M4_T_le_v4SPD16_eabi.lib</file>
         <name>u_divt2.asm.obj</name>
      </input_file>
      <input_file id="fl-ce">
         <path>E:\elec\ti\ccs740\ccsv7\tools\compiler\ti-cgt-arm_18.1.5.LTS\lib\</path>
         <kind>archive</kind>
         <file>rtsv7M4_T_le_v4SPD16_eabi.lib</file>
         <name>fd_add_t2.asm.obj</name>
      </input_file>
      <input_file id="fl-cf">
         <path>E:\elec\ti\ccs740\ccsv7\tools\compiler\ti-cgt-arm_18.1.5.LTS\lib\</path>
         <kind>archive</kind>
         <file>rtsv7M4_T_le_v4SPD16_eabi.lib</file>
         <name>fd_cmp_t2.asm.obj</name>
      </input_file>
      <input_file id="fl-d0">
         <path>E:\elec\ti\ccs740\ccsv7\tools\compiler\ti-cgt-arm_18.1.5.LTS\lib\</path>
         <kind>archive</kind>
         <file>rtsv7M4_T_le_v4SPD16_eabi.lib</file>
         <name>fd_div_t2.asm.obj</name>
      </input_file>
      <input_file id="fl-d1">
         <path>E:\elec\ti\ccs740\ccsv7\tools\compiler\ti-cgt-arm_18.1.5.LTS\lib\</path>
         <kind>archive</kind>
         <file>rtsv7M4_T_le_v4SPD16_eabi.lib</file>
         <name>fd_mul_t2.asm.obj</name>
      </input_file>
      <input_file id="fl-d2">
         <path>E:\elec\ti\ccs740\ccsv7\tools\compiler\ti-cgt-arm_18.1.5.LTS\lib\</path>
         <kind>archive</kind>
         <file>rtsv7M4_T_le_v4SPD16_eabi.lib</file>
         <name>fd_toi_t2.asm.obj</name>
      </input_file>
      <input_file id="fl-d3">
         <path>E:\elec\ti\ccs740\ccsv7\tools\compiler\ti-cgt-arm_18.1.5.LTS\lib\</path>
         <kind>archive</kind>
         <file>rtsv7M4_T_le_v4SPD16_eabi.lib</file>
         <name>fd_tos_t2.asm.obj</name>
      </input_file>
      <input_file id="fl-d4">
         <path>E:\elec\ti\ccs740\ccsv7\tools\compiler\ti-cgt-arm_18.1.5.LTS\lib\</path>
         <kind>archive</kind>
         <file>rtsv7M4_T_le_v4SPD16_eabi.lib</file>
         <name>fs_tod_t2.asm.obj</name>
      </input_file>
      <input_file id="fl-d5">
         <path>E:\elec\ti\ccs740\ccsv7\tools\compiler\ti-cgt-arm_18.1.5.LTS\lib\</path>
         <kind>archive</kind>
         <file>rtsv7M4_T_le_v4SPD16_eabi.lib</file>
         <name>i_tofd_t2.asm.obj</name>
      </input_file>
      <input_file id="fl-d6">
         <path>E:\elec\ti\ccs740\ccsv7\tools\compiler\ti-cgt-arm_18.1.5.LTS\lib\</path>
         <kind>archive</kind>
         <file>rtsv7M4_T_le_v4SPD16_eabi.lib</file>
         <name>memcpy_t2.asm.obj</name>
      </input_file>
      <input_file id="fl-d7">
         <path>E:\elec\ti\ccs740\ccsv7\tools\compiler\ti-cgt-arm_18.1.5.LTS\lib\</path>
         <kind>archive</kind>
         <file>rtsv7M4_T_le_v4SPD16_eabi.lib</file>
         <name>u_tofd_t2.asm.obj</name>
      </input_file>
      <input_file id="fl-d8">
         <path>E:\elec\ti\ccs740\ccsv7\tools\compiler\ti-cgt-arm_18.1.5.LTS\lib\</path>
         <kind>archive</kind>
         <file>rtsv7M4_T_le_v4SPD16_eabi.lib</file>
         <name>copy_zero_init.c.obj</name>
      </input_file>
      <input_file id="fl-d9">
         <path>E:\elec\ti\ccs740\ccsv7\tools\compiler\ti-cgt-arm_18.1.5.LTS\lib\</path>
         <kind>archive</kind>
         <file>rtsv7M4_T_le_v4SPD16_eabi.lib</file>
         <name>copy_decompress_none.c.obj</name>
      </input_file>
      <input_file id="fl-da">
         <path>E:\elec\ti\ccs740\ccsv7\tools\compiler\ti-cgt-arm_18.1.5.LTS\lib\</path>
         <kind>archive</kind>
         <file>rtsv7M4_T_le_v4SPD16_eabi.lib</file>
         <name>copy_decompress_lzss.c.obj</name>
      </input_file>
      <input_file id="fl-db">
         <path>E:\elec\ti\ccs740\ccsv7\tools\compiler\ti-cgt-arm_18.1.5.LTS\lib\</path>
         <kind>archive</kind>
         <file>rtsv7M4_T_le_v4SPD16_eabi.lib</file>
         <name>boot_cortex_m.c.obj</name>
      </input_file>
      <input_file id="fl-dc">
         <path>E:\elec\ti\ccs740\ccsv7\tools\compiler\ti-cgt-arm_18.1.5.LTS\lib\</path>
         <kind>archive</kind>
         <file>rtsv7M4_T_le_v4SPD16_eabi.lib</file>
         <name>exit.c.obj</name>
      </input_file>
      <input_file id="fl-dd">
         <path>E:\elec\ti\ccs740\ccsv7\tools\compiler\ti-cgt-arm_18.1.5.LTS\lib\</path>
         <kind>archive</kind>
         <file>rtsv7M4_T_le_v4SPD16_eabi.lib</file>
         <name>_lock.c.obj</name>
      </input_file>
      <input_file id="fl-de">
         <path>E:\elec\ti\ccs740\ccsv7\tools\compiler\ti-cgt-arm_18.1.5.LTS\lib\</path>
         <kind>archive</kind>
         <file>rtsv7M4_T_le_v4SPD16_eabi.lib</file>
         <name>args_main.c.obj</name>
      </input_file>
      <input_file id="fl-df">
         <path>E:\elec\ti\ccs740\ccsv7\tools\compiler\ti-cgt-arm_18.1.5.LTS\lib\</path>
         <kind>archive</kind>
         <file>rtsv7M4_T_le_v4SPD16_eabi.lib</file>
         <name>div0.asm.obj</name>
      </input_file>
      <input_file id="fl-e0">
         <path>E:\elec\ti\ccs740\ccsv7\tools\compiler\ti-cgt-arm_18.1.5.LTS\lib\</path>
         <kind>archive</kind>
         <file>rtsv7M4_T_le_v4SPD16_eabi.lib</file>
         <name>autoinit.c.obj</name>
      </input_file>
      <input_file id="fl-e1">
         <path>E:\elec\ti\ccs740\ccsv7\tools\compiler\ti-cgt-arm_18.1.5.LTS\lib\</path>
         <kind>archive</kind>
         <file>rtsv7M4_T_le_v4SPD16_eabi.lib</file>
         <name>pre_init.c.obj</name>
      </input_file>
      <input_file id="fl-e2">
         <path>E:\elec\ti\ccs740\ccsv7\tools\compiler\ti-cgt-arm_18.1.5.LTS\lib\</path>
         <kind>archive</kind>
         <file>rtsv7M4_T_le_v4SPD16_eabi.lib</file>
         <name>cpy_tbl.c.obj</name>
      </input_file>
      <input_file id="fl-e3">
         <path>E:\elec\TM4\TivaWare\driverlib\ccs\Debug\</path>
         <kind>archive</kind>
         <file>driverlib.lib</file>
         <name>fpu.obj</name>
      </input_file>
      <input_file id="fl-e4">
         <path>E:\elec\TM4\TivaWare\driverlib\ccs\Debug\</path>
         <kind>archive</kind>
         <file>driverlib.lib</file>
         <name>gpio.obj</name>
      </input_file>
      <input_file id="fl-e5">
         <path>E:\elec\TM4\TivaWare\driverlib\ccs\Debug\</path>
         <kind>archive</kind>
         <file>driverlib.lib</file>
         <name>interrupt.obj</name>
      </input_file>
      <input_file id="fl-e6">
         <path>E:\elec\TM4\TivaWare\driverlib\ccs\Debug\</path>
         <kind>archive</kind>
         <file>driverlib.lib</file>
         <name>pwm.obj</name>
      </input_file>
      <input_file id="fl-e7">
         <path>E:\elec\TM4\TivaWare\driverlib\ccs\Debug\</path>
         <kind>archive</kind>
         <file>driverlib.lib</file>
         <name>sysctl.obj</name>
      </input_file>
      <input_file id="fl-e8">
         <path>E:\elec\TM4\TivaWare\driverlib\ccs\Debug\</path>
         <kind>archive</kind>
         <file>driverlib.lib</file>
         <name>timer.obj</name>
      </input_file>
      <input_file id="fl-e9">
         <path>E:\elec\TM4\TivaWare\driverlib\ccs\Debug\</path>
         <kind>archive</kind>
         <file>driverlib.lib</file>
         <name>uart.obj</name>
      </input_file>
      <input_file id="fl-ea">
         <path>E:\elec\TM4\TivaWare\driverlib\ccs\Debug\</path>
         <kind>archive</kind>
         <file>driverlib.lib</file>
         <name>cpu.obj</name>
      </input_file>
   </input_file_list>
   <object_component_list>
      <object_component id="oc-f">
         <name>.intvecs</name>
         <load_address>0x0</load_address>
         <run_address>0x0</run_address>
         <size>0x26c</size>
         <input_file_ref idref="fl-3"/>
      </object_component>
      <object_component id="oc-102">
         <name>.text</name>
         <load_address>0x26c</load_address>
         <run_address>0x26c</run_address>
         <size>0x8d0</size>
         <input_file_ref idref="fl-9"/>
      </object_component>
      <object_component id="oc-c6">
         <name>.text</name>
         <load_address>0xb3c</load_address>
         <run_address>0xb3c</run_address>
         <size>0x854</size>
         <input_file_ref idref="fl-10"/>
      </object_component>
      <object_component id="oc-d8">
         <name>.text</name>
         <load_address>0x1390</load_address>
         <run_address>0x1390</run_address>
         <size>0x82c</size>
         <input_file_ref idref="fl-4"/>
      </object_component>
      <object_component id="oc-ea">
         <name>.text</name>
         <load_address>0x1bbc</load_address>
         <run_address>0x1bbc</run_address>
         <size>0x4d0</size>
         <input_file_ref idref="fl-b"/>
      </object_component>
      <object_component id="oc-12a">
         <name>.text</name>
         <load_address>0x208c</load_address>
         <run_address>0x208c</run_address>
         <size>0x49c</size>
         <input_file_ref idref="fl-11"/>
      </object_component>
      <object_component id="oc-11a">
         <name>.text</name>
         <load_address>0x2528</load_address>
         <run_address>0x2528</run_address>
         <size>0x490</size>
         <input_file_ref idref="fl-6"/>
      </object_component>
      <object_component id="oc-f6">
         <name>.text</name>
         <load_address>0x29b8</load_address>
         <run_address>0x29b8</run_address>
         <size>0x450</size>
         <input_file_ref idref="fl-8"/>
      </object_component>
      <object_component id="oc-f0">
         <name>.text</name>
         <load_address>0x2e08</load_address>
         <run_address>0x2e08</run_address>
         <size>0x36c</size>
         <input_file_ref idref="fl-e"/>
      </object_component>
      <object_component id="oc-98">
         <name>.text</name>
         <load_address>0x3174</load_address>
         <run_address>0x3174</run_address>
         <size>0x2cc</size>
         <input_file_ref idref="fl-2"/>
      </object_component>
      <object_component id="oc-d2">
         <name>.text</name>
         <load_address>0x3440</load_address>
         <run_address>0x3440</run_address>
         <size>0x29c</size>
         <input_file_ref idref="fl-c"/>
      </object_component>
      <object_component id="oc-cc">
         <name>.text</name>
         <load_address>0x36dc</load_address>
         <run_address>0x36dc</run_address>
         <size>0x1ec</size>
         <input_file_ref idref="fl-a"/>
      </object_component>
      <object_component id="oc-e4">
         <name>.text</name>
         <load_address>0x38c8</load_address>
         <run_address>0x38c8</run_address>
         <size>0x1c8</size>
         <input_file_ref idref="fl-f"/>
      </object_component>
      <object_component id="oc-1e6">
         <name>.text</name>
         <load_address>0x3a90</load_address>
         <run_address>0x3a90</run_address>
         <size>0x1b6</size>
         <input_file_ref idref="fl-ce"/>
      </object_component>
      <object_component id="oc-409">
         <name>.text</name>
         <load_address>0x3c46</load_address>
         <run_address>0x3c46</run_address>
         <size>0x2</size>
         <input_file_ref idref="fl-df"/>
      </object_component>
      <object_component id="oc-274">
         <name>.text</name>
         <load_address>0x3c48</load_address>
         <run_address>0x3c48</run_address>
         <size>0x1b0</size>
         <input_file_ref idref="fl-7"/>
      </object_component>
      <object_component id="oc-3c9">
         <name>.text</name>
         <load_address>0x3df8</load_address>
         <run_address>0x3df8</run_address>
         <size>0x136</size>
         <input_file_ref idref="fl-d0"/>
      </object_component>
      <object_component id="oc-20a">
         <name>.text:GPIOPadConfigSet</name>
         <load_address>0x3f2e</load_address>
         <run_address>0x3f2e</run_address>
         <size>0x132</size>
         <input_file_ref idref="fl-e4"/>
      </object_component>
      <object_component id="oc-1ad">
         <name>.text:SysCtlClockGet</name>
         <load_address>0x4060</load_address>
         <run_address>0x4060</run_address>
         <size>0x110</size>
         <input_file_ref idref="fl-e7"/>
      </object_component>
      <object_component id="oc-120">
         <name>.text</name>
         <load_address>0x4170</load_address>
         <run_address>0x4170</run_address>
         <size>0xfc</size>
         <input_file_ref idref="fl-d1"/>
      </object_component>
      <object_component id="oc-114">
         <name>.text:SysCtlClockSet</name>
         <load_address>0x426c</load_address>
         <run_address>0x426c</run_address>
         <size>0xf4</size>
         <input_file_ref idref="fl-e7"/>
      </object_component>
      <object_component id="oc-38">
         <name>.text</name>
         <load_address>0x4360</load_address>
         <run_address>0x4360</run_address>
         <size>0x9c</size>
         <input_file_ref idref="fl-d6"/>
      </object_component>
      <object_component id="oc-3bf">
         <name>.text:__aeabi_cdcmple</name>
         <load_address>0x43fc</load_address>
         <run_address>0x43fc</run_address>
         <size>0x86</size>
         <input_file_ref idref="fl-cf"/>
      </object_component>
      <object_component id="oc-3c4">
         <name>.text:__aeabi_cdrcmple</name>
         <load_address>0x4482</load_address>
         <run_address>0x4482</run_address>
         <size>0x86</size>
         <input_file_ref idref="fl-cf"/>
      </object_component>
      <object_component id="oc-8c">
         <name>.text</name>
         <load_address>0x4508</load_address>
         <run_address>0x4508</run_address>
         <size>0x7a</size>
         <input_file_ref idref="fl-cc"/>
      </object_component>
      <object_component id="oc-125">
         <name>.text</name>
         <load_address>0x4582</load_address>
         <run_address>0x4582</run_address>
         <size>0x6e</size>
         <input_file_ref idref="fl-d3"/>
      </object_component>
      <object_component id="oc-299">
         <name>.text:IntDisable</name>
         <load_address>0x45f0</load_address>
         <run_address>0x45f0</run_address>
         <size>0x68</size>
         <input_file_ref idref="fl-e5"/>
      </object_component>
      <object_component id="oc-1f6">
         <name>.text:IntEnable</name>
         <load_address>0x4658</load_address>
         <run_address>0x4658</run_address>
         <size>0x68</size>
         <input_file_ref idref="fl-e5"/>
      </object_component>
      <object_component id="oc-12">
         <name>.text:decompress:lzss:__TI_decompress_lzss</name>
         <load_address>0x46c0</load_address>
         <run_address>0x46c0</run_address>
         <size>0x68</size>
         <input_file_ref idref="fl-da"/>
      </object_component>
      <object_component id="oc-28d">
         <name>.text:TimerConfigure</name>
         <load_address>0x4728</load_address>
         <run_address>0x4728</run_address>
         <size>0x60</size>
         <input_file_ref idref="fl-e8"/>
      </object_component>
      <object_component id="oc-269">
         <name>.text:GPIOIntTypeSet</name>
         <load_address>0x4788</load_address>
         <run_address>0x4788</run_address>
         <size>0x56</size>
         <input_file_ref idref="fl-e4"/>
      </object_component>
      <object_component id="oc-1cc">
         <name>.text:GPIOPinConfigure</name>
         <load_address>0x47e0</load_address>
         <run_address>0x47e0</run_address>
         <size>0x48</size>
         <input_file_ref idref="fl-e4"/>
      </object_component>
      <object_component id="oc-30e">
         <name>.text</name>
         <load_address>0x4828</load_address>
         <run_address>0x4828</run_address>
         <size>0x48</size>
         <input_file_ref idref="fl-d2"/>
      </object_component>
      <object_component id="oc-1f0">
         <name>.text:UARTConfigSetExpClk</name>
         <load_address>0x4870</load_address>
         <run_address>0x4870</run_address>
         <size>0x46</size>
         <input_file_ref idref="fl-e9"/>
      </object_component>
      <object_component id="oc-157">
         <name>.text:__TI_auto_init_nobinit_nopinit:__TI_auto_init_nobinit_nopinit</name>
         <load_address>0x48b8</load_address>
         <run_address>0x48b8</run_address>
         <size>0x44</size>
         <input_file_ref idref="fl-e0"/>
      </object_component>
      <object_component id="oc-de">
         <name>.text</name>
         <load_address>0x48fc</load_address>
         <run_address>0x48fc</run_address>
         <size>0x40</size>
         <input_file_ref idref="fl-d"/>
      </object_component>
      <object_component id="oc-337">
         <name>.text</name>
         <load_address>0x493c</load_address>
         <run_address>0x493c</run_address>
         <size>0x40</size>
         <input_file_ref idref="fl-cd"/>
      </object_component>
      <object_component id="oc-316">
         <name>.text:SysCtlPeripheralPresent</name>
         <load_address>0x497c</load_address>
         <run_address>0x497c</run_address>
         <size>0x38</size>
         <input_file_ref idref="fl-e7"/>
      </object_component>
      <object_component id="oc-1c6">
         <name>.text:SysCtlPeripheralReady</name>
         <load_address>0x49b4</load_address>
         <run_address>0x49b4</run_address>
         <size>0x38</size>
         <input_file_ref idref="fl-e7"/>
      </object_component>
      <object_component id="oc-56">
         <name>.text:_c_int00_noargs:_c_int00_noargs</name>
         <load_address>0x49ec</load_address>
         <run_address>0x49ec</run_address>
         <size>0x38</size>
         <input_file_ref idref="fl-db"/>
      </object_component>
      <object_component id="oc-1e1">
         <name>.text</name>
         <load_address>0x4a24</load_address>
         <run_address>0x4a24</run_address>
         <size>0x38</size>
         <input_file_ref idref="fl-d4"/>
      </object_component>
      <object_component id="oc-1c0">
         <name>.text:SysCtlPeripheralEnable</name>
         <load_address>0x4a5c</load_address>
         <run_address>0x4a5c</run_address>
         <size>0x34</size>
         <input_file_ref idref="fl-e7"/>
      </object_component>
      <object_component id="oc-309">
         <name>.text</name>
         <load_address>0x4a90</load_address>
         <run_address>0x4a90</run_address>
         <size>0x2e</size>
         <input_file_ref idref="fl-d5"/>
      </object_component>
      <object_component id="oc-388">
         <name>.text:GPIODirModeSet</name>
         <load_address>0x4abe</load_address>
         <run_address>0x4abe</run_address>
         <size>0x2a</size>
         <input_file_ref idref="fl-e4"/>
      </object_component>
      <object_component id="oc-216">
         <name>.text:PWMGenConfigure</name>
         <load_address>0x4ae8</load_address>
         <run_address>0x4ae8</run_address>
         <size>0x22</size>
         <input_file_ref idref="fl-e6"/>
      </object_component>
      <object_component id="oc-396">
         <name>.text:UARTDisable</name>
         <load_address>0x4b0c</load_address>
         <run_address>0x4b0c</run_address>
         <size>0x20</size>
         <input_file_ref idref="fl-e9"/>
      </object_component>
      <object_component id="oc-26f">
         <name>.text</name>
         <load_address>0x4b2c</load_address>
         <run_address>0x4b2c</run_address>
         <size>0x20</size>
         <input_file_ref idref="fl-d7"/>
      </object_component>
      <object_component id="oc-222">
         <name>.text:PWMPulseWidthSet</name>
         <load_address>0x4b4c</load_address>
         <run_address>0x4b4c</run_address>
         <size>0x1e</size>
         <input_file_ref idref="fl-e6"/>
      </object_component>
      <object_component id="oc-244">
         <name>.text:GPIOPinTypeGPIOOutput</name>
         <load_address>0x4b6a</load_address>
         <run_address>0x4b6a</run_address>
         <size>0x18</size>
         <input_file_ref idref="fl-e4"/>
      </object_component>
      <object_component id="oc-210">
         <name>.text:SysCtlPWMClockSet</name>
         <load_address>0x4b84</load_address>
         <run_address>0x4b84</run_address>
         <size>0x14</size>
         <input_file_ref idref="fl-e7"/>
      </object_component>
      <object_component id="oc-31c">
         <name>.text:UARTEnable</name>
         <load_address>0x4b98</load_address>
         <run_address>0x4b98</run_address>
         <size>0x14</size>
         <input_file_ref idref="fl-e9"/>
      </object_component>
      <object_component id="oc-27a">
         <name>.text:GPIOPinTypeGPIOInput</name>
         <load_address>0x4bac</load_address>
         <run_address>0x4bac</run_address>
         <size>0x12</size>
         <input_file_ref idref="fl-e4"/>
      </object_component>
      <object_component id="oc-204">
         <name>.text:GPIOPinTypePWM</name>
         <load_address>0x4bbe</load_address>
         <run_address>0x4bbe</run_address>
         <size>0x12</size>
         <input_file_ref idref="fl-e4"/>
      </object_component>
      <object_component id="oc-1d2">
         <name>.text:GPIOPinTypeUART</name>
         <load_address>0x4bd0</load_address>
         <run_address>0x4bd0</run_address>
         <size>0x12</size>
         <input_file_ref idref="fl-e4"/>
      </object_component>
      <object_component id="oc-22e">
         <name>.text:PWMOutputState</name>
         <load_address>0x4be2</load_address>
         <run_address>0x4be2</run_address>
         <size>0x12</size>
         <input_file_ref idref="fl-e6"/>
      </object_component>
      <object_component id="oc-293">
         <name>.text:TimerLoadSet</name>
         <load_address>0x4bf4</load_address>
         <run_address>0x4bf4</run_address>
         <size>0x12</size>
         <input_file_ref idref="fl-e8"/>
      </object_component>
      <object_component id="oc-44">
         <name>.text:decompress:ZI:__TI_zero_init_nomemset:__TI_zero_init_nomemset</name>
         <load_address>0x4c06</load_address>
         <run_address>0x4c06</run_address>
         <size>0x12</size>
         <input_file_ref idref="fl-d8"/>
      </object_component>
      <object_component id="oc-108">
         <name>.text:FPUEnable</name>
         <load_address>0x4c18</load_address>
         <run_address>0x4c18</run_address>
         <size>0x10</size>
         <input_file_ref idref="fl-e3"/>
      </object_component>
      <object_component id="oc-10e">
         <name>.text:FPULazyStackingEnable</name>
         <load_address>0x4c28</load_address>
         <run_address>0x4c28</run_address>
         <size>0x10</size>
         <input_file_ref idref="fl-e3"/>
      </object_component>
      <object_component id="oc-fc">
         <name>.text:IntMasterEnable</name>
         <load_address>0x4c38</load_address>
         <run_address>0x4c38</run_address>
         <size>0x10</size>
         <input_file_ref idref="fl-e5"/>
      </object_component>
      <object_component id="oc-228">
         <name>.text:PWMDeadBandEnable</name>
         <load_address>0x4c48</load_address>
         <run_address>0x4c48</run_address>
         <size>0x10</size>
         <input_file_ref idref="fl-e6"/>
      </object_component>
      <object_component id="oc-21c">
         <name>.text:PWMGenPeriodSet</name>
         <load_address>0x4c58</load_address>
         <run_address>0x4c58</run_address>
         <size>0x10</size>
         <input_file_ref idref="fl-e6"/>
      </object_component>
      <object_component id="oc-2c7">
         <name>.text:GPIOIntDisable</name>
         <load_address>0x4c68</load_address>
         <run_address>0x4c68</run_address>
         <size>0xe</size>
         <input_file_ref idref="fl-e4"/>
      </object_component>
      <object_component id="oc-257">
         <name>.text:GPIOIntStatus</name>
         <load_address>0x4c76</load_address>
         <run_address>0x4c76</run_address>
         <size>0xe</size>
         <input_file_ref idref="fl-e4"/>
      </object_component>
      <object_component id="oc-29f">
         <name>.text:TimerEnable</name>
         <load_address>0x4c84</load_address>
         <run_address>0x4c84</run_address>
         <size>0xe</size>
         <input_file_ref idref="fl-e8"/>
      </object_component>
      <object_component id="oc-1a1">
         <name>.text:UARTCharGetNonBlocking</name>
         <load_address>0x4c92</load_address>
         <run_address>0x4c92</run_address>
         <size>0xe</size>
         <input_file_ref idref="fl-e9"/>
      </object_component>
      <object_component id="oc-1ba">
         <name>.text:UARTCharPutNonBlocking</name>
         <load_address>0x4ca0</load_address>
         <run_address>0x4ca0</run_address>
         <size>0xe</size>
         <input_file_ref idref="fl-e9"/>
      </object_component>
      <object_component id="oc-1b4">
         <name>.text:UARTCharsAvail</name>
         <load_address>0x4cae</load_address>
         <run_address>0x4cae</run_address>
         <size>0xe</size>
         <input_file_ref idref="fl-e9"/>
      </object_component>
      <object_component id="oc-18">
         <name>.text:decompress:none:__TI_decompress_none</name>
         <load_address>0x4cbc</load_address>
         <run_address>0x4cbc</run_address>
         <size>0xe</size>
         <input_file_ref idref="fl-d9"/>
      </object_component>
      <object_component id="oc-2f3">
         <name>.text:CPUcpsie</name>
         <load_address>0x4cca</load_address>
         <run_address>0x4cca</run_address>
         <size>0xc</size>
         <input_file_ref idref="fl-ea"/>
      </object_component>
      <object_component id="oc-280">
         <name>.text:GPIOIntEnable</name>
         <load_address>0x4cd6</load_address>
         <run_address>0x4cd6</run_address>
         <size>0xc</size>
         <input_file_ref idref="fl-e4"/>
      </object_component>
      <object_component id="oc-234">
         <name>.text:PWMGenDisable</name>
         <load_address>0x4ce2</load_address>
         <run_address>0x4ce2</run_address>
         <size>0xc</size>
         <input_file_ref idref="fl-e6"/>
      </object_component>
      <object_component id="oc-23a">
         <name>.text:PWMGenEnable</name>
         <load_address>0x4cee</load_address>
         <run_address>0x4cee</run_address>
         <size>0xc</size>
         <input_file_ref idref="fl-e6"/>
      </object_component>
      <object_component id="oc-24">
         <name>.text</name>
         <load_address>0x4cfa</load_address>
         <run_address>0x4cfa</run_address>
         <size>0xc</size>
         <input_file_ref idref="fl-3"/>
      </object_component>
      <object_component id="oc-2c0">
         <name>.text:TimerIntDisable</name>
         <load_address>0x4d06</load_address>
         <run_address>0x4d06</run_address>
         <size>0xa</size>
         <input_file_ref idref="fl-e8"/>
      </object_component>
      <object_component id="oc-2a5">
         <name>.text:TimerIntStatus</name>
         <load_address>0x4d10</load_address>
         <run_address>0x4d10</run_address>
         <size>0xa</size>
         <input_file_ref idref="fl-e8"/>
      </object_component>
      <object_component id="oc-263">
         <name>.text:TimerValueGet</name>
         <load_address>0x4d1a</load_address>
         <run_address>0x4d1a</run_address>
         <size>0xa</size>
         <input_file_ref idref="fl-e8"/>
      </object_component>
      <object_component id="oc-328">
         <name>.text:UARTCharGet</name>
         <load_address>0x4d24</load_address>
         <run_address>0x4d24</run_address>
         <size>0xa</size>
         <input_file_ref idref="fl-e9"/>
      </object_component>
      <object_component id="oc-322">
         <name>.text:UARTCharPut</name>
         <load_address>0x4d2e</load_address>
         <run_address>0x4d2e</run_address>
         <size>0xa</size>
         <input_file_ref idref="fl-e9"/>
      </object_component>
      <object_component id="oc-2d2">
         <name>.text:UARTFIFOEnable</name>
         <load_address>0x4d38</load_address>
         <run_address>0x4d38</run_address>
         <size>0xa</size>
         <input_file_ref idref="fl-e9"/>
      </object_component>
      <object_component id="oc-195">
         <name>.text:UARTIntStatus</name>
         <load_address>0x4d42</load_address>
         <run_address>0x4d42</run_address>
         <size>0xa</size>
         <input_file_ref idref="fl-e9"/>
      </object_component>
      <object_component id="oc-2b7">
         <name>.text:TimerIntEnable</name>
         <load_address>0x4d4c</load_address>
         <run_address>0x4d4c</run_address>
         <size>0x8</size>
         <input_file_ref idref="fl-e8"/>
      </object_component>
      <object_component id="oc-1fc">
         <name>.text:UARTIntEnable</name>
         <load_address>0x4d54</load_address>
         <run_address>0x4d54</run_address>
         <size>0x8</size>
         <input_file_ref idref="fl-e9"/>
      </object_component>
      <object_component id="oc-25d">
         <name>.text:GPIOIntClear</name>
         <load_address>0x4d5c</load_address>
         <run_address>0x4d5c</run_address>
         <size>0x6</size>
         <input_file_ref idref="fl-e4"/>
      </object_component>
      <object_component id="oc-2b1">
         <name>.text:GPIOPinRead</name>
         <load_address>0x4d62</load_address>
         <run_address>0x4d62</run_address>
         <size>0x6</size>
         <input_file_ref idref="fl-e4"/>
      </object_component>
      <object_component id="oc-1a7">
         <name>.text:GPIOPinWrite</name>
         <load_address>0x4d68</load_address>
         <run_address>0x4d68</run_address>
         <size>0x6</size>
         <input_file_ref idref="fl-e4"/>
      </object_component>
      <object_component id="oc-1b3">
         <name>.text:SysCtlDelay</name>
         <load_address>0x4d6e</load_address>
         <run_address>0x4d6e</run_address>
         <size>0x6</size>
         <input_file_ref idref="fl-e7"/>
      </object_component>
      <object_component id="oc-1d8">
         <name>.text:UARTClockSourceSet</name>
         <load_address>0x4d74</load_address>
         <run_address>0x4d74</run_address>
         <size>0x6</size>
         <input_file_ref idref="fl-e9"/>
      </object_component>
      <object_component id="oc-2d8">
         <name>.text:UARTFIFOLevelSet</name>
         <load_address>0x4d7a</load_address>
         <run_address>0x4d7a</run_address>
         <size>0x6</size>
         <input_file_ref idref="fl-e9"/>
      </object_component>
      <object_component id="oc-2ab">
         <name>.text:TimerIntClear</name>
         <load_address>0x4d80</load_address>
         <run_address>0x4d80</run_address>
         <size>0x4</size>
         <input_file_ref idref="fl-e8"/>
      </object_component>
      <object_component id="oc-19b">
         <name>.text:UARTIntClear</name>
         <load_address>0x4d84</load_address>
         <run_address>0x4d84</run_address>
         <size>0x4</size>
         <input_file_ref idref="fl-e9"/>
      </object_component>
      <object_component id="oc-92">
         <name>.text:_system_pre_init</name>
         <load_address>0x4d88</load_address>
         <run_address>0x4d88</run_address>
         <size>0x4</size>
         <input_file_ref idref="fl-e1"/>
      </object_component>
      <object_component id="oc-14b">
         <name>.text:abort:abort</name>
         <load_address>0x4d8c</load_address>
         <run_address>0x4d8c</run_address>
         <size>0x4</size>
         <input_file_ref idref="fl-dc"/>
      </object_component>
      <object_component id="oc-24b">
         <name>.const:.string:F8X16</name>
         <load_address>0x4d90</load_address>
         <run_address>0x4d90</run_address>
         <size>0x5f0</size>
         <input_file_ref idref="fl-4"/>
      </object_component>
      <object_component id="oc-24e">
         <name>.const:F6x8</name>
         <load_address>0x5380</load_address>
         <run_address>0x5380</run_address>
         <size>0x228</size>
         <input_file_ref idref="fl-4"/>
      </object_component>
      <object_component id="oc-384">
         <name>.const:g_pui32GPIOBaseAddrs</name>
         <load_address>0x55a8</load_address>
         <run_address>0x55a8</run_address>
         <size>0x90</size>
         <input_file_ref idref="fl-e4"/>
      </object_component>
      <object_component id="oc-39d">
         <name>.const</name>
         <load_address>0x5638</load_address>
         <run_address>0x5638</run_address>
         <size>0x70</size>
         <input_file_ref idref="fl-e5"/>
      </object_component>
      <object_component id="oc-37c">
         <name>.const:g_pui32Xtals</name>
         <load_address>0x56a8</load_address>
         <run_address>0x56a8</run_address>
         <size>0x6c</size>
         <input_file_ref idref="fl-e7"/>
      </object_component>
      <object_component id="oc-33c">
         <name>.const</name>
         <load_address>0x5714</load_address>
         <run_address>0x5714</run_address>
         <size>0x4</size>
         <input_file_ref idref="fl-11"/>
      </object_component>
      <object_component id="oc-287">
         <name>.const:$P$T0$3</name>
         <load_address>0x5718</load_address>
         <run_address>0x5718</run_address>
         <size>0x58</size>
         <input_file_ref idref="fl-f"/>
      </object_component>
      <object_component id="oc-40f">
         <name>.const:.string</name>
         <load_address>0x5770</load_address>
         <run_address>0x5770</run_address>
         <size>0x12</size>
         <input_file_ref idref="fl-11"/>
      </object_component>
      <object_component id="oc-334">
         <name>.const:g_ui32UARTBase</name>
         <load_address>0x5784</load_address>
         <run_address>0x5784</run_address>
         <size>0xc</size>
         <input_file_ref idref="fl-11"/>
      </object_component>
      <object_component id="oc-32e">
         <name>.const:g_ui32UARTPeriph</name>
         <load_address>0x5790</load_address>
         <run_address>0x5790</run_address>
         <size>0xc</size>
         <input_file_ref idref="fl-11"/>
      </object_component>
      <object_component id="oc-485">
         <name>.cinit..data.load</name>
         <load_address>0x57a0</load_address>
         <run_address>0x57a0</run_address>
         <size>0x124</size>
      </object_component>
      <object_component id="oc-483">
         <name>__TI_handler_table</name>
         <load_address>0x58c4</load_address>
         <run_address>0x58c4</run_address>
         <size>0xc</size>
      </object_component>
      <object_component id="oc-486">
         <name>.cinit..bss.load</name>
         <load_address>0x58d0</load_address>
         <run_address>0x58d0</run_address>
         <size>0x8</size>
      </object_component>
      <object_component id="oc-484">
         <name>__TI_cinit_table</name>
         <load_address>0x58d8</load_address>
         <run_address>0x58d8</run_address>
         <size>0x10</size>
      </object_component>
      <object_component id="oc-140">
         <name>.data</name>
         <load_address>0x200001e2</load_address>
         <run_address>0x200001e2</run_address>
         <size>0x1</size>
         <input_file_ref idref="fl-2"/>
      </object_component>
      <object_component id="oc-251">
         <name>.data:Hzk</name>
         <load_address>0x20000000</load_address>
         <run_address>0x20000000</run_address>
         <size>0x180</size>
         <input_file_ref idref="fl-4"/>
      </object_component>
      <object_component id="oc-133">
         <name>.data</name>
         <load_address>0x20000208</load_address>
         <run_address>0x20000208</run_address>
         <size>0x18</size>
         <input_file_ref idref="fl-6"/>
      </object_component>
      <object_component id="oc-2e7">
         <name>.data</name>
         <load_address>0x20000254</load_address>
         <run_address>0x20000254</run_address>
         <size>0x7</size>
         <input_file_ref idref="fl-8"/>
      </object_component>
      <object_component id="oc-2de">
         <name>.data:Rx_Buffer_attitude</name>
         <load_address>0x200001ba</load_address>
         <run_address>0x200001ba</run_address>
         <size>0x28</size>
         <input_file_ref idref="fl-8"/>
      </object_component>
      <object_component id="oc-2eb">
         <name>.data:Rx_Buffer_height</name>
         <load_address>0x20000220</load_address>
         <run_address>0x20000220</run_address>
         <size>0x14</size>
         <input_file_ref idref="fl-8"/>
      </object_component>
      <object_component id="oc-136">
         <name>.data</name>
         <load_address>0x20000180</load_address>
         <run_address>0x20000180</run_address>
         <size>0x3a</size>
         <input_file_ref idref="fl-9"/>
      </object_component>
      <object_component id="oc-240">
         <name>.data</name>
         <load_address>0x20000234</load_address>
         <run_address>0x20000234</run_address>
         <size>0xa</size>
         <input_file_ref idref="fl-a"/>
      </object_component>
      <object_component id="oc-1ec">
         <name>.data</name>
         <load_address>0x200001e4</load_address>
         <run_address>0x200001e4</run_address>
         <size>0x23</size>
         <input_file_ref idref="fl-b"/>
      </object_component>
      <object_component id="oc-147">
         <name>.data</name>
         <load_address>0x2000025c</load_address>
         <run_address>0x2000025c</run_address>
         <size>0x7</size>
         <input_file_ref idref="fl-e"/>
      </object_component>
      <object_component id="oc-130">
         <name>.data</name>
         <load_address>0x20000240</load_address>
         <run_address>0x20000240</run_address>
         <size>0xa</size>
         <input_file_ref idref="fl-f"/>
      </object_component>
      <object_component id="oc-286">
         <name>.data:ui32Time$1</name>
         <load_address>0x2000024c</load_address>
         <run_address>0x2000024c</run_address>
         <size>0x8</size>
         <input_file_ref idref="fl-f"/>
      </object_component>
      <object_component id="oc-139">
         <name>.data</name>
         <load_address>0x20000269</load_address>
         <run_address>0x20000269</run_address>
         <size>0x4</size>
         <input_file_ref idref="fl-10"/>
      </object_component>
      <object_component id="oc-331">
         <name>.data</name>
         <load_address>0x20000264</load_address>
         <run_address>0x20000264</run_address>
         <size>0x5</size>
         <input_file_ref idref="fl-11"/>
      </object_component>
      <object_component id="oc-2e1">
         <name>.bss</name>
         <uninitialized>true</uninitialized>
         <run_address>0x200004a0</run_address>
         <size>0x1d</size>
         <input_file_ref idref="fl-8"/>
      </object_component>
      <object_component id="oc-2bd">
         <name>.common:KeyPress0</name>
         <uninitialized>true</uninitialized>
         <run_address>0x200004bd</run_address>
         <size>0x1</size>
      </object_component>
      <object_component id="oc-2f0">
         <name>.common:RealAttitude_roll</name>
         <uninitialized>true</uninitialized>
         <run_address>0x200005a0</run_address>
         <size>0x2</size>
      </object_component>
      <object_component id="oc-2ef">
         <name>.common:RealAttitude_pitch</name>
         <uninitialized>true</uninitialized>
         <run_address>0x200004be</run_address>
         <size>0x2</size>
      </object_component>
      <object_component id="oc-2f1">
         <name>.common:RealAttitude_yaw</name>
         <uninitialized>true</uninitialized>
         <run_address>0x200005a2</run_address>
         <size>0x2</size>
      </object_component>
      <object_component id="oc-143">
         <name>.common:Real_XCoordinate</name>
         <uninitialized>true</uninitialized>
         <run_address>0x200005a4</run_address>
         <size>0x2</size>
      </object_component>
      <object_component id="oc-146">
         <name>.common:Real_YCoordinate</name>
         <uninitialized>true</uninitialized>
         <run_address>0x200005a6</run_address>
         <size>0x2</size>
      </object_component>
      <object_component id="oc-2ea">
         <name>.common:rx_buffer</name>
         <uninitialized>true</uninitialized>
         <run_address>0x200005a8</run_address>
         <size>0x1</size>
      </object_component>
      <object_component id="oc-2e4">
         <name>.common:Source_attitude_payload</name>
         <uninitialized>true</uninitialized>
         <run_address>0x20000470</run_address>
         <size>0x30</size>
      </object_component>
      <object_component id="oc-2ee">
         <name>.common:Source_Rangefinder_payload</name>
         <uninitialized>true</uninitialized>
         <run_address>0x20000588</run_address>
         <size>0x8</size>
      </object_component>
      <object_component id="oc-2fe">
         <name>.common:Distance_old</name>
         <uninitialized>true</uninitialized>
         <run_address>0x20000590</run_address>
         <size>0x4</size>
      </object_component>
      <object_component id="oc-13c">
         <name>.common:PID_X</name>
         <uninitialized>true</uninitialized>
         <run_address>0x20000530</run_address>
         <size>0x1c</size>
      </object_component>
      <object_component id="oc-13f">
         <name>.common:PID_Y</name>
         <uninitialized>true</uninitialized>
         <run_address>0x2000054c</run_address>
         <size>0x1c</size>
      </object_component>
      <object_component id="oc-2fc">
         <name>.common:PID_H</name>
         <uninitialized>true</uninitialized>
         <run_address>0x20000514</run_address>
         <size>0x1c</size>
      </object_component>
      <object_component id="oc-2fa">
         <name>.common:PID_Data_X</name>
         <uninitialized>true</uninitialized>
         <run_address>0x200004dc</run_address>
         <size>0x1c</size>
      </object_component>
      <object_component id="oc-2fb">
         <name>.common:PID_Data_Y</name>
         <uninitialized>true</uninitialized>
         <run_address>0x200004f8</run_address>
         <size>0x1c</size>
      </object_component>
      <object_component id="oc-2fd">
         <name>.common:PID_Data_H</name>
         <uninitialized>true</uninitialized>
         <run_address>0x200004c0</run_address>
         <size>0x1c</size>
      </object_component>
      <object_component id="oc-2cd">
         <name>.common:ReadPin0</name>
         <uninitialized>true</uninitialized>
         <run_address>0x20000598</run_address>
         <size>0x4</size>
      </object_component>
      <object_component id="oc-2d0">
         <name>.common:ReadPin4</name>
         <uninitialized>true</uninitialized>
         <run_address>0x2000059c</run_address>
         <size>0x4</size>
      </object_component>
      <object_component id="oc-1de">
         <name>.common:ReciveData_UART0</name>
         <uninitialized>true</uninitialized>
         <run_address>0x20000568</run_address>
         <size>0x10</size>
      </object_component>
      <object_component id="oc-1ef">
         <name>.common:Para_Compared</name>
         <uninitialized>true</uninitialized>
         <run_address>0x20000594</run_address>
         <size>0x4</size>
      </object_component>
      <object_component id="oc-1eb">
         <name>.common:ReciveData_UART1</name>
         <uninitialized>true</uninitialized>
         <run_address>0x20000578</run_address>
         <size>0x10</size>
      </object_component>
      <object_component id="oc-202">
         <name>.common:temp</name>
         <uninitialized>true</uninitialized>
         <run_address>0x200005a9</run_address>
         <size>0x1</size>
      </object_component>
      <object_component id="oc-21">
         <name>.stack</name>
         <uninitialized>true</uninitialized>
         <run_address>0x20000270</run_address>
         <size>0x4</size>
         <input_file_ref idref="fl-db"/>
      </object_component>
      <object_component id="oc-487">
         <name>.stack</name>
         <uninitialized>true</uninitialized>
         <run_address>0x20000270</run_address>
         <size>0x0</size>
      </object_component>
      <object_component id="oc-b4">
         <name>.debug_info</name>
         <load_address>0x0</load_address>
         <run_address>0x0</run_address>
         <size>0xa49</size>
         <input_file_ref idref="fl-2"/>
      </object_component>
      <object_component id="oc-141">
         <name>.debug_info</name>
         <load_address>0xa49</load_address>
         <run_address>0xa49</run_address>
         <size>0xbe</size>
         <input_file_ref idref="fl-2"/>
      </object_component>
      <object_component id="oc-99">
         <name>.debug_info</name>
         <load_address>0xb07</load_address>
         <run_address>0xb07</run_address>
         <size>0x43e</size>
         <input_file_ref idref="fl-2"/>
      </object_component>
      <object_component id="oc-190">
         <name>.debug_info</name>
         <load_address>0xf45</load_address>
         <run_address>0xf45</run_address>
         <size>0x165</size>
         <input_file_ref idref="fl-2"/>
      </object_component>
      <object_component id="oc-6d">
         <name>.debug_info</name>
         <load_address>0x10aa</load_address>
         <run_address>0x10aa</run_address>
         <size>0x26b</size>
         <input_file_ref idref="fl-2"/>
      </object_component>
      <object_component id="oc-18b">
         <name>.debug_info</name>
         <load_address>0x1315</load_address>
         <run_address>0x1315</run_address>
         <size>0x6bd</size>
         <input_file_ref idref="fl-2"/>
      </object_component>
      <object_component id="oc-3ec">
         <name>.debug_info</name>
         <load_address>0x19d2</load_address>
         <run_address>0x19d2</run_address>
         <size>0xf5</size>
         <input_file_ref idref="fl-2"/>
      </object_component>
      <object_component id="oc-af">
         <name>.debug_info</name>
         <load_address>0x1ac7</load_address>
         <run_address>0x1ac7</run_address>
         <size>0x8b</size>
         <input_file_ref idref="fl-2"/>
      </object_component>
      <object_component id="oc-aa">
         <name>.debug_info</name>
         <load_address>0x1b52</load_address>
         <run_address>0x1b52</run_address>
         <size>0x297</size>
         <input_file_ref idref="fl-2"/>
      </object_component>
      <object_component id="oc-72">
         <name>.debug_info</name>
         <load_address>0x1de9</load_address>
         <run_address>0x1de9</run_address>
         <size>0xbb</size>
         <input_file_ref idref="fl-2"/>
      </object_component>
      <object_component id="oc-341">
         <name>.debug_info</name>
         <load_address>0x1ea4</load_address>
         <run_address>0x1ea4</run_address>
         <size>0x2c</size>
         <input_file_ref idref="fl-2"/>
      </object_component>
      <object_component id="oc-2c">
         <name>.debug_info</name>
         <load_address>0x1ed0</load_address>
         <run_address>0x1ed0</run_address>
         <size>0x2a1</size>
         <input_file_ref idref="fl-3"/>
      </object_component>
      <object_component id="oc-10">
         <name>.debug_info</name>
         <load_address>0x2171</load_address>
         <run_address>0x2171</run_address>
         <size>0xe0</size>
         <input_file_ref idref="fl-3"/>
      </object_component>
      <object_component id="oc-25">
         <name>.debug_info</name>
         <load_address>0x2251</load_address>
         <run_address>0x2251</run_address>
         <size>0x25c</size>
         <input_file_ref idref="fl-3"/>
      </object_component>
      <object_component id="oc-33">
         <name>.debug_info</name>
         <load_address>0x24ad</load_address>
         <run_address>0x24ad</run_address>
         <size>0x84</size>
         <input_file_ref idref="fl-3"/>
      </object_component>
      <object_component id="oc-255">
         <name>.debug_info</name>
         <load_address>0x2531</load_address>
         <run_address>0x2531</run_address>
         <size>0x366</size>
         <input_file_ref idref="fl-4"/>
      </object_component>
      <object_component id="oc-24f">
         <name>.debug_info</name>
         <load_address>0x2897</load_address>
         <run_address>0x2897</run_address>
         <size>0xc6</size>
         <input_file_ref idref="fl-4"/>
      </object_component>
      <object_component id="oc-24c">
         <name>.debug_info</name>
         <load_address>0x295d</load_address>
         <run_address>0x295d</run_address>
         <size>0xc8</size>
         <input_file_ref idref="fl-4"/>
      </object_component>
      <object_component id="oc-252">
         <name>.debug_info</name>
         <load_address>0x2a25</load_address>
         <run_address>0x2a25</run_address>
         <size>0xc4</size>
         <input_file_ref idref="fl-4"/>
      </object_component>
      <object_component id="oc-d9">
         <name>.debug_info</name>
         <load_address>0x2ae9</load_address>
         <run_address>0x2ae9</run_address>
         <size>0x1517</size>
         <input_file_ref idref="fl-4"/>
      </object_component>
      <object_component id="oc-144">
         <name>.debug_info</name>
         <load_address>0x4000</load_address>
         <run_address>0x4000</run_address>
         <size>0x788</size>
         <input_file_ref idref="fl-6"/>
      </object_component>
      <object_component id="oc-134">
         <name>.debug_info</name>
         <load_address>0x4788</load_address>
         <run_address>0x4788</run_address>
         <size>0x277</size>
         <input_file_ref idref="fl-6"/>
      </object_component>
      <object_component id="oc-11c">
         <name>.debug_info</name>
         <load_address>0x49ff</load_address>
         <run_address>0x49ff</run_address>
         <size>0x9f9</size>
         <input_file_ref idref="fl-6"/>
      </object_component>
      <object_component id="oc-3cf">
         <name>.debug_info</name>
         <load_address>0x53f8</load_address>
         <run_address>0x53f8</run_address>
         <size>0x481</size>
         <input_file_ref idref="fl-7"/>
      </object_component>
      <object_component id="oc-276">
         <name>.debug_info</name>
         <load_address>0x5879</load_address>
         <run_address>0x5879</run_address>
         <size>0x3bf</size>
         <input_file_ref idref="fl-7"/>
      </object_component>
      <object_component id="oc-2e5">
         <name>.debug_info</name>
         <load_address>0x5c38</load_address>
         <run_address>0x5c38</run_address>
         <size>0x8e4</size>
         <input_file_ref idref="fl-8"/>
      </object_component>
      <object_component id="oc-2e8">
         <name>.debug_info</name>
         <load_address>0x651c</load_address>
         <run_address>0x651c</run_address>
         <size>0x1ae</size>
         <input_file_ref idref="fl-8"/>
      </object_component>
      <object_component id="oc-2df">
         <name>.debug_info</name>
         <load_address>0x66ca</load_address>
         <run_address>0x66ca</run_address>
         <size>0xef</size>
         <input_file_ref idref="fl-8"/>
      </object_component>
      <object_component id="oc-2ec">
         <name>.debug_info</name>
         <load_address>0x67b9</load_address>
         <run_address>0x67b9</run_address>
         <size>0xeb</size>
         <input_file_ref idref="fl-8"/>
      </object_component>
      <object_component id="oc-2e2">
         <name>.debug_info</name>
         <load_address>0x68a4</load_address>
         <run_address>0x68a4</run_address>
         <size>0x1d9</size>
         <input_file_ref idref="fl-8"/>
      </object_component>
      <object_component id="oc-f7">
         <name>.debug_info</name>
         <load_address>0x6a7d</load_address>
         <run_address>0x6a7d</run_address>
         <size>0x7a2</size>
         <input_file_ref idref="fl-8"/>
      </object_component>
      <object_component id="oc-bd">
         <name>.debug_info</name>
         <load_address>0x721f</load_address>
         <run_address>0x721f</run_address>
         <size>0x2c</size>
         <input_file_ref idref="fl-8"/>
      </object_component>
      <object_component id="oc-13d">
         <name>.debug_info</name>
         <load_address>0x724b</load_address>
         <run_address>0x724b</run_address>
         <size>0x893</size>
         <input_file_ref idref="fl-9"/>
      </object_component>
      <object_component id="oc-137">
         <name>.debug_info</name>
         <load_address>0x7ade</load_address>
         <run_address>0x7ade</run_address>
         <size>0x33c</size>
         <input_file_ref idref="fl-9"/>
      </object_component>
      <object_component id="oc-103">
         <name>.debug_info</name>
         <load_address>0x7e1a</load_address>
         <run_address>0x7e1a</run_address>
         <size>0x323</size>
         <input_file_ref idref="fl-9"/>
      </object_component>
      <object_component id="oc-241">
         <name>.debug_info</name>
         <load_address>0x813d</load_address>
         <run_address>0x813d</run_address>
         <size>0x173</size>
         <input_file_ref idref="fl-a"/>
      </object_component>
      <object_component id="oc-cd">
         <name>.debug_info</name>
         <load_address>0x82b0</load_address>
         <run_address>0x82b0</run_address>
         <size>0x562</size>
         <input_file_ref idref="fl-a"/>
      </object_component>
      <object_component id="oc-2be">
         <name>.debug_info</name>
         <load_address>0x8812</load_address>
         <run_address>0x8812</run_address>
         <size>0x8a9</size>
         <input_file_ref idref="fl-b"/>
      </object_component>
      <object_component id="oc-1ed">
         <name>.debug_info</name>
         <load_address>0x90bb</load_address>
         <run_address>0x90bb</run_address>
         <size>0x3ad</size>
         <input_file_ref idref="fl-b"/>
      </object_component>
      <object_component id="oc-eb">
         <name>.debug_info</name>
         <load_address>0x9468</load_address>
         <run_address>0x9468</run_address>
         <size>0x764</size>
         <input_file_ref idref="fl-b"/>
      </object_component>
      <object_component id="oc-d3">
         <name>.debug_info</name>
         <load_address>0x9bcc</load_address>
         <run_address>0x9bcc</run_address>
         <size>0x7c3</size>
         <input_file_ref idref="fl-c"/>
      </object_component>
      <object_component id="oc-df">
         <name>.debug_info</name>
         <load_address>0xa38f</load_address>
         <run_address>0xa38f</run_address>
         <size>0x200</size>
         <input_file_ref idref="fl-d"/>
      </object_component>
      <object_component id="oc-2ce">
         <name>.debug_info</name>
         <load_address>0xa58f</load_address>
         <run_address>0xa58f</run_address>
         <size>0x7f7</size>
         <input_file_ref idref="fl-e"/>
      </object_component>
      <object_component id="oc-148">
         <name>.debug_info</name>
         <load_address>0xad86</load_address>
         <run_address>0xad86</run_address>
         <size>0x122</size>
         <input_file_ref idref="fl-e"/>
      </object_component>
      <object_component id="oc-f1">
         <name>.debug_info</name>
         <load_address>0xaea8</load_address>
         <run_address>0xaea8</run_address>
         <size>0x5fe</size>
         <input_file_ref idref="fl-e"/>
      </object_component>
      <object_component id="oc-28b">
         <name>.debug_info</name>
         <load_address>0xb4a6</load_address>
         <run_address>0xb4a6</run_address>
         <size>0x7e1</size>
         <input_file_ref idref="fl-f"/>
      </object_component>
      <object_component id="oc-131">
         <name>.debug_info</name>
         <load_address>0xbc87</load_address>
         <run_address>0xbc87</run_address>
         <size>0xf0</size>
         <input_file_ref idref="fl-f"/>
      </object_component>
      <object_component id="oc-288">
         <name>.debug_info</name>
         <load_address>0xbd77</load_address>
         <run_address>0xbd77</run_address>
         <size>0xc8</size>
         <input_file_ref idref="fl-f"/>
      </object_component>
      <object_component id="oc-e5">
         <name>.debug_info</name>
         <load_address>0xbe3f</load_address>
         <run_address>0xbe3f</run_address>
         <size>0x5c3</size>
         <input_file_ref idref="fl-f"/>
      </object_component>
      <object_component id="oc-1df">
         <name>.debug_info</name>
         <load_address>0xc402</load_address>
         <run_address>0xc402</run_address>
         <size>0xb13</size>
         <input_file_ref idref="fl-10"/>
      </object_component>
      <object_component id="oc-13a">
         <name>.debug_info</name>
         <load_address>0xcf15</load_address>
         <run_address>0xcf15</run_address>
         <size>0x15a</size>
         <input_file_ref idref="fl-10"/>
      </object_component>
      <object_component id="oc-c7">
         <name>.debug_info</name>
         <load_address>0xd06f</load_address>
         <run_address>0xd06f</run_address>
         <size>0xc71</size>
         <input_file_ref idref="fl-10"/>
      </object_component>
      <object_component id="oc-340">
         <name>.debug_info</name>
         <load_address>0xdce0</load_address>
         <run_address>0xdce0</run_address>
         <size>0x3da</size>
         <input_file_ref idref="fl-11"/>
      </object_component>
      <object_component id="oc-332">
         <name>.debug_info</name>
         <load_address>0xe0ba</load_address>
         <run_address>0xe0ba</run_address>
         <size>0xd1</size>
         <input_file_ref idref="fl-11"/>
      </object_component>
      <object_component id="oc-33d">
         <name>.debug_info</name>
         <load_address>0xe18b</load_address>
         <run_address>0xe18b</run_address>
         <size>0xcb</size>
         <input_file_ref idref="fl-11"/>
      </object_component>
      <object_component id="oc-335">
         <name>.debug_info</name>
         <load_address>0xe256</load_address>
         <run_address>0xe256</run_address>
         <size>0xd9</size>
         <input_file_ref idref="fl-11"/>
      </object_component>
      <object_component id="oc-32f">
         <name>.debug_info</name>
         <load_address>0xe32f</load_address>
         <run_address>0xe32f</run_address>
         <size>0xdd</size>
         <input_file_ref idref="fl-11"/>
      </object_component>
      <object_component id="oc-12d">
         <name>.debug_info</name>
         <load_address>0xe40c</load_address>
         <run_address>0xe40c</run_address>
         <size>0x7b6</size>
         <input_file_ref idref="fl-11"/>
      </object_component>
      <object_component id="oc-8e">
         <name>.debug_info</name>
         <load_address>0xebc2</load_address>
         <run_address>0xebc2</run_address>
         <size>0x14a</size>
         <input_file_ref idref="fl-cc"/>
      </object_component>
      <object_component id="oc-338">
         <name>.debug_info</name>
         <load_address>0xed0c</load_address>
         <run_address>0xed0c</run_address>
         <size>0x145</size>
         <input_file_ref idref="fl-cd"/>
      </object_component>
      <object_component id="oc-1e7">
         <name>.debug_info</name>
         <load_address>0xee51</load_address>
         <run_address>0xee51</run_address>
         <size>0x14f</size>
         <input_file_ref idref="fl-ce"/>
      </object_component>
      <object_component id="oc-3c0">
         <name>.debug_info</name>
         <load_address>0xefa0</load_address>
         <run_address>0xefa0</run_address>
         <size>0x12b</size>
         <input_file_ref idref="fl-cf"/>
      </object_component>
      <object_component id="oc-3c5">
         <name>.debug_info</name>
         <load_address>0xf0cb</load_address>
         <run_address>0xf0cb</run_address>
         <size>0x12d</size>
         <input_file_ref idref="fl-cf"/>
      </object_component>
      <object_component id="oc-3cb">
         <name>.debug_info</name>
         <load_address>0xf1f8</load_address>
         <run_address>0xf1f8</run_address>
         <size>0x13d</size>
         <input_file_ref idref="fl-d0"/>
      </object_component>
      <object_component id="oc-122">
         <name>.debug_info</name>
         <load_address>0xf335</load_address>
         <run_address>0xf335</run_address>
         <size>0x13d</size>
         <input_file_ref idref="fl-d1"/>
      </object_component>
      <object_component id="oc-30f">
         <name>.debug_info</name>
         <load_address>0xf472</load_address>
         <run_address>0xf472</run_address>
         <size>0x131</size>
         <input_file_ref idref="fl-d2"/>
      </object_component>
      <object_component id="oc-127">
         <name>.debug_info</name>
         <load_address>0xf5a3</load_address>
         <run_address>0xf5a3</run_address>
         <size>0x141</size>
         <input_file_ref idref="fl-d3"/>
      </object_component>
      <object_component id="oc-1e3">
         <name>.debug_info</name>
         <load_address>0xf6e4</load_address>
         <run_address>0xf6e4</run_address>
         <size>0x12f</size>
         <input_file_ref idref="fl-d4"/>
      </object_component>
      <object_component id="oc-30a">
         <name>.debug_info</name>
         <load_address>0xf813</load_address>
         <run_address>0xf813</run_address>
         <size>0x12f</size>
         <input_file_ref idref="fl-d5"/>
      </object_component>
      <object_component id="oc-39">
         <name>.debug_info</name>
         <load_address>0xf942</load_address>
         <run_address>0xf942</run_address>
         <size>0x11c</size>
         <input_file_ref idref="fl-d6"/>
      </object_component>
      <object_component id="oc-272">
         <name>.debug_info</name>
         <load_address>0xfa5e</load_address>
         <run_address>0xfa5e</run_address>
         <size>0x131</size>
         <input_file_ref idref="fl-d7"/>
      </object_component>
      <object_component id="oc-8b">
         <name>.debug_info</name>
         <load_address>0xfb8f</load_address>
         <run_address>0xfb8f</run_address>
         <size>0x31e</size>
         <input_file_ref idref="fl-d8"/>
      </object_component>
      <object_component id="oc-45">
         <name>.debug_info</name>
         <load_address>0xfead</load_address>
         <run_address>0xfead</run_address>
         <size>0x1bf</size>
         <input_file_ref idref="fl-d8"/>
      </object_component>
      <object_component id="oc-86">
         <name>.debug_info</name>
         <load_address>0x1006c</load_address>
         <run_address>0x1006c</run_address>
         <size>0x46</size>
         <input_file_ref idref="fl-d8"/>
      </object_component>
      <object_component id="oc-43">
         <name>.debug_info</name>
         <load_address>0x100b2</load_address>
         <run_address>0x100b2</run_address>
         <size>0x2a8</size>
         <input_file_ref idref="fl-d9"/>
      </object_component>
      <object_component id="oc-19">
         <name>.debug_info</name>
         <load_address>0x1035a</load_address>
         <run_address>0x1035a</run_address>
         <size>0x1ea</size>
         <input_file_ref idref="fl-d9"/>
      </object_component>
      <object_component id="oc-3e">
         <name>.debug_info</name>
         <load_address>0x10544</load_address>
         <run_address>0x10544</run_address>
         <size>0x46</size>
         <input_file_ref idref="fl-d9"/>
      </object_component>
      <object_component id="oc-7e">
         <name>.debug_info</name>
         <load_address>0x1058a</load_address>
         <run_address>0x1058a</run_address>
         <size>0x2c</size>
         <input_file_ref idref="fl-d9"/>
      </object_component>
      <object_component id="oc-7c">
         <name>.debug_info</name>
         <load_address>0x105b6</load_address>
         <run_address>0x105b6</run_address>
         <size>0x29e</size>
         <input_file_ref idref="fl-da"/>
      </object_component>
      <object_component id="oc-13">
         <name>.debug_info</name>
         <load_address>0x10854</load_address>
         <run_address>0x10854</run_address>
         <size>0x250</size>
         <input_file_ref idref="fl-da"/>
      </object_component>
      <object_component id="oc-2e">
         <name>.debug_info</name>
         <load_address>0x10aa4</load_address>
         <run_address>0x10aa4</run_address>
         <size>0x60</size>
         <input_file_ref idref="fl-da"/>
      </object_component>
      <object_component id="oc-b6">
         <name>.debug_info</name>
         <load_address>0x10b04</load_address>
         <run_address>0x10b04</run_address>
         <size>0x46</size>
         <input_file_ref idref="fl-da"/>
      </object_component>
      <object_component id="oc-77">
         <name>.debug_info</name>
         <load_address>0x10b4a</load_address>
         <run_address>0x10b4a</run_address>
         <size>0x39</size>
         <input_file_ref idref="fl-da"/>
      </object_component>
      <object_component id="oc-22">
         <name>.debug_info</name>
         <load_address>0x10b83</load_address>
         <run_address>0x10b83</run_address>
         <size>0x10b</size>
         <input_file_ref idref="fl-db"/>
      </object_component>
      <object_component id="oc-57">
         <name>.debug_info</name>
         <load_address>0x10c8e</load_address>
         <run_address>0x10c8e</run_address>
         <size>0x1af</size>
         <input_file_ref idref="fl-db"/>
      </object_component>
      <object_component id="oc-14f">
         <name>.debug_info</name>
         <load_address>0x10e3d</load_address>
         <run_address>0x10e3d</run_address>
         <size>0x122</size>
         <input_file_ref idref="fl-dc"/>
      </object_component>
      <object_component id="oc-40b">
         <name>.debug_info</name>
         <load_address>0x10f5f</load_address>
         <run_address>0x10f5f</run_address>
         <size>0x118</size>
         <input_file_ref idref="fl-df"/>
      </object_component>
      <object_component id="oc-361">
         <name>.debug_info</name>
         <load_address>0x11077</load_address>
         <run_address>0x11077</run_address>
         <size>0x552</size>
         <input_file_ref idref="fl-e0"/>
      </object_component>
      <object_component id="oc-159">
         <name>.debug_info</name>
         <load_address>0x115c9</load_address>
         <run_address>0x115c9</run_address>
         <size>0x1a6</size>
         <input_file_ref idref="fl-e0"/>
      </object_component>
      <object_component id="oc-424">
         <name>.debug_info</name>
         <load_address>0x1176f</load_address>
         <run_address>0x1176f</run_address>
         <size>0x39</size>
         <input_file_ref idref="fl-e0"/>
      </object_component>
      <object_component id="oc-450">
         <name>.debug_info</name>
         <load_address>0x117a8</load_address>
         <run_address>0x117a8</run_address>
         <size>0x39</size>
         <input_file_ref idref="fl-e0"/>
      </object_component>
      <object_component id="oc-429">
         <name>.debug_info</name>
         <load_address>0x117e1</load_address>
         <run_address>0x117e1</run_address>
         <size>0x39</size>
         <input_file_ref idref="fl-e0"/>
      </object_component>
      <object_component id="oc-42e">
         <name>.debug_info</name>
         <load_address>0x1181a</load_address>
         <run_address>0x1181a</run_address>
         <size>0xcd</size>
         <input_file_ref idref="fl-e0"/>
      </object_component>
      <object_component id="oc-95">
         <name>.debug_info</name>
         <load_address>0x118e7</load_address>
         <run_address>0x118e7</run_address>
         <size>0x153</size>
         <input_file_ref idref="fl-e1"/>
      </object_component>
      <object_component id="oc-110">
         <name>.debug_info</name>
         <load_address>0x11a3a</load_address>
         <run_address>0x11a3a</run_address>
         <size>0x225</size>
         <input_file_ref idref="fl-e3"/>
      </object_component>
      <object_component id="oc-10a">
         <name>.debug_info</name>
         <load_address>0x11c5f</load_address>
         <run_address>0x11c5f</run_address>
         <size>0x20d</size>
         <input_file_ref idref="fl-e3"/>
      </object_component>
      <object_component id="oc-303">
         <name>.debug_info</name>
         <load_address>0x11e6c</load_address>
         <run_address>0x11e6c</run_address>
         <size>0x18b</size>
         <input_file_ref idref="fl-e3"/>
      </object_component>
      <object_component id="oc-37b">
         <name>.debug_info</name>
         <load_address>0x11ff7</load_address>
         <run_address>0x11ff7</run_address>
         <size>0x240</size>
         <input_file_ref idref="fl-e4"/>
      </object_component>
      <object_component id="oc-385">
         <name>.debug_info</name>
         <load_address>0x12237</load_address>
         <run_address>0x12237</run_address>
         <size>0x15b</size>
         <input_file_ref idref="fl-e4"/>
      </object_component>
      <object_component id="oc-1a8">
         <name>.debug_info</name>
         <load_address>0x12392</load_address>
         <run_address>0x12392</run_address>
         <size>0x2a3</size>
         <input_file_ref idref="fl-e4"/>
      </object_component>
      <object_component id="oc-389">
         <name>.debug_info</name>
         <load_address>0x12635</load_address>
         <run_address>0x12635</run_address>
         <size>0x2b3</size>
         <input_file_ref idref="fl-e4"/>
      </object_component>
      <object_component id="oc-20b">
         <name>.debug_info</name>
         <load_address>0x128e8</load_address>
         <run_address>0x128e8</run_address>
         <size>0x316</size>
         <input_file_ref idref="fl-e4"/>
      </object_component>
      <object_component id="oc-1d3">
         <name>.debug_info</name>
         <load_address>0x12bfe</load_address>
         <run_address>0x12bfe</run_address>
         <size>0x27b</size>
         <input_file_ref idref="fl-e4"/>
      </object_component>
      <object_component id="oc-205">
         <name>.debug_info</name>
         <load_address>0x12e79</load_address>
         <run_address>0x12e79</run_address>
         <size>0x279</size>
         <input_file_ref idref="fl-e4"/>
      </object_component>
      <object_component id="oc-245">
         <name>.debug_info</name>
         <load_address>0x130f2</load_address>
         <run_address>0x130f2</run_address>
         <size>0x2b7</size>
         <input_file_ref idref="fl-e4"/>
      </object_component>
      <object_component id="oc-27b">
         <name>.debug_info</name>
         <load_address>0x133a9</load_address>
         <run_address>0x133a9</run_address>
         <size>0x285</size>
         <input_file_ref idref="fl-e4"/>
      </object_component>
      <object_component id="oc-2b2">
         <name>.debug_info</name>
         <load_address>0x1362e</load_address>
         <run_address>0x1362e</run_address>
         <size>0x27b</size>
         <input_file_ref idref="fl-e4"/>
      </object_component>
      <object_component id="oc-1cd">
         <name>.debug_info</name>
         <load_address>0x138a9</load_address>
         <run_address>0x138a9</run_address>
         <size>0x280</size>
         <input_file_ref idref="fl-e4"/>
      </object_component>
      <object_component id="oc-26a">
         <name>.debug_info</name>
         <load_address>0x13b29</load_address>
         <run_address>0x13b29</run_address>
         <size>0x2bb</size>
         <input_file_ref idref="fl-e4"/>
      </object_component>
      <object_component id="oc-258">
         <name>.debug_info</name>
         <load_address>0x13de4</load_address>
         <run_address>0x13de4</run_address>
         <size>0x27f</size>
         <input_file_ref idref="fl-e4"/>
      </object_component>
      <object_component id="oc-281">
         <name>.debug_info</name>
         <load_address>0x14063</load_address>
         <run_address>0x14063</run_address>
         <size>0x28f</size>
         <input_file_ref idref="fl-e4"/>
      </object_component>
      <object_component id="oc-2c8">
         <name>.debug_info</name>
         <load_address>0x142f2</load_address>
         <run_address>0x142f2</run_address>
         <size>0x291</size>
         <input_file_ref idref="fl-e4"/>
      </object_component>
      <object_component id="oc-25e">
         <name>.debug_info</name>
         <load_address>0x14583</load_address>
         <run_address>0x14583</run_address>
         <size>0x28d</size>
         <input_file_ref idref="fl-e4"/>
      </object_component>
      <object_component id="oc-3a1">
         <name>.debug_info</name>
         <load_address>0x14810</load_address>
         <run_address>0x14810</run_address>
         <size>0x20e</size>
         <input_file_ref idref="fl-e5"/>
      </object_component>
      <object_component id="oc-39e">
         <name>.debug_info</name>
         <load_address>0x14a1e</load_address>
         <run_address>0x14a1e</run_address>
         <size>0x210</size>
         <input_file_ref idref="fl-e5"/>
      </object_component>
      <object_component id="oc-ff">
         <name>.debug_info</name>
         <load_address>0x14c2e</load_address>
         <run_address>0x14c2e</run_address>
         <size>0x23e</size>
         <input_file_ref idref="fl-e5"/>
      </object_component>
      <object_component id="oc-1f9">
         <name>.debug_info</name>
         <load_address>0x14e6c</load_address>
         <run_address>0x14e6c</run_address>
         <size>0x268</size>
         <input_file_ref idref="fl-e5"/>
      </object_component>
      <object_component id="oc-29c">
         <name>.debug_info</name>
         <load_address>0x150d4</load_address>
         <run_address>0x150d4</run_address>
         <size>0x26a</size>
         <input_file_ref idref="fl-e5"/>
      </object_component>
[...]
         <name>Sonar_Configure</name>
         <value>0x38c9</value>
         <object_component_ref idref="oc-e4"/>
      </symbol>
      <symbol id="sm-497">
         <name>Sonar_GPIOA_Interrupt</name>
         <value>0x3a39</value>
         <object_component_ref idref="oc-e4"/>
      </symbol>
      <symbol id="sm-498">
         <name>Sonar_GPIOA_Configure</name>
         <value>0x3a1b</value>
         <object_component_ref idref="oc-e4"/>
      </symbol>
      <symbol id="sm-499">
         <name>fPeriod</name>
         <value>0x20000240</value>
         <object_component_ref idref="oc-130"/>
      </symbol>
      <symbol id="sm-49a">
         <name>SonarTrig</name>
         <value>0x38f3</value>
         <object_component_ref idref="oc-e4"/>
      </symbol>
      <symbol id="sm-49b">
         <name>Int_Handler_GPIOA</name>
         <value>0x3915</value>
         <object_component_ref idref="oc-e4"/>
      </symbol>
      <symbol id="sm-536">
         <name>ReciveData_UART0</name>
         <value>0x20000568</value>
      </symbol>
      <symbol id="sm-537">
         <name>Para_Compared</name>
         <value>0x20000594</value>
      </symbol>
      <symbol id="sm-538">
         <name>ReciveData_UART1</name>
         <value>0x20000578</value>
      </symbol>
      <symbol id="sm-539">
         <name>temp</name>
         <value>0x200005a9</value>
      </symbol>
      <symbol id="sm-53a">
         <name>UART1IntHandler</name>
         <value>0xc51</value>
         <object_component_ref idref="oc-c6"/>
      </symbol>
      <symbol id="sm-53b">
         <name>UART3IntHandler</name>
         <value>0x1235</value>
         <object_component_ref idref="oc-c6"/>
      </symbol>
      <symbol id="sm-53c">
         <name>Para_Report</name>
         <value>0x2000026a</value>
         <object_component_ref idref="oc-139"/>
      </symbol>
      <symbol id="sm-53d">
         <name>Uart1Iint</name>
         <value>0x11d7</value>
         <object_component_ref idref="oc-c6"/>
      </symbol>
      <symbol id="sm-53e">
         <name>UART3Iint</name>
         <value>0x12af</value>
         <object_component_ref idref="oc-c6"/>
      </symbol>
      <symbol id="sm-53f">
         <name>Uart0Iint</name>
         <value>0xbd1</value>
         <object_component_ref idref="oc-c6"/>
      </symbol>
      <symbol id="sm-540">
         <name>UART1Send</name>
         <value>0x11a9</value>
         <object_component_ref idref="oc-c6"/>
      </symbol>
      <symbol id="sm-541">
         <name>UART0Send</name>
         <value>0xba9</value>
         <object_component_ref idref="oc-c6"/>
      </symbol>
      <symbol id="sm-542">
         <name>ReciveData_i_UART1</name>
         <value>0x2000026b</value>
         <object_component_ref idref="oc-139"/>
      </symbol>
      <symbol id="sm-543">
         <name>ReciveData_i_UART0</name>
         <value>0x20000269</value>
         <object_component_ref idref="oc-139"/>
      </symbol>
      <symbol id="sm-544">
         <name>UARTIntHandler</name>
         <value>0xb3d</value>
         <object_component_ref idref="oc-c6"/>
      </symbol>
      <symbol id="sm-545">
         <name>UART3Send</name>
         <value>0x127f</value>
         <object_component_ref idref="oc-c6"/>
      </symbol>
      <symbol id="sm-546">
         <name>count</name>
         <value>0x2000026c</value>
         <object_component_ref idref="oc-139"/>
      </symbol>
      <symbol id="sm-5b5">
         <name>UARTgetc</name>
         <value>0x21d3</value>
         <object_component_ref idref="oc-12a"/>
      </symbol>
      <symbol id="sm-5b6">
         <name>UARTgets</name>
         <value>0x2119</value>
         <object_component_ref idref="oc-12a"/>
      </symbol>
      <symbol id="sm-5b7">
         <name>UARTStdioConfig</name>
         <value>0x208d</value>
         <object_component_ref idref="oc-12a"/>
      </symbol>
      <symbol id="sm-5b8">
         <name>UARTwrite</name>
         <value>0x20d3</value>
         <object_component_ref idref="oc-12a"/>
      </symbol>
      <symbol id="sm-5b9">
         <name>UARTprintf</name>
         <value>0x24f3</value>
         <object_component_ref idref="oc-12a"/>
      </symbol>
      <symbol id="sm-5ba">
         <name>UARTvprintf</name>
         <value>0x21f9</value>
         <object_component_ref idref="oc-12a"/>
      </symbol>
      <symbol id="sm-5c9">
         <name>__aeabi_memset</name>
         <value>0x450b</value>
         <object_component_ref idref="oc-8c"/>
      </symbol>
      <symbol id="sm-5ca">
         <name>memset</name>
         <value>0x4511</value>
         <object_component_ref idref="oc-8c"/>
      </symbol>
      <symbol id="sm-5cb">
         <name>__aeabi_memset8</name>
         <value>0x450b</value>
         <object_component_ref idref="oc-8c"/>
      </symbol>
      <symbol id="sm-5cc">
         <name>__aeabi_memset4</name>
         <value>0x450b</value>
         <object_component_ref idref="oc-8c"/>
      </symbol>
      <symbol id="sm-5cd">
         <name>__aeabi_memclr8</name>
         <value>0x4509</value>
         <object_component_ref idref="oc-8c"/>
      </symbol>
      <symbol id="sm-5ce">
         <name>__aeabi_memclr4</name>
         <value>0x4509</value>
         <object_component_ref idref="oc-8c"/>
      </symbol>
      <symbol id="sm-5cf">
         <name>__aeabi_memclr</name>
         <value>0x4509</value>
         <object_component_ref idref="oc-8c"/>
      </symbol>
      <symbol id="sm-5de">
         <name>__aeabi_uidivmod</name>
         <value>0x493d</value>
         <object_component_ref idref="oc-337"/>
      </symbol>
      <symbol id="sm-5df">
         <name>__aeabi_uidiv</name>
         <value>0x493d</value>
         <object_component_ref idref="oc-337"/>
      </symbol>
      <symbol id="sm-5f6">
         <name>__aeabi_dsub</name>
         <value>0x3a91</value>
         <object_component_ref idref="oc-1e6"/>
      </symbol>
      <symbol id="sm-5f7">
         <name>__aeabi_dadd</name>
         <value>0x3a9b</value>
         <object_component_ref idref="oc-1e6"/>
      </symbol>
      <symbol id="sm-619">
         <name>__aeabi_cdcmpeq</name>
         <value>0x43fd</value>
         <object_component_ref idref="oc-3bf"/>
      </symbol>
      <symbol id="sm-61a">
         <name>__aeabi_cdcmple</name>
         <value>0x43fd</value>
         <object_component_ref idref="oc-3bf"/>
      </symbol>
      <symbol id="sm-61b">
         <name>__aeabi_cdrcmple</name>
         <value>0x4483</value>
         <object_component_ref idref="oc-3c4"/>
      </symbol>
      <symbol id="sm-62f">
         <name>__aeabi_ddiv</name>
         <value>0x3df9</value>
         <object_component_ref idref="oc-3c9"/>
      </symbol>
      <symbol id="sm-63a">
         <name>__aeabi_dmul</name>
         <value>0x4171</value>
         <object_component_ref idref="oc-120"/>
      </symbol>
      <symbol id="sm-644">
         <name>__aeabi_d2iz</name>
         <value>0x4829</value>
         <object_component_ref idref="oc-30e"/>
      </symbol>
      <symbol id="sm-650">
         <name>__aeabi_d2f</name>
         <value>0x4583</value>
         <object_component_ref idref="oc-125"/>
      </symbol>
      <symbol id="sm-65b">
         <name>__aeabi_f2d</name>
         <value>0x4a25</value>
         <object_component_ref idref="oc-1e1"/>
      </symbol>
      <symbol id="sm-665">
         <name>__aeabi_i2d</name>
         <value>0x4a91</value>
         <object_component_ref idref="oc-309"/>
      </symbol>
      <symbol id="sm-680">
         <name>memcpy</name>
         <value>0x4361</value>
         <object_component_ref idref="oc-38"/>
      </symbol>
      <symbol id="sm-681">
         <name>__aeabi_memcpy</name>
         <value>0x4361</value>
         <object_component_ref idref="oc-38"/>
      </symbol>
      <symbol id="sm-682">
         <name>__aeabi_memcpy8</name>
         <value>0x4361</value>
         <object_component_ref idref="oc-38"/>
      </symbol>
      <symbol id="sm-683">
         <name>__aeabi_memcpy4</name>
         <value>0x4361</value>
         <object_component_ref idref="oc-38"/>
      </symbol>
      <symbol id="sm-68d">
         <name>__aeabi_ui2d</name>
         <value>0x4b2d</value>
         <object_component_ref idref="oc-26f"/>
      </symbol>
      <symbol id="sm-6a1">
         <name>__TI_zero_init_nomemset</name>
         <value>0x4c07</value>
         <object_component_ref idref="oc-44"/>
      </symbol>
      <symbol id="sm-6b8">
         <name>__TI_decompress_none</name>
         <value>0x4cbd</value>
         <object_component_ref idref="oc-18"/>
      </symbol>
      <symbol id="sm-6db">
         <name>__TI_decompress_lzss</name>
         <value>0x46c1</value>
         <object_component_ref idref="oc-12"/>
      </symbol>
      <symbol id="sm-6ee">
         <name>__stack</name>
         <value>0x20000270</value>
         <object_component_ref idref="oc-21"/>
      </symbol>
      <symbol id="sm-6ef">
         <name>_c_int00_noargs</name>
         <value>0x49ed</value>
         <object_component_ref idref="oc-56"/>
      </symbol>
      <symbol id="sm-6fa">
         <name>C$$EXIT</name>
         <value>0x4d8d</value>
         <object_component_ref idref="oc-14b"/>
      </symbol>
      <symbol id="sm-6fb">
         <name>abort</name>
         <value>0x4d8d</value>
         <object_component_ref idref="oc-14b"/>
      </symbol>
      <symbol id="sm-707">
         <name>__aeabi_idiv0</name>
         <value>0x3c47</value>
         <object_component_ref idref="oc-409"/>
      </symbol>
      <symbol id="sm-708">
         <name>__aeabi_ldiv0</name>
         <value>0x3c47</value>
         <object_component_ref idref="oc-409"/>
      </symbol>
      <symbol id="sm-730">
         <name>__TI_auto_init_nobinit_nopinit</name>
         <value>0x48b9</value>
         <object_component_ref idref="oc-157"/>
      </symbol>
      <symbol id="sm-73a">
         <name>_system_pre_init</name>
         <value>0x4d89</value>
         <object_component_ref idref="oc-92"/>
      </symbol>
      <symbol id="sm-756">
         <name>FPULazyStackingEnable</name>
         <value>0x4c29</value>
         <object_component_ref idref="oc-10e"/>
      </symbol>
      <symbol id="sm-757">
         <name>FPUEnable</name>
         <value>0x4c19</value>
         <object_component_ref idref="oc-108"/>
      </symbol>
      <symbol id="sm-7d9">
         <name>GPIOPinTypePWM</name>
         <value>0x4bbf</value>
         <object_component_ref idref="oc-204"/>
      </symbol>
      <symbol id="sm-7da">
         <name>GPIOPinConfigure</name>
         <value>0x47e1</value>
         <object_component_ref idref="oc-1cc"/>
      </symbol>
      <symbol id="sm-7db">
         <name>GPIOIntDisable</name>
         <value>0x4c69</value>
         <object_component_ref idref="oc-2c7"/>
      </symbol>
      <symbol id="sm-7dc">
         <name>GPIOIntEnable</name>
         <value>0x4cd7</value>
         <object_component_ref idref="oc-280"/>
      </symbol>
      <symbol id="sm-7dd">
         <name>GPIOIntTypeSet</name>
         <value>0x4789</value>
         <object_component_ref idref="oc-269"/>
      </symbol>
      <symbol id="sm-7de">
         <name>GPIOPinTypeGPIOInput</name>
         <value>0x4bad</value>
         <object_component_ref idref="oc-27a"/>
      </symbol>
      <symbol id="sm-7df">
         <name>GPIOIntClear</name>
         <value>0x4d5d</value>
         <object_component_ref idref="oc-25d"/>
      </symbol>
      <symbol id="sm-7e0">
         <name>GPIOPinTypeUART</name>
         <value>0x4bd1</value>
         <object_component_ref idref="oc-1d2"/>
      </symbol>
      <symbol id="sm-7e1">
         <name>GPIOIntStatus</name>
         <value>0x4c77</value>
         <object_component_ref idref="oc-257"/>
      </symbol>
      <symbol id="sm-7e2">
         <name>GPIOPinTypeGPIOOutput</name>
         <value>0x4b6b</value>
         <object_component_ref idref="oc-244"/>
      </symbol>
      <symbol id="sm-7e3">
         <name>GPIOPinRead</name>
         <value>0x4d63</value>
         <object_component_ref idref="oc-2b1"/>
      </symbol>
      <symbol id="sm-7e4">
         <name>GPIODirModeSet</name>
         <value>0x4abf</value>
         <object_component_ref idref="oc-388"/>
      </symbol>
      <symbol id="sm-7e5">
         <name>GPIOPinWrite</name>
         <value>0x4d69</value>
         <object_component_ref idref="oc-1a7"/>
      </symbol>
      <symbol id="sm-7e6">
         <name>GPIOPadConfigSet</name>
         <value>0x3f2f</value>
         <object_component_ref idref="oc-20a"/>
      </symbol>
      <symbol id="sm-829">
         <name>IntEnable</name>
         <value>0x4659</value>
         <object_component_ref idref="oc-1f6"/>
      </symbol>
      <symbol id="sm-82a">
         <name>IntDisable</name>
         <value>0x45f1</value>
         <object_component_ref idref="oc-299"/>
      </symbol>
      <symbol id="sm-82b">
         <name>IntMasterEnable</name>
         <value>0x4c39</value>
         <object_component_ref idref="oc-fc"/>
      </symbol>
      <symbol id="sm-868">
         <name>PWMGenPeriodSet</name>
         <value>0x4c59</value>
         <object_component_ref idref="oc-21c"/>
      </symbol>
      <symbol id="sm-869">
         <name>PWMGenDisable</name>
         <value>0x4ce3</value>
         <object_component_ref idref="oc-234"/>
      </symbol>
      <symbol id="sm-86a">
         <name>PWMDeadBandEnable</name>
         <value>0x4c49</value>
         <object_component_ref idref="oc-228"/>
      </symbol>
      <symbol id="sm-86b">
         <name>PWMPulseWidthSet</name>
         <value>0x4b4d</value>
         <object_component_ref idref="oc-222"/>
      </symbol>
      <symbol id="sm-86c">
         <name>PWMOutputState</name>
         <value>0x4be3</value>
         <object_component_ref idref="oc-22e"/>
      </symbol>
      <symbol id="sm-86d">
         <name>PWMGenEnable</name>
         <value>0x4cef</value>
         <object_component_ref idref="oc-23a"/>
      </symbol>
      <symbol id="sm-86e">
         <name>PWMGenConfigure</name>
         <value>0x4ae9</value>
         <object_component_ref idref="oc-216"/>
      </symbol>
      <symbol id="sm-8e0">
         <name>SysCtlPeripheralPresent</name>
         <value>0x497d</value>
         <object_component_ref idref="oc-316"/>
      </symbol>
      <symbol id="sm-8e1">
         <name>SysCtlClockSet</name>
         <value>0x426d</value>
         <object_component_ref idref="oc-114"/>
      </symbol>
      <symbol id="sm-8e2">
         <name>SysCtlDelay</name>
         <value>0x4d6f</value>
         <object_component_ref idref="oc-1b3"/>
      </symbol>
      <symbol id="sm-8e3">
         <name>SysCtlPeripheralEnable</name>
         <value>0x4a5d</value>
         <object_component_ref idref="oc-1c0"/>
      </symbol>
      <symbol id="sm-8e4">
         <name>SysCtlClockGet</name>
         <value>0x4061</value>
         <object_component_ref idref="oc-1ad"/>
      </symbol>
      <symbol id="sm-8e5">
         <name>SysCtlPWMClockSet</name>
         <value>0x4b85</value>
         <object_component_ref idref="oc-210"/>
      </symbol>
      <symbol id="sm-8e6">
         <name>SysCtlPeripheralReady</name>
         <value>0x49b5</value>
         <object_component_ref idref="oc-1c6"/>
      </symbol>
      <symbol id="sm-932">
         <name>TimerLoadSet</name>
         <value>0x4bf5</value>
         <object_component_ref idref="oc-293"/>
      </symbol>
      <symbol id="sm-933">
         <name>TimerEnable</name>
         <value>0x4c85</value>
         <object_component_ref idref="oc-29f"/>
      </symbol>
      <symbol id="sm-934">
         <name>TimerIntStatus</name>
         <value>0x4d11</value>
         <object_component_ref idref="oc-2a5"/>
      </symbol>
      <symbol id="sm-935">
         <name>TimerIntDisable</name>
         <value>0x4d07</value>
         <object_component_ref idref="oc-2c0"/>
      </symbol>
      <symbol id="sm-936">
         <name>TimerValueGet</name>
         <value>0x4d1b</value>
         <object_component_ref idref="oc-263"/>
      </symbol>
      <symbol id="sm-937">
         <name>TimerIntEnable</name>
         <value>0x4d4d</value>
         <object_component_ref idref="oc-2b7"/>
      </symbol>
      <symbol id="sm-938">
         <name>TimerConfigure</name>
         <value>0x4729</value>
         <object_component_ref idref="oc-28d"/>
      </symbol>
      <symbol id="sm-939">
         <name>TimerIntClear</name>
         <value>0x4d81</value>
         <object_component_ref idref="oc-2ab"/>
      </symbol>
      <symbol id="sm-9b4">
         <name>UARTCharPutNonBlocking</name>
         <value>0x4ca1</value>
         <object_component_ref idref="oc-1ba"/>
      </symbol>
      <symbol id="sm-9b5">
         <name>UARTConfigSetExpClk</name>
         <value>0x4871</value>
         <object_component_ref idref="oc-1f0"/>
      </symbol>
      <symbol id="sm-9b6">
         <name>UARTDisable</name>
         <value>0x4b0d</value>
         <object_component_ref idref="oc-396"/>
      </symbol>
      <symbol id="sm-9b7">
         <name>UARTIntEnable</name>
         <value>0x4d55</value>
         <object_component_ref idref="oc-1fc"/>
      </symbol>
      <symbol id="sm-9b8">
         <name>UARTCharsAvail</name>
         <value>0x4caf</value>
         <object_component_ref idref="oc-1b4"/>
      </symbol>
      <symbol id="sm-9b9">
         <name>UARTCharGetNonBlocking</name>
         <value>0x4c93</value>
         <object_component_ref idref="oc-1a1"/>
      </symbol>
      <symbol id="sm-9ba">
         <name>UARTClockSourceSet</name>
         <value>0x4d75</value>
         <object_component_ref idref="oc-1d8"/>
      </symbol>
      <symbol id="sm-9bb">
         <name>UARTCharPut</name>
         <value>0x4d2f</value>
         <object_component_ref idref="oc-322"/>
      </symbol>
      <symbol id="sm-9bc">
         <name>UARTEnable</name>
         <value>0x4b99</value>
         <object_component_ref idref="oc-31c"/>
      </symbol>
      <symbol id="sm-9bd">
         <name>UARTFIFOEnable</name>
         <value>0x4d39</value>
         <object_component_ref idref="oc-2d2"/>
      </symbol>
      <symbol id="sm-9be">
         <name>UARTIntClear</name>
         <value>0x4d85</value>
         <object_component_ref idref="oc-19b"/>
      </symbol>
      <symbol id="sm-9bf">
         <name>UARTIntStatus</name>
         <value>0x4d43</value>
         <object_component_ref idref="oc-195"/>
      </symbol>
      <symbol id="sm-9c0">
         <name>UARTCharGet</name>
         <value>0x4d25</value>
         <object_component_ref idref="oc-328"/>
      </symbol>
      <symbol id="sm-9c1">
         <name>UARTFIFOLevelSet</name>
         <value>0x4d7b</value>
         <object_component_ref idref="oc-2d8"/>
      </symbol>
      <symbol id="sm-9cb">
         <name>CPUcpsie</name>
         <value>0x4ccb</value>
         <object_component_ref idref="oc-2f3"/>
      </symbol>
      <symbol id="sm-9cc">
         <name>__TI_static_base__</name>
         <value>0x0</value>
      </symbol>
      <symbol id="sm-9cf">
         <name>__mpu_init</name>
         <value>0x0</value>
      </symbol>
      <symbol id="sm-9d0">
         <name>_system_post_cinit</name>
         <value>0x0</value>
      </symbol>
   </symbol_table>
   <title>Link successful</title>
</link_info>
