******************************************************************************
                  TI ARM Linker PC v18.1.5                     
******************************************************************************
>> Linked Tue Feb  5 22:40:43 2019

OUTPUT FILE NAME:   <Four_axes_2019_winterfinal.out>
ENTRY POINT SYMBOL: "_c_int00_noargs"  address: 0000499d


MEMORY CONFIGURATION

         name            origin    length      used     unused   attr    fill
----------------------  --------  ---------  --------  --------  ----  --------
  FLASH                 00000000   00040000  0000589c  0003a764  R  X
  SRAM                  20000000   00008000  000005a3  00007a5d  RW X


SEGMENT ALLOCATION MAP

run origin  load origin   length   init length attrs members
----------  ----------- ---------- ----------- ----- -------
00000000    00000000    000058a0   000058a0    r-x
  00000000    00000000    0000026c   0000026c    r-- .intvecs
  0000026c    0000026c    00004ad4   00004ad4    r-x .text
  00004d40    00004d40    00000a0c   00000a0c    r-- .const
  00005750    00005750    00000150   00000150    r-- .cinit
20000000    20000000    000005aa   00000000    rw-
  20000000    20000000    00000269   00000000    rw- .data
  20000270    20000270    00000200   00000000    rw- .stack
  20000470    20000470    0000013a   00000000    rw- .bss


SECTION ALLOCATION MAP

 output                                  attributes/
section   page    origin      length       input sections
--------  ----  ----------  ----------   ----------------
.intvecs   0    00000000    0000026c     
                  00000000    0000026c     tm4c123gh6pm_startup_ccs.obj (.intvecs)

.text      0    0000026c    00004ad4     
                  0000026c    00000884     pid.obj (.text)
                  00000af0    00000854     uart_echo.obj (.text)
                  00001344    0000082c     OLED.obj (.text)
                  00001b70    000004d0     Timer.obj (.text)
                  00002040    0000049c     uartstdio.obj (.text)
                  000024dc    00000490     Control.obj (.text)
                  0000296c    00000450     Mavlink_test.obj (.text)
                  00002dbc    0000036c     key.obj (.text)
                  00003128    000002c8     main.obj (.text)
                  000033f0    0000029c     colorful_LED.obj (.text)
                  0000368c    000001ec     pwm.obj (.text)
                  00003878    000001c8     sonar.obj (.text)
                  00003a40    000001b6     rtsv7M4_T_le_v4SPD16_eabi.lib : fd_add_t2.asm.obj (.text)
                  00003bf6    00000002                                   : div0.asm.obj (.text)
                  00003bf8    000001b0     filter.obj (.text)
                  00003da8    00000136     rtsv7M4_T_le_v4SPD16_eabi.lib : fd_div_t2.asm.obj (.text)
                  00003ede    00000132     driverlib.lib : gpio.obj (.text:GPIOPadConfigSet)
                  00004010    00000110                   : sysctl.obj (.text:SysCtlClockGet)
                  00004120    000000fc     rtsv7M4_T_le_v4SPD16_eabi.lib : fd_mul_t2.asm.obj (.text)
                  0000421c    000000f4     driverlib.lib : sysctl.obj (.text:SysCtlClockSet)
                  00004310    0000009c     rtsv7M4_T_le_v4SPD16_eabi.lib : memcpy_t2.asm.obj (.text)
                  000043ac    00000086                                   : fd_cmp_t2.asm.obj (.text:__aeabi_cdcmple)
                  00004432    00000086                                   : fd_cmp_t2.asm.obj (.text:__aeabi_cdrcmple)
                  000044b8    0000007a                                   : memset_t2.asm.obj (.text)
                  00004532    0000006e                                   : fd_tos_t2.asm.obj (.text)
                  000045a0    00000068     driverlib.lib : interrupt.obj (.text:IntDisable)
                  00004608    00000068                   : interrupt.obj (.text:IntEnable)
                  00004670    00000068     rtsv7M4_T_le_v4SPD16_eabi.lib : copy_decompress_lzss.c.obj (.text:decompress:lzss:__TI_decompress_lzss)
                  000046d8    00000060     driverlib.lib : timer.obj (.text:TimerConfigure)
                  00004738    00000056                   : gpio.obj (.text:GPIOIntTypeSet)
                  0000478e    00000002     --HOLE-- [fill = 0]
                  00004790    00000048                   : gpio.obj (.text:GPIOPinConfigure)
                  000047d8    00000048     rtsv7M4_T_le_v4SPD16_eabi.lib : fd_toi_t2.asm.obj (.text)
                  00004820    00000046     driverlib.lib : uart.obj (.text:UARTConfigSetExpClk)
                  00004866    00000002     --HOLE-- [fill = 0]
                  00004868    00000044     rtsv7M4_T_le_v4SPD16_eabi.lib : autoinit.c.obj (.text:__TI_auto_init_nobinit_nopinit:__TI_auto_init_nobinit_nopinit)
                  000048ac    00000040     delay.obj (.text)
                  000048ec    00000040     rtsv7M4_T_le_v4SPD16_eabi.lib : u_divt2.asm.obj (.text)
                  0000492c    00000038     driverlib.lib : sysctl.obj (.text:SysCtlPeripheralPresent)
                  00004964    00000038                   : sysctl.obj (.text:SysCtlPeripheralReady)
                  0000499c    00000038     rtsv7M4_T_le_v4SPD16_eabi.lib : boot_cortex_m.c.obj (.text:_c_int00_noargs:_c_int00_noargs)
                  000049d4    00000038                                   : fs_tod_t2.asm.obj (.text)
                  00004a0c    00000034     driverlib.lib : sysctl.obj (.text:SysCtlPeripheralEnable)
                  00004a40    0000002e     rtsv7M4_T_le_v4SPD16_eabi.lib : i_tofd_t2.asm.obj (.text)
                  00004a6e    0000002a     driverlib.lib : gpio.obj (.text:GPIODirModeSet)
                  00004a98    00000022                   : pwm.obj (.text:PWMGenConfigure)
                  00004aba    00000002     --HOLE-- [fill = 0]
                  00004abc    00000020                   : uart.obj (.text:UARTDisable)
                  00004adc    00000020     rtsv7M4_T_le_v4SPD16_eabi.lib : u_tofd_t2.asm.obj (.text)
                  00004afc    0000001e     driverlib.lib : pwm.obj (.text:PWMPulseWidthSet)
                  00004b1a    00000018                   : gpio.obj (.text:GPIOPinTypeGPIOOutput)
                  00004b32    00000002     --HOLE-- [fill = 0]
                  00004b34    00000014                   : sysctl.obj (.text:SysCtlPWMClockSet)
                  00004b48    00000014                   : uart.obj (.text:UARTEnable)
                  00004b5c    00000012                   : gpio.obj (.text:GPIOPinTypeGPIOInput)
                  00004b6e    00000012                   : gpio.obj (.text:GPIOPinTypePWM)
                  00004b80    00000012                   : gpio.obj (.text:GPIOPinTypeUART)
                  00004b92    00000012                   : pwm.obj (.text:PWMOutputState)
                  00004ba4    00000012                   : timer.obj (.text:TimerLoadSet)
                  00004bb6    00000012     rtsv7M4_T_le_v4SPD16_eabi.lib : copy_zero_init.c.obj (.text:decompress:ZI:__TI_zero_init_nomemset:__TI_zero_init_nomemset)
                  00004bc8    00000010     driverlib.lib : fpu.obj (.text:FPUEnable)
                  00004bd8    00000010                   : fpu.obj (.text:FPULazyStackingEnable)
                  00004be8    00000010                   : interrupt.obj (.text:IntMasterEnable)
                  00004bf8    00000010                   : pwm.obj (.text:PWMDeadBandEnable)
                  00004c08    00000010                   : pwm.obj (.text:PWMGenPeriodSet)
                  00004c18    0000000e                   : gpio.obj (.text:GPIOIntDisable)
                  00004c26    0000000e                   : gpio.obj (.text:GPIOIntStatus)
                  00004c34    0000000e                   : timer.obj (.text:TimerEnable)
                  00004c42    0000000e                   : uart.obj (.text:UARTCharGetNonBlocking)
                  00004c50    0000000e                   : uart.obj (.text:UARTCharPutNonBlocking)
                  00004c5e    0000000e                   : uart.obj (.text:UARTCharsAvail)
                  00004c6c    0000000e     rtsv7M4_T_le_v4SPD16_eabi.lib : copy_decompress_none.c.obj (.text:decompress:none:__TI_decompress_none)
                  00004c7a    0000000c     driverlib.lib : cpu.obj (.text:CPUcpsie)
                  00004c86    0000000c                   : gpio.obj (.text:GPIOIntEnable)
                  00004c92    0000000c                   : pwm.obj (.text:PWMGenDisable)
                  00004c9e    0000000c                   : pwm.obj (.text:PWMGenEnable)
                  00004caa    0000000c     tm4c123gh6pm_startup_ccs.obj (.text)
                  00004cb6    0000000a     driverlib.lib : timer.obj (.text:TimerIntDisable)
                  00004cc0    0000000a                   : timer.obj (.text:TimerIntStatus)
                  00004cca    0000000a                   : timer.obj (.text:TimerValueGet)
                  00004cd4    0000000a                   : uart.obj (.text:UARTCharGet)
                  00004cde    0000000a                   : uart.obj (.text:UARTCharPut)
                  00004ce8    0000000a                   : uart.obj (.text:UARTFIFOEnable)
                  00004cf2    0000000a                   : uart.obj (.text:UARTIntStatus)
                  00004cfc    00000008                   : timer.obj (.text:TimerIntEnable)
                  00004d04    00000008                   : uart.obj (.text:UARTIntEnable)
                  00004d0c    00000006                   : gpio.obj (.text:GPIOIntClear)
                  00004d12    00000006                   : gpio.obj (.text:GPIOPinRead)
                  00004d18    00000006                   : gpio.obj (.text:GPIOPinWrite)
                  00004d1e    00000006                   : sysctl.obj (.text:SysCtlDelay)
                  00004d24    00000006                   : uart.obj (.text:UARTClockSourceSet)
                  00004d2a    00000006                   : uart.obj (.text:UARTFIFOLevelSet)
                  00004d30    00000004                   : timer.obj (.text:TimerIntClear)
                  00004d34    00000004                   : uart.obj (.text:UARTIntClear)
                  00004d38    00000004     rtsv7M4_T_le_v4SPD16_eabi.lib : pre_init.c.obj (.text:_system_pre_init)
                  00004d3c    00000004                                   : exit.c.obj (.text:abort:abort)

.const     0    00004d40    00000a0c     
                  00004d40    000005f0     OLED.obj (.const:.string:F8X16)
                  00005330    00000228     OLED.obj (.const:F6x8)
                  00005558    00000090     driverlib.lib : gpio.obj (.const:g_pui32GPIOBaseAddrs)
                  000055e8    00000070                   : interrupt.obj (.const)
                  00005658    0000006c                   : sysctl.obj (.const:g_pui32Xtals)
                  000056c4    00000004     uartstdio.obj (.const)
                  000056c8    00000058     sonar.obj (.const:$P$T0$3)
                  00005720    00000012     uartstdio.obj (.const:.string)
                  00005732    00000002     --HOLE-- [fill = 0]
                  00005734    0000000c     uartstdio.obj (.const:g_ui32UARTBase)
                  00005740    0000000c     uartstdio.obj (.const:g_ui32UARTPeriph)

.cinit     0    00005750    00000150     
                  00005750    00000125     (.cinit..data.load) [load image, compression = lzss]
                  00005875    00000003     --HOLE-- [fill = 0]
                  00005878    0000000c     (__TI_handler_table)
                  00005884    00000004     --HOLE-- [fill = 0]
                  00005888    00000008     (.cinit..bss.load) [load image, compression = zero_init]
                  00005890    00000010     (__TI_cinit_table)

.init_array 
*          0    00000000    00000000     UNINITIALIZED

.data      0    20000000    00000269     UNINITIALIZED
                  20000000    00000180     OLED.obj (.data:Hzk)
                  20000180    00000038     pid.obj (.data)
                  200001b8    00000028     Mavlink_test.obj (.data:Rx_Buffer_attitude)
                  200001e0    00000023     Timer.obj (.data)
                  20000203    00000001     main.obj (.data)
                  20000204    00000018     Control.obj (.data)
                  2000021c    00000014     Mavlink_test.obj (.data:Rx_Buffer_height)
                  20000230    0000000a     pwm.obj (.data)
                  2000023a    00000004     uart_echo.obj (.data)
                  2000023e    00000002     --HOLE--
                  20000240    0000000a     sonar.obj (.data)
                  2000024a    00000002     --HOLE--
                  2000024c    00000008     sonar.obj (.data:ui32Time$1)
                  20000254    00000007     Mavlink_test.obj (.data)
                  2000025b    00000001     --HOLE--
                  2000025c    00000007     key.obj (.data)
                  20000263    00000001     --HOLE--
                  20000264    00000005     uartstdio.obj (.data)

.bss       0    20000470    0000013a     UNINITIALIZED
                  20000470    00000030     (.common:Source_attitude_payload)
                  200004a0    0000001d     Mavlink_test.obj (.bss)
                  200004bd    00000001     (.common:KeyPress0)
                  200004be    00000002     (.common:RealAttitude_pitch)
                  200004c0    0000001c     (.common:PID_Data_H)
                  200004dc    0000001c     (.common:PID_Data_X)
                  200004f8    0000001c     (.common:PID_Data_Y)
                  20000514    0000001c     (.common:PID_H)
                  20000530    0000001c     (.common:PID_X)
                  2000054c    0000001c     (.common:PID_Y)
                  20000568    00000010     (.common:ReciveData_UART0)
                  20000578    00000010     (.common:ReciveData_UART1)
                  20000588    00000008     (.common:Source_Rangefinder_payload)
                  20000590    00000004     (.common:Distance_old)
                  20000594    00000004     (.common:Para_Compared)
                  20000598    00000004     (.common:ReadPin0)
                  2000059c    00000004     (.common:ReadPin4)
                  200005a0    00000002     (.common:RealAttitude_roll)
                  200005a2    00000002     (.common:RealAttitude_yaw)
                  200005a4    00000002     (.common:Real_XCoordinate)
                  200005a6    00000002     (.common:Real_YCoordinate)
                  200005a8    00000001     (.common:rx_buffer)
                  200005a9    00000001     (.common:temp)

.stack     0    20000270    00000200     UNINITIALIZED
                  20000270    00000004     rtsv7M4_T_le_v4SPD16_eabi.lib : boot_cortex_m.c.obj (.stack)
                  20000274    000001fc     --HOLE--

MODULE SUMMARY

       Module                         code    ro data   rw data
       ------                         ----    -------   -------
    .\
       main.obj                       712     0         2      
       tm4c123gh6pm_startup_ccs.obj   12      620       0      
    +--+------------------------------+-------+---------+---------+
       Total:                         724     620       2      
                                                               
    .\0.96'OLED\
       OLED.obj                       2092    2072      384    
    +--+------------------------------+-------+---------+---------+
       Total:                         2092    2072      384    
                                                               
    .\Control\
       Control.obj                    1168    0         34     
    +--+------------------------------+-------+---------+---------+
       Total:                         1168    0         34     
                                                               
    .\Filter\
       filter.obj                     432     0         0      
    +--+------------------------------+-------+---------+---------+
       Total:                         432     0         0      
                                                               
    .\MavLink_Receive\
       Mavlink_test.obj               1104    0         153    
    +--+------------------------------+-------+---------+---------+
       Total:                         1104    0         153    
                                                               
    .\Pid\
       pid.obj                        2180    0         228    
    +--+------------------------------+-------+---------+---------+
       Total:                         2180    0         228    
                                                               
    .\Pwm\
       pwm.obj                        492     0         10     
    +--+------------------------------+-------+---------+---------+
       Total:                         492     0         10     
                                                               
    .\Timer\
       Timer.obj                      1232    0         35     
    +--+------------------------------+-------+---------+---------+
       Total:                         1232    0         35     
                                                               
    .\colorful_LED\
       colorful_LED.obj               668     0         0      
    +--+------------------------------+-------+---------+---------+
       Total:                         668     0         0      
                                                               
    .\delay\
       delay.obj                      64      0         0      
    +--+------------------------------+-------+---------+---------+
       Total:                         64      0         0      
                                                               
    .\key\
       key.obj                        876     0         15     
    +--+------------------------------+-------+---------+---------+
       Total:                         876     0         15     
                                                               
    .\sonar\
       sonar.obj                      456     88        18     
    +--+------------------------------+-------+---------+---------+
       Total:                         456     88        18     
                                                               
    .\uart\
       uart_echo.obj                  2132    0         41     
       uartstdio.obj                  1180    46        5      
    +--+------------------------------+-------+---------+---------+
       Total:                         3312    46        46     
                                                               
    E:/elec/TM4/TivaWare/driverlib/ccs/Debug/driverlib.lib
       sysctl.obj                     706     108       0      
       gpio.obj                       642     144       0      
       interrupt.obj                  224     112       0      
       uart.obj                       228     0         0      
       timer.obj                      170     0         0      
       pwm.obj                        138     0         0      
       fpu.obj                        32      0         0      
       cpu.obj                        12      0         0      
    +--+------------------------------+-------+---------+---------+
       Total:                         2152    364       0      
                                                               
    E:\elec\ti\ccs740\ccsv7\tools\compiler\ti-cgt-arm_18.1.5.LTS\lib\rtsv7M4_T_le_v4SPD16_eabi.lib
       fd_add_t2.asm.obj              438     0         0      
       fd_div_t2.asm.obj              310     0         0      
       fd_cmp_t2.asm.obj              268     0         0      
       fd_mul_t2.asm.obj              252     0         0      
       memcpy_t2.asm.obj              156     0         0      
       memset_t2.asm.obj              122     0         0      
       fd_tos_t2.asm.obj              110     0         0      
       copy_decompress_lzss.c.obj     104     0         0      
       fd_toi_t2.asm.obj              72      0         0      
       autoinit.c.obj                 68      0         0      
       u_divt2.asm.obj                64      0         0      
       boot_cortex_m.c.obj            56      0         0      
       fs_tod_t2.asm.obj              56      0         0      
       i_tofd_t2.asm.obj              46      0         0      
       u_tofd_t2.asm.obj              32      0         0      
       copy_zero_init.c.obj           18      0         0      
       copy_decompress_none.c.obj     14      0         0      
       exit.c.obj                     4       0         0      
       pre_init.c.obj                 4       0         0      
       div0.asm.obj                   2       0         0      
    +--+------------------------------+-------+---------+---------+
       Total:                         2196    0         0      
                                                               
       Stack:                         0       0         512    
       Linker Generated:              0       329       0      
    +--+------------------------------+-------+---------+---------+
       Grand Total:                   19148   3519      1437   


LINKER GENERATED COPY TABLES

__TI_cinit_table @ 00005890 records: 2, size/record: 8, table size: 16
	.data: load addr=00005750, load size=00000125 bytes, run addr=20000000, run size=00000269 bytes, compression=lzss
	.bss: load addr=00005888, load size=00000008 bytes, run addr=20000470, run size=0000013a bytes, compression=zero_init


LINKER GENERATED HANDLER TABLE

__TI_handler_table @ 00005878 records: 3, size/record: 4, table size: 12
	index: 0, handler: __TI_decompress_lzss
	index: 1, handler: __TI_decompress_none
	index: 2, handler: __TI_zero_init


GLOBAL SYMBOLS: SORTED ALPHABETICALLY BY Name 

address   name                          
-------   ----                          
0000270b  AltitudeHold                  
0000286d  AttitudeProtection            
000029cd  Attitude_Data_Store           
00002cfd  Attitude_init                 
0000368d  BeepPwmInit                   
200001ec  Beep_Counter                  
200001e8  Beep_Flag                     
200001f0  Beep_Fre                      
00004d3d  C$$EXIT                       
00004c7b  CPUcpsie                      
20000214  Chane1_Stable                 
20000216  Chane2_Stable                 
20000218  Chane3_Stable                 
2000021a  Chane4_Stable                 
20000212  Control_Open                  
20000213  Control_Serial                
200001e4  Counter                       
20000188  DEFAULT_KD_X                  
20000194  DEFAULT_KD_Y                  
20000184  DEFAULT_KI_X                  
20000190  DEFAULT_KI_Y                  
20000180  DEFAULT_KP_X                  
2000018c  DEFAULT_KP_Y                  
20000248  DataIsReady                   
000048ad  Delay_ms                      
00001b71  Delay_s_Timer                 
000048cb  Delay_us                      
0000280d  Display                       
00002d1d  Distance_init                 
20000590  Distance_old                  
2000020c  Error_Distance                
00005330  F6x8                          
00004d40  F8X16                         
00004bc9  FPUEnable                     
00004bd9  FPULazyStackingEnable         
00004a6f  GPIODirModeSet                
00004d0d  GPIOIntClear                  
00004c19  GPIOIntDisable                
00004c87  GPIOIntEnable                 
00004c27  GPIOIntStatus                 
00004739  GPIOIntTypeSet                
00003edf  GPIOPadConfigSet              
00004791  GPIOPinConfigure              
00004d13  GPIOPinRead                   
00004b5d  GPIOPinTypeGPIOInput          
00004b1b  GPIOPinTypeGPIOOutput         
00004b6f  GPIOPinTypePWM                
00004b81  GPIOPinTypeUART               
00004d19  GPIOPinWrite                  
00001345  GPIO_Init                     
00003957  GetAverageDistance            
000026df  Get_Coordinate                
000026f1  Get_Distance                  
20000204  Goal_Distance                 
00003129  HardwareConfig                
20000000  Hzk                           
00001367  IIC_Start                     
00001397  IIC_Stop                      
000013bd  IIC_Wait_Ack                  
000045a1  IntDisable                    
00004609  IntEnable                     
00004be9  IntMasterEnable               
000038c5  Int_Handler_GPIOA             
00002ecd  Int_Handler_GPIOF             
20000261  KEY_L                         
20000262  KEY_R                         
200004bd  KeyPress0                     
2000025c  KeyPress4                     
00002dbd  Key_Configure                 
00002deb  Key_Interrupt                 
00002e0b  Key_Scan                      
00003491  LED_Color                     
000033f1  LED_ColorInit                 
000034db  LED_Config                    
000034f7  LED_Set                       
000025ed  LandMode                      
0000362d  Led_Twinkle                   
00003c9b  LimitingFilter                
000025ad  LockPixhawk                   
0000296d  Mav_recive_UART2_Config       
00002d31  Mavlink_DateInit              
20000260  Mode_Flag                     
000015c1  OLED_Clear                    
000015a5  OLED_Display_Off              
00001589  OLED_Display_On               
000019dd  OLED_DrawBMP                  
00001a8d  OLED_Init                     
00001629  OLED_On                       
0000154f  OLED_Set_Pos                  
00001921  OLED_ShowCHinese              
0000169d  OLED_ShowChar                 
000017e9  OLED_ShowNum                  
000018b7  OLED_ShowString               
000014c3  OLED_WR_Byte                  
000027a9  OledDisplayInit               
200004c0  PID_Data_H                    
200004dc  PID_Data_X                    
200004f8  PID_Data_Y                    
20000514  PID_H                         
0000026d  PID_Init                      
20000530  PID_X                         
2000054c  PID_Y                         
00004bf9  PWMDeadBandEnable             
00004a99  PWMGenConfigure               
00004c93  PWMGenDisable                 
00004c9f  PWMGenEnable                  
00004c09  PWMGenPeriodSet               
00004b93  PWMOutputState                
00004afd  PWMPulseWidthSet              
20000594  Para_Compared                 
2000023b  Para_Report                   
0000262d  Point_Filter                  
000003c9  Position_PID                  
20000230  PwmChannel_1                  
20000232  PwmChannel_2                  
20000234  PwmChannel_3                  
20000236  PwmChannel_4                  
20000238  PwmChannel_5                  
0000370d  PwmConfig                     
20000598  ReadPin0                      
2000059c  ReadPin4                      
200004be  RealAttitude_pitch            
200005a0  RealAttitude_roll             
200005a2  RealAttitude_yaw              
20000208  Real_Distance                 
200005a4  Real_XCoordinate              
200005a6  Real_YCoordinate              
20000568  ReciveData_UART0              
20000578  ReciveData_UART1              
2000023a  ReciveData_i_UART0            
2000023c  ReciveData_i_UART1            
00004cab  ResetISR                      
00003c21  SelectSort                    
000038a3  SonarTrig                     
00003879  Sonar_Configure               
000039cb  Sonar_GPIOA_Configure         
000039e9  Sonar_GPIOA_Interrupt         
20000588  Source_Rangefinder_payload    
20000470  Source_attitude_payload       
00004011  SysCtlClockGet                
0000421d  SysCtlClockSet                
00004d1f  SysCtlDelay                   
00004b35  SysCtlPWMClockSet             
00004a0d  SysCtlPeripheralEnable        
0000492d  SysCtlPeripheralPresent       
00004965  SysCtlPeripheralReady         
200001e0  Time_Flag                     
00001beb  Timer0IntHandler              
00001bbb  Timer0_Config                 
0000069d  Timer1IntHandler              
00001c49  Timer1_Config                 
00001ce1  Timer2IntHandler              
00001c7f  Timer2_Config                 
000046d9  TimerConfigure                
00004c35  TimerEnable                   
00004d31  TimerIntClear                 
00004cb7  TimerIntDisable               
00004cfd  TimerIntEnable                
00004cc1  TimerIntStatus                
00004ba5  TimerLoadSet                  
00004ccb  TimerValueGet                 
00000b5d  UART0Send                     
00000c05  UART1IntHandler               
0000115d  UART1Send                     
00002a03  UART2IntHandler               
00001263  UART3Iint                     
000011e9  UART3IntHandler               
00001233  UART3Send                     
00004cd5  UARTCharGet                   
00004c43  UARTCharGetNonBlocking        
00004cdf  UARTCharPut                   
00004c51  UARTCharPutNonBlocking        
00004c5f  UARTCharsAvail                
00004d25  UARTClockSourceSet            
00004821  UARTConfigSetExpClk           
00004abd  UARTDisable                   
00004b49  UARTEnable                    
00004ce9  UARTFIFOEnable                
00004d2b  UARTFIFOLevelSet              
00004d35  UARTIntClear                  
00004d05  UARTIntEnable                 
00000af1  UARTIntHandler                
00004cf3  UARTIntStatus                 
00002041  UARTStdioConfig               
00002187  UARTgetc                      
000020cd  UARTgets                      
000024a7  UARTprintf                    
000021ad  UARTvprintf                   
00002087  UARTwrite                     
00000b85  Uart0Iint                     
0000118b  Uart1Iint                     
000024dd  UnlockPixhawk                 
000013d5  Write_IIC_Byte                
00001463  Write_IIC_Command             
00001493  Write_IIC_Data                
20000470  __STACK_END                   
00000200  __STACK_SIZE                  
20000470  __STACK_TOP                   
00005890  __TI_CINIT_Base               
000058a0  __TI_CINIT_Limit              
00005878  __TI_Handler_Table_Base       
00005884  __TI_Handler_Table_Limit      
00004869  __TI_auto_init_nobinit_nopinit
00004671  __TI_decompress_lzss          
00004c6d  __TI_decompress_none          
ffffffff  __TI_pprof_out_hndl           
ffffffff  __TI_prof_data_size           
ffffffff  __TI_prof_data_start          
00000000  __TI_static_base__            
00004bb7  __TI_zero_init_nomemset       
000043ad  __aeabi_cdcmpeq               
000043ad  __aeabi_cdcmple               
00004433  __aeabi_cdrcmple              
00004533  __aeabi_d2f                   
000047d9  __aeabi_d2iz                  
00003a4b  __aeabi_dadd                  
00003da9  __aeabi_ddiv                  
00004121  __aeabi_dmul                  
00003a41  __aeabi_dsub                  
000049d5  __aeabi_f2d                   
00004a41  __aeabi_i2d                   
00003bf7  __aeabi_idiv0                 
00003bf7  __aeabi_ldiv0                 
000044b9  __aeabi_memclr                
000044b9  __aeabi_memclr4               
000044b9  __aeabi_memclr8               
00004311  __aeabi_memcpy                
00004311  __aeabi_memcpy4               
00004311  __aeabi_memcpy8               
000044bb  __aeabi_memset                
000044bb  __aeabi_memset4               
000044bb  __aeabi_memset8               
00004add  __aeabi_ui2d                  
000048ed  __aeabi_uidiv                 
000048ed  __aeabi_uidivmod              
ffffffff  __binit__                     
ffffffff  __c_args__                    
UNDEFED   __mpu_init                    
20000270  __stack                       
0000499d  _c_int00_noargs               
UNDEFED   _system_post_cinit            
00004d39  _system_pre_init              
00004d3d  abort                         
200001ff  away_flag                     
20000200  away_over                     
200001fe  awaycount_sta                 
ffffffff  binit                         
20000254  calculate_Flag                
00002b69  calculate_test                
2000023d  count                         
20000210  err_pitch                     
2000020e  err_roll                      
2000019c  err_x                         
200001a0  err_y                         
20000240  fPeriod                       
000014e1  fill_picture                  
200001fc  follow_flag                   
200001fb  followcount_sta               
00000000  g_pfnVectors                  
200001b4  get_x                         
200001b6  get_y                         
20000201  k                             
200001fd  land_away_car                 
200001f8  land_car_sta                  
200001f9  land_carcount_sta             
200001fa  land_carcount_sta3            
200001f6  land_coun_sta                 
200001f4  land_counter                  
200001f5  land_counter3                 
200001f7  land_mode1_stablize_sta       
200001a4  last_err_x                    
200001a8  last_err_y                    
00003179  main                          
00004311  memcpy                        
000044c1  memset                        
20000203  mode4                         
20000255  newAttiFlag                   
20000256  newHeightFlag                 
000017b9  oled_pow                      
200001ac  pre_last_err_x                
200001b0  pre_last_err_y                
200005a8  rx_buffer                     
2000019a  start_PID_H                   
20000198  start_PID_X                   
20000199  start_PID_Y                   
00003bf9  swap                          
200005a9  temp                          


GLOBAL SYMBOLS: SORTED BY Symbol Address 

address   name                          
-------   ----                          
00000000  __TI_static_base__            
00000000  g_pfnVectors                  
00000200  __STACK_SIZE                  
0000026d  PID_Init                      
000003c9  Position_PID                  
0000069d  Timer1IntHandler              
00000af1  UARTIntHandler                
00000b5d  UART0Send                     
00000b85  Uart0Iint                     
00000c05  UART1IntHandler               
0000115d  UART1Send                     
0000118b  Uart1Iint                     
000011e9  UART3IntHandler               
00001233  UART3Send                     
00001263  UART3Iint                     
00001345  GPIO_Init                     
00001367  IIC_Start                     
00001397  IIC_Stop                      
000013bd  IIC_Wait_Ack                  
000013d5  Write_IIC_Byte                
00001463  Write_IIC_Command             
00001493  Write_IIC_Data                
000014c3  OLED_WR_Byte                  
000014e1  fill_picture                  
0000154f  OLED_Set_Pos                  
00001589  OLED_Display_On               
000015a5  OLED_Display_Off              
000015c1  OLED_Clear                    
00001629  OLED_On                       
0000169d  OLED_ShowChar                 
000017b9  oled_pow                      
000017e9  OLED_ShowNum                  
000018b7  OLED_ShowString               
00001921  OLED_ShowCHinese              
000019dd  OLED_DrawBMP                  
00001a8d  OLED_Init                     
00001b71  Delay_s_Timer                 
00001bbb  Timer0_Config                 
00001beb  Timer0IntHandler              
00001c49  Timer1_Config                 
00001c7f  Timer2_Config                 
00001ce1  Timer2IntHandler              
00002041  UARTStdioConfig               
00002087  UARTwrite                     
000020cd  UARTgets                      
00002187  UARTgetc                      
000021ad  UARTvprintf                   
000024a7  UARTprintf                    
000024dd  UnlockPixhawk                 
000025ad  LockPixhawk                   
000025ed  LandMode                      
0000262d  Point_Filter                  
000026df  Get_Coordinate                
000026f1  Get_Distance                  
0000270b  AltitudeHold                  
000027a9  OledDisplayInit               
0000280d  Display                       
0000286d  AttitudeProtection            
0000296d  Mav_recive_UART2_Config       
000029cd  Attitude_Data_Store           
00002a03  UART2IntHandler               
00002b69  calculate_test                
00002cfd  Attitude_init                 
00002d1d  Distance_init                 
00002d31  Mavlink_DateInit              
00002dbd  Key_Configure                 
00002deb  Key_Interrupt                 
00002e0b  Key_Scan                      
00002ecd  Int_Handler_GPIOF             
00003129  HardwareConfig                
00003179  main                          
000033f1  LED_ColorInit                 
00003491  LED_Color                     
000034db  LED_Config                    
000034f7  LED_Set                       
0000362d  Led_Twinkle                   
0000368d  BeepPwmInit                   
0000370d  PwmConfig                     
00003879  Sonar_Configure               
000038a3  SonarTrig                     
000038c5  Int_Handler_GPIOA             
00003957  GetAverageDistance            
000039cb  Sonar_GPIOA_Configure         
000039e9  Sonar_GPIOA_Interrupt         
00003a41  __aeabi_dsub                  
00003a4b  __aeabi_dadd                  
00003bf7  __aeabi_idiv0                 
00003bf7  __aeabi_ldiv0                 
00003bf9  swap                          
00003c21  SelectSort                    
00003c9b  LimitingFilter                
00003da9  __aeabi_ddiv                  
00003edf  GPIOPadConfigSet              
00004011  SysCtlClockGet                
00004121  __aeabi_dmul                  
0000421d  SysCtlClockSet                
00004311  __aeabi_memcpy                
00004311  __aeabi_memcpy4               
00004311  __aeabi_memcpy8               
00004311  memcpy                        
000043ad  __aeabi_cdcmpeq               
000043ad  __aeabi_cdcmple               
00004433  __aeabi_cdrcmple              
000044b9  __aeabi_memclr                
000044b9  __aeabi_memclr4               
000044b9  __aeabi_memclr8               
000044bb  __aeabi_memset                
000044bb  __aeabi_memset4               
000044bb  __aeabi_memset8               
000044c1  memset                        
00004533  __aeabi_d2f                   
000045a1  IntDisable                    
00004609  IntEnable                     
00004671  __TI_decompress_lzss          
000046d9  TimerConfigure                
00004739  GPIOIntTypeSet                
00004791  GPIOPinConfigure              
000047d9  __aeabi_d2iz                  
00004821  UARTConfigSetExpClk           
00004869  __TI_auto_init_nobinit_nopinit
000048ad  Delay_ms                      
000048cb  Delay_us                      
000048ed  __aeabi_uidiv                 
000048ed  __aeabi_uidivmod              
0000492d  SysCtlPeripheralPresent       
00004965  SysCtlPeripheralReady         
0000499d  _c_int00_noargs               
000049d5  __aeabi_f2d                   
00004a0d  SysCtlPeripheralEnable        
00004a41  __aeabi_i2d                   
00004a6f  GPIODirModeSet                
00004a99  PWMGenConfigure               
00004abd  UARTDisable                   
00004add  __aeabi_ui2d                  
00004afd  PWMPulseWidthSet              
00004b1b  GPIOPinTypeGPIOOutput         
00004b35  SysCtlPWMClockSet             
00004b49  UARTEnable                    
00004b5d  GPIOPinTypeGPIOInput          
00004b6f  GPIOPinTypePWM                
00004b81  GPIOPinTypeUART               
00004b93  PWMOutputState                
00004ba5  TimerLoadSet                  
00004bb7  __TI_zero_init_nomemset       
00004bc9  FPUEnable                     
00004bd9  FPULazyStackingEnable         
00004be9  IntMasterEnable               
00004bf9  PWMDeadBandEnable             
00004c09  PWMGenPeriodSet               
00004c19  GPIOIntDisable                
00004c27  GPIOIntStatus                 
00004c35  TimerEnable                   
00004c43  UARTCharGetNonBlocking        
00004c51  UARTCharPutNonBlocking        
00004c5f  UARTCharsAvail                
00004c6d  __TI_decompress_none          
00004c7b  CPUcpsie                      
00004c87  GPIOIntEnable                 
00004c93  PWMGenDisable                 
00004c9f  PWMGenEnable                  
00004cab  ResetISR                      
00004cb7  TimerIntDisable               
00004cc1  TimerIntStatus                
00004ccb  TimerValueGet                 
00004cd5  UARTCharGet                   
00004cdf  UARTCharPut                   
00004ce9  UARTFIFOEnable                
00004cf3  UARTIntStatus                 
00004cfd  TimerIntEnable                
00004d05  UARTIntEnable                 
00004d0d  GPIOIntClear                  
00004d13  GPIOPinRead                   
00004d19  GPIOPinWrite                  
00004d1f  SysCtlDelay                   
00004d25  UARTClockSourceSet            
00004d2b  UARTFIFOLevelSet              
00004d31  TimerIntClear                 
00004d35  UARTIntClear                  
00004d39  _system_pre_init              
00004d3d  C$$EXIT                       
00004d3d  abort                         
00004d40  F8X16                         
00005330  F6x8                          
00005878  __TI_Handler_Table_Base       
00005884  __TI_Handler_Table_Limit      
00005890  __TI_CINIT_Base               
000058a0  __TI_CINIT_Limit              
20000000  Hzk                           
20000180  DEFAULT_KP_X                  
20000184  DEFAULT_KI_X                  
20000188  DEFAULT_KD_X                  
2000018c  DEFAULT_KP_Y                  
20000190  DEFAULT_KI_Y                  
20000194  DEFAULT_KD_Y                  
20000198  start_PID_X                   
20000199  start_PID_Y                   
2000019a  start_PID_H                   
2000019c  err_x                         
200001a0  err_y                         
200001a4  last_err_x                    
200001a8  last_err_y                    
200001ac  pre_last_err_x                
200001b0  pre_last_err_y                
200001b4  get_x                         
200001b6  get_y                         
200001e0  Time_Flag                     
200001e4  Counter                       
200001e8  Beep_Flag                     
200001ec  Beep_Counter                  
200001f0  Beep_Fre                      
200001f4  land_counter                  
200001f5  land_counter3                 
200001f6  land_coun_sta                 
200001f7  land_mode1_stablize_sta       
200001f8  land_car_sta                  
200001f9  land_carcount_sta             
200001fa  land_carcount_sta3            
200001fb  followcount_sta               
200001fc  follow_flag                   
200001fd  land_away_car                 
200001fe  awaycount_sta                 
200001ff  away_flag                     
20000200  away_over                     
20000201  k                             
20000203  mode4                         
20000204  Goal_Distance                 
20000208  Real_Distance                 
2000020c  Error_Distance                
2000020e  err_roll                      
20000210  err_pitch                     
20000212  Control_Open                  
20000213  Control_Serial                
20000214  Chane1_Stable                 
20000216  Chane2_Stable                 
20000218  Chane3_Stable                 
2000021a  Chane4_Stable                 
20000230  PwmChannel_1                  
20000232  PwmChannel_2                  
20000234  PwmChannel_3                  
20000236  PwmChannel_4                  
20000238  PwmChannel_5                  
2000023a  ReciveData_i_UART0            
2000023b  Para_Report                   
2000023c  ReciveData_i_UART1            
2000023d  count                         
20000240  fPeriod                       
20000248  DataIsReady                   
20000254  calculate_Flag                
20000255  newAttiFlag                   
20000256  newHeightFlag                 
2000025c  KeyPress4                     
20000260  Mode_Flag                     
20000261  KEY_L                         
20000262  KEY_R                         
20000270  __stack                       
20000470  Source_attitude_payload       
20000470  __STACK_END                   
20000470  __STACK_TOP                   
200004bd  KeyPress0                     
200004be  RealAttitude_pitch            
200004c0  PID_Data_H                    
200004dc  PID_Data_X                    
200004f8  PID_Data_Y                    
20000514  PID_H                         
20000530  PID_X                         
2000054c  PID_Y                         
20000568  ReciveData_UART0              
20000578  ReciveData_UART1              
20000588  Source_Rangefinder_payload    
20000590  Distance_old                  
20000594  Para_Compared                 
20000598  ReadPin0                      
2000059c  ReadPin4                      
200005a0  RealAttitude_roll             
200005a2  RealAttitude_yaw              
200005a4  Real_XCoordinate              
200005a6  Real_YCoordinate              
200005a8  rx_buffer                     
200005a9  temp                          
ffffffff  __TI_pprof_out_hndl           
ffffffff  __TI_prof_data_size           
ffffffff  __TI_prof_data_start          
ffffffff  __binit__                     
ffffffff  __c_args__                    
ffffffff  binit                         
UNDEFED   __mpu_init                    
UNDEFED   _system_post_cinit            

[287 symbols]
