<?xml version="1.0" encoding="ISO-8859-1" ?>
<link_info>
   <banner>TI ARM Linker PC v18.1.5.LTS</banner>
   <copyright>Copyright (c) 1996-2018 Texas Instruments Incorporated</copyright>
   <link_time>0x5c59a06b</link_time>
   <link_errors>0x0</link_errors>
   <output_file>Four_axes_2019_winterfinal.out</output_file>
   <entry_point>
      <name>_c_int00_noargs</name>
      <address>0x499d</address>
   </entry_point>
   <input_file_list>
      <input_file id="fl-2">
         <path>.\</path>
         <kind>object</kind>
         <file>main.obj</file>
         <name>main.obj</name>
      </input_file>
      <input_file id="fl-3">
         <path>.\</path>
         <kind>object</kind>
         <file>tm4c123gh6pm_startup_ccs.obj</file>
         <name>tm4c123gh6pm_startup_ccs.obj</name>
      </input_file>
      <input_file id="fl-4">
         <path>.\0.96&apos;OLED\</path>
         <kind>object</kind>
         <file>OLED.obj</file>
         <name>OLED.obj</name>
      </input_file>
      <input_file id="fl-5">
         <path>.\Beep\</path>
         <kind>object</kind>
         <file>Beep.obj</file>
         <name>Beep.obj</name>
      </input_file>
      <input_file id="fl-6">
         <path>.\Control\</path>
         <kind>object</kind>
         <file>Control.obj</file>
         <name>Control.obj</name>
      </input_file>
      <input_file id="fl-7">
         <path>.\Filter\</path>
         <kind>object</kind>
         <file>filter.obj</file>
         <name>filter.obj</name>
      </input_file>
      <input_file id="fl-8">
         <path>.\MavLink_Receive\</path>
         <kind>object</kind>
         <file>Mavlink_test.obj</file>
         <name>Mavlink_test.obj</name>
      </input_file>
      <input_file id="fl-9">
         <path>.\Pid\</path>
         <kind>object</kind>
         <file>pid.obj</file>
         <name>pid.obj</name>
      </input_file>
      <input_file id="fl-a">
         <path>.\Pwm\</path>
         <kind>object</kind>
         <file>pwm.obj</file>
         <name>pwm.obj</name>
      </input_file>
      <input_file id="fl-b">
         <path>.\Timer\</path>
         <kind>object</kind>
         <file>Timer.obj</file>
         <name>Timer.obj</name>
      </input_file>
      <input_file id="fl-c">
         <path>.\colorful_LED\</path>
         <kind>object</kind>
         <file>colorful_LED.obj</file>
         <name>colorful_LED.obj</name>
      </input_file>
      <input_file id="fl-d">
         <path>.\delay\</path>
         <kind>object</kind>
         <file>delay.obj</file>
         <name>delay.obj</name>
      </input_file>
      <input_file id="fl-e">
         <path>.\key\</path>
         <kind>object</kind>
         <file>key.obj</file>
         <name>key.obj</name>
      </input_file>
      <input_file id="fl-f">
         <path>.\sonar\</path>
         <kind>object</kind>
         <file>sonar.obj</file>
         <name>sonar.obj</name>
      </input_file>
      <input_file id="fl-10">
         <path>.\uart\</path>
         <kind>object</kind>
         <file>uart_echo.obj</file>
         <name>uart_echo.obj</name>
      </input_file>
      <input_file id="fl-11">
         <path>.\uart\</path>
         <kind>object</kind>
         <file>uartstdio.obj</file>
         <name>uartstdio.obj</name>
      </input_file>
      <input_file id="fl-16">
         <kind>object</kind>
         <file>&lt;internal&gt;</file>
         <name>&lt;internal&gt;</name>
      </input_file>
      <input_file id="fl-cc">
         <path>E:\elec\ti\ccs740\ccsv7\tools\compiler\ti-cgt-arm_18.1.5.LTS\lib\</path>
         <kind>archive</kind>
         <file>rtsv7M4_T_le_v4SPD16_eabi.lib</file>
         <name>memset_t2.asm.obj</name>
      </input_file>
      <input_file id="fl-cd">
         <path>E:\elec\ti\ccs740\ccsv7\tools\compiler\ti-cgt-arm_18.1.5.LTS\lib\</path>
         <kind>archive</kind>
         <file>rtsv7M4_T_le_v4SPD16_eabi.lib</file>
         <name>u_divt2.asm.obj</name>
      </input_file>
      <input_file id="fl-ce">
         <path>E:\elec\ti\ccs740\ccsv7\tools\compiler\ti-cgt-arm_18.1.5.LTS\lib\</path>
         <kind>archive</kind>
         <file>rtsv7M4_T_le_v4SPD16_eabi.lib</file>
         <name>fd_add_t2.asm.obj</name>
      </input_file>
      <input_file id="fl-cf">
         <path>E:\elec\ti\ccs740\ccsv7\tools\compiler\ti-cgt-arm_18.1.5.LTS\lib\</path>
         <kind>archive</kind>
         <file>rtsv7M4_T_le_v4SPD16_eabi.lib</file>
         <name>fd_cmp_t2.asm.obj</name>
      </input_file>
      <input_file id="fl-d0">
         <path>E:\elec\ti\ccs740\ccsv7\tools\compiler\ti-cgt-arm_18.1.5.LTS\lib\</path>
         <kind>archive</kind>
         <file>rtsv7M4_T_le_v4SPD16_eabi.lib</file>
         <name>fd_div_t2.asm.obj</name>
      </input_file>
      <input_file id="fl-d1">
         <path>E:\elec\ti\ccs740\ccsv7\tools\compiler\ti-cgt-arm_18.1.5.LTS\lib\</path>
         <kind>archive</kind>
         <file>rtsv7M4_T_le_v4SPD16_eabi.lib</file>
         <name>fd_mul_t2.asm.obj</name>
      </input_file>
      <input_file id="fl-d2">
         <path>E:\elec\ti\ccs740\ccsv7\tools\compiler\ti-cgt-arm_18.1.5.LTS\lib\</path>
         <kind>archive</kind>
         <file>rtsv7M4_T_le_v4SPD16_eabi.lib</file>
         <name>fd_toi_t2.asm.obj</name>
      </input_file>
      <input_file id="fl-d3">
         <path>E:\elec\ti\ccs740\ccsv7\tools\compiler\ti-cgt-arm_18.1.5.LTS\lib\</path>
         <kind>archive</kind>
         <file>rtsv7M4_T_le_v4SPD16_eabi.lib</file>
         <name>fd_tos_t2.asm.obj</name>
      </input_file>
      <input_file id="fl-d4">
         <path>E:\elec\ti\ccs740\ccsv7\tools\compiler\ti-cgt-arm_18.1.5.LTS\lib\</path>
         <kind>archive</kind>
         <file>rtsv7M4_T_le_v4SPD16_eabi.lib</file>
         <name>fs_tod_t2.asm.obj</name>
      </input_file>
      <input_file id="fl-d5">
         <path>E:\elec\ti\ccs740\ccsv7\tools\compiler\ti-cgt-arm_18.1.5.LTS\lib\</path>
         <kind>archive</kind>
         <file>rtsv7M4_T_le_v4SPD16_eabi.lib</file>
         <name>i_tofd_t2.asm.obj</name>
      </input_file>
      <input_file id="fl-d6">
         <path>E:\elec\ti\ccs740\ccsv7\tools\compiler\ti-cgt-arm_18.1.5.LTS\lib\</path>
         <kind>archive</kind>
         <file>rtsv7M4_T_le_v4SPD16_eabi.lib</file>
         <name>memcpy_t2.asm.obj</name>
      </input_file>
      <input_file id="fl-d7">
         <path>E:\elec\ti\ccs740\ccsv7\tools\compiler\ti-cgt-arm_18.1.5.LTS\lib\</path>
         <kind>archive</kind>
         <file>rtsv7M4_T_le_v4SPD16_eabi.lib</file>
         <name>u_tofd_t2.asm.obj</name>
      </input_file>
      <input_file id="fl-d8">
         <path>E:\elec\ti\ccs740\ccsv7\tools\compiler\ti-cgt-arm_18.1.5.LTS\lib\</path>
         <kind>archive</kind>
         <file>rtsv7M4_T_le_v4SPD16_eabi.lib</file>
         <name>copy_zero_init.c.obj</name>
      </input_file>
      <input_file id="fl-d9">
         <path>E:\elec\ti\ccs740\ccsv7\tools\compiler\ti-cgt-arm_18.1.5.LTS\lib\</path>
         <kind>archive</kind>
         <file>rtsv7M4_T_le_v4SPD16_eabi.lib</file>
         <name>copy_decompress_none.c.obj</name>
      </input_file>
      <input_file id="fl-da">
         <path>E:\elec\ti\ccs740\ccsv7\tools\compiler\ti-cgt-arm_18.1.5.LTS\lib\</path>
         <kind>archive</kind>
         <file>rtsv7M4_T_le_v4SPD16_eabi.lib</file>
         <name>copy_decompress_lzss.c.obj</name>
      </input_file>
      <input_file id="fl-db">
         <path>E:\elec\ti\ccs740\ccsv7\tools\compiler\ti-cgt-arm_18.1.5.LTS\lib\</path>
         <kind>archive</kind>
         <file>rtsv7M4_T_le_v4SPD16_eabi.lib</file>
         <name>boot_cortex_m.c.obj</name>
      </input_file>
      <input_file id="fl-dc">
         <path>E:\elec\ti\ccs740\ccsv7\tools\compiler\ti-cgt-arm_18.1.5.LTS\lib\</path>
         <kind>archive</kind>
         <file>rtsv7M4_T_le_v4SPD16_eabi.lib</file>
         <name>exit.c.obj</name>
      </input_file>
      <input_file id="fl-dd">
         <path>E:\elec\ti\ccs740\ccsv7\tools\compiler\ti-cgt-arm_18.1.5.LTS\lib\</path>
         <kind>archive</kind>
         <file>rtsv7M4_T_le_v4SPD16_eabi.lib</file>
         <name>_lock.c.obj</name>
      </input_file>
      <input_file id="fl-de">
         <path>E:\elec\ti\ccs740\ccsv7\tools\compiler\ti-cgt-arm_18.1.5.LTS\lib\</path>
         <kind>archive</kind>
         <file>rtsv7M4_T_le_v4SPD16_eabi.lib</file>
         <name>args_main.c.obj</name>
      </input_file>
      <input_file id="fl-df">
         <path>E:\elec\ti\ccs740\ccsv7\tools\compiler\ti-cgt-arm_18.1.5.LTS\lib\</path>
         <kind>archive</kind>
         <file>rtsv7M4_T_le_v4SPD16_eabi.lib</file>
         <name>div0.asm.obj</name>
      </input_file>
      <input_file id="fl-e0">
         <path>E:\elec\ti\ccs740\ccsv7\tools\compiler\ti-cgt-arm_18.1.5.LTS\lib\</path>
         <kind>archive</kind>
         <file>rtsv7M4_T_le_v4SPD16_eabi.lib</file>
         <name>autoinit.c.obj</name>
      </input_file>
      <input_file id="fl-e1">
         <path>E:\elec\ti\ccs740\ccsv7\tools\compiler\ti-cgt-arm_18.1.5.LTS\lib\</path>
         <kind>archive</kind>
         <file>rtsv7M4_T_le_v4SPD16_eabi.lib</file>
         <name>pre_init.c.obj</name>
      </input_file>
      <input_file id="fl-e2">
         <path>E:\elec\ti\ccs740\ccsv7\tools\compiler\ti-cgt-arm_18.1.5.LTS\lib\</path>
         <kind>archive</kind>
         <file>rtsv7M4_T_le_v4SPD16_eabi.lib</file>
         <name>cpy_tbl.c.obj</name>
      </input_file>
      <input_file id="fl-e3">
         <path>E:\elec\TM4\TivaWare\driverlib\ccs\Debug\</path>
         <kind>archive</kind>
         <file>driverlib.lib</file>
         <name>fpu.obj</name>
      </input_file>
      <input_file id="fl-e4">
         <path>E:\elec\TM4\TivaWare\driverlib\ccs\Debug\</path>
         <kind>archive</kind>
         <file>driverlib.lib</file>
         <name>gpio.obj</name>
      </input_file>
      <input_file id="fl-e5">
         <path>E:\elec\TM4\TivaWare\driverlib\ccs\Debug\</path>
         <kind>archive</kind>
         <file>driverlib.lib</file>
         <name>interrupt.obj</name>
      </input_file>
      <input_file id="fl-e6">
         <path>E:\elec\TM4\TivaWare\driverlib\ccs\Debug\</path>
         <kind>archive</kind>
         <file>driverlib.lib</file>
         <name>pwm.obj</name>
      </input_file>
      <input_file id="fl-e7">
         <path>E:\elec\TM4\TivaWare\driverlib\ccs\Debug\</path>
         <kind>archive</kind>
         <file>driverlib.lib</file>
         <name>sysctl.obj</name>
      </input_file>
      <input_file id="fl-e8">
         <path>E:\elec\TM4\TivaWare\driverlib\ccs\Debug\</path>
         <kind>archive</kind>
         <file>driverlib.lib</file>
         <name>timer.obj</name>
      </input_file>
      <input_file id="fl-e9">
         <path>E:\elec\TM4\TivaWare\driverlib\ccs\Debug\</path>
         <kind>archive</kind>
         <file>driverlib.lib</file>
         <name>uart.obj</name>
      </input_file>
      <input_file id="fl-ea">
         <path>E:\elec\TM4\TivaWare\driverlib\ccs\Debug\</path>
         <kind>archive</kind>
         <file>driverlib.lib</file>
         <name>cpu.obj</name>
      </input_file>
   </input_file_list>
   <object_component_list>
      <object_component id="oc-f">
         <name>.intvecs</name>
         <load_address>0x0</load_address>
         <run_address>0x0</run_address>
         <size>0x26c</size>
         <input_file_ref idref="fl-3"/>
      </object_component>
      <object_component id="oc-3c">
         <name>.text</name>
         <load_address>0x26c</load_address>
         <run_address>0x26c</run_address>
         <size>0x884</size>
         <input_file_ref idref="fl-9"/>
      </object_component>
      <object_component id="oc-30">
         <name>.text</name>
         <load_address>0xaf0</load_address>
         <run_address>0xaf0</run_address>
         <size>0x854</size>
         <input_file_ref idref="fl-10"/>
      </object_component>
      <object_component id="oc-1d1">
         <name>.text</name>
         <load_address>0x1344</load_address>
         <run_address>0x1344</run_address>
         <size>0x82c</size>
         <input_file_ref idref="fl-4"/>
      </object_component>
      <object_component id="oc-36">
         <name>.text</name>
         <load_address>0x1b70</load_address>
         <run_address>0x1b70</run_address>
         <size>0x4d0</size>
         <input_file_ref idref="fl-b"/>
      </object_component>
      <object_component id="oc-138">
         <name>.text</name>
         <load_address>0x2040</load_address>
         <run_address>0x2040</run_address>
         <size>0x49c</size>
         <input_file_ref idref="fl-11"/>
      </object_component>
      <object_component id="oc-144">
         <name>.text</name>
         <load_address>0x24dc</load_address>
         <run_address>0x24dc</run_address>
         <size>0x490</size>
         <input_file_ref idref="fl-6"/>
      </object_component>
      <object_component id="oc-48">
         <name>.text</name>
         <load_address>0x296c</load_address>
         <run_address>0x296c</run_address>
         <size>0x450</size>
         <input_file_ref idref="fl-8"/>
      </object_component>
      <object_component id="oc-42">
         <name>.text</name>
         <load_address>0x2dbc</load_address>
         <run_address>0x2dbc</run_address>
         <size>0x36c</size>
         <input_file_ref idref="fl-e"/>
      </object_component>
      <object_component id="oc-22b">
         <name>.text</name>
         <load_address>0x3128</load_address>
         <run_address>0x3128</run_address>
         <size>0x2c8</size>
         <input_file_ref idref="fl-2"/>
      </object_component>
      <object_component id="oc-1d7">
         <name>.text</name>
         <load_address>0x33f0</load_address>
         <run_address>0x33f0</run_address>
         <size>0x29c</size>
         <input_file_ref idref="fl-c"/>
      </object_component>
      <object_component id="oc-354">
         <name>.text</name>
         <load_address>0x368c</load_address>
         <run_address>0x368c</run_address>
         <size>0x1ec</size>
         <input_file_ref idref="fl-a"/>
      </object_component>
      <object_component id="oc-2a">
         <name>.text</name>
         <load_address>0x3878</load_address>
         <run_address>0x3878</run_address>
         <size>0x1c8</size>
         <input_file_ref idref="fl-f"/>
      </object_component>
      <object_component id="oc-14f">
         <name>.text</name>
         <load_address>0x3a40</load_address>
         <run_address>0x3a40</run_address>
         <size>0x1b6</size>
         <input_file_ref idref="fl-ce"/>
      </object_component>
      <object_component id="oc-3d5">
         <name>.text</name>
         <load_address>0x3bf6</load_address>
         <run_address>0x3bf6</run_address>
         <size>0x2</size>
         <input_file_ref idref="fl-df"/>
      </object_component>
      <object_component id="oc-cf">
         <name>.text</name>
         <load_address>0x3bf8</load_address>
         <run_address>0x3bf8</run_address>
         <size>0x1b0</size>
         <input_file_ref idref="fl-7"/>
      </object_component>
      <object_component id="oc-265">
         <name>.text</name>
         <load_address>0x3da8</load_address>
         <run_address>0x3da8</run_address>
         <size>0x136</size>
         <input_file_ref idref="fl-d0"/>
      </object_component>
      <object_component id="oc-1c5">
         <name>.text:GPIOPadConfigSet</name>
         <load_address>0x3ede</load_address>
         <run_address>0x3ede</run_address>
         <size>0x132</size>
         <input_file_ref idref="fl-e4"/>
      </object_component>
      <object_component id="oc-113">
         <name>.text:SysCtlClockGet</name>
         <load_address>0x4010</load_address>
         <run_address>0x4010</run_address>
         <size>0x110</size>
         <input_file_ref idref="fl-e7"/>
      </object_component>
      <object_component id="oc-ca">
         <name>.text</name>
         <load_address>0x4120</load_address>
         <run_address>0x4120</run_address>
         <size>0xfc</size>
         <input_file_ref idref="fl-d1"/>
      </object_component>
      <object_component id="oc-366">
         <name>.text:SysCtlClockSet</name>
         <load_address>0x421c</load_address>
         <run_address>0x421c</run_address>
         <size>0xf4</size>
         <input_file_ref idref="fl-e7"/>
      </object_component>
      <object_component id="oc-5c">
         <name>.text</name>
         <load_address>0x4310</load_address>
         <run_address>0x4310</run_address>
         <size>0x9c</size>
         <input_file_ref idref="fl-d6"/>
      </object_component>
      <object_component id="oc-256">
         <name>.text:__aeabi_cdcmple</name>
         <load_address>0x43ac</load_address>
         <run_address>0x43ac</run_address>
         <size>0x86</size>
         <input_file_ref idref="fl-cf"/>
      </object_component>
      <object_component id="oc-25b">
         <name>.text:__aeabi_cdrcmple</name>
         <load_address>0x4432</load_address>
         <run_address>0x4432</run_address>
         <size>0x86</size>
         <input_file_ref idref="fl-cf"/>
      </object_component>
      <object_component id="oc-1ee">
         <name>.text</name>
         <load_address>0x44b8</load_address>
         <run_address>0x44b8</run_address>
         <size>0x7a</size>
         <input_file_ref idref="fl-cc"/>
      </object_component>
      <object_component id="oc-154">
         <name>.text</name>
         <load_address>0x4532</load_address>
         <run_address>0x4532</run_address>
         <size>0x6e</size>
         <input_file_ref idref="fl-d3"/>
      </object_component>
      <object_component id="oc-186">
         <name>.text:IntDisable</name>
         <load_address>0x45a0</load_address>
         <run_address>0x45a0</run_address>
         <size>0x68</size>
         <input_file_ref idref="fl-e5"/>
      </object_component>
      <object_component id="oc-e1">
         <name>.text:IntEnable</name>
         <load_address>0x4608</load_address>
         <run_address>0x4608</run_address>
         <size>0x68</size>
         <input_file_ref idref="fl-e5"/>
      </object_component>
      <object_component id="oc-12">
         <name>.text:decompress:lzss:__TI_decompress_lzss</name>
         <load_address>0x4670</load_address>
         <run_address>0x4670</run_address>
         <size>0x68</size>
         <input_file_ref idref="fl-da"/>
      </object_component>
      <object_component id="oc-17a">
         <name>.text:TimerConfigure</name>
         <load_address>0x46d8</load_address>
         <run_address>0x46d8</run_address>
         <size>0x60</size>
         <input_file_ref idref="fl-e8"/>
      </object_component>
      <object_component id="oc-bf">
         <name>.text:GPIOIntTypeSet</name>
         <load_address>0x4738</load_address>
         <run_address>0x4738</run_address>
         <size>0x56</size>
         <input_file_ref idref="fl-e4"/>
      </object_component>
      <object_component id="oc-126">
         <name>.text:GPIOPinConfigure</name>
         <load_address>0x4790</load_address>
         <run_address>0x4790</run_address>
         <size>0x48</size>
         <input_file_ref idref="fl-e4"/>
      </object_component>
      <object_component id="oc-2d3">
         <name>.text</name>
         <load_address>0x47d8</load_address>
         <run_address>0x47d8</run_address>
         <size>0x48</size>
         <input_file_ref idref="fl-d2"/>
      </object_component>
      <object_component id="oc-168">
         <name>.text:UARTConfigSetExpClk</name>
         <load_address>0x4820</load_address>
         <run_address>0x4820</run_address>
         <size>0x46</size>
         <input_file_ref idref="fl-e9"/>
      </object_component>
      <object_component id="oc-37c">
         <name>.text:__TI_auto_init_nobinit_nopinit:__TI_auto_init_nobinit_nopinit</name>
         <load_address>0x4868</load_address>
         <run_address>0x4868</run_address>
         <size>0x44</size>
         <input_file_ref idref="fl-e0"/>
      </object_component>
      <object_component id="oc-a7">
         <name>.text</name>
         <load_address>0x48ac</load_address>
         <run_address>0x48ac</run_address>
         <size>0x40</size>
         <input_file_ref idref="fl-d"/>
      </object_component>
      <object_component id="oc-2bb">
         <name>.text</name>
         <load_address>0x48ec</load_address>
         <run_address>0x48ec</run_address>
         <size>0x40</size>
         <input_file_ref idref="fl-cd"/>
      </object_component>
      <object_component id="oc-29a">
         <name>.text:SysCtlPeripheralPresent</name>
         <load_address>0x492c</load_address>
         <run_address>0x492c</run_address>
         <size>0x38</size>
         <input_file_ref idref="fl-e7"/>
      </object_component>
      <object_component id="oc-95">
         <name>.text:SysCtlPeripheralReady</name>
         <load_address>0x4964</load_address>
         <run_address>0x4964</run_address>
         <size>0x38</size>
         <input_file_ref idref="fl-e7"/>
      </object_component>
      <object_component id="oc-7a">
         <name>.text:_c_int00_noargs:_c_int00_noargs</name>
         <load_address>0x499c</load_address>
         <run_address>0x499c</run_address>
         <size>0x38</size>
         <input_file_ref idref="fl-db"/>
      </object_component>
      <object_component id="oc-14a">
         <name>.text</name>
         <load_address>0x49d4</load_address>
         <run_address>0x49d4</run_address>
         <size>0x38</size>
         <input_file_ref idref="fl-d4"/>
      </object_component>
      <object_component id="oc-8f">
         <name>.text:SysCtlPeripheralEnable</name>
         <load_address>0x4a0c</load_address>
         <run_address>0x4a0c</run_address>
         <size>0x34</size>
         <input_file_ref idref="fl-e7"/>
      </object_component>
      <object_component id="oc-260">
         <name>.text</name>
         <load_address>0x4a40</load_address>
         <run_address>0x4a40</run_address>
         <size>0x2e</size>
         <input_file_ref idref="fl-d5"/>
      </object_component>
      <object_component id="oc-245">
         <name>.text:GPIODirModeSet</name>
         <load_address>0x4a6e</load_address>
         <run_address>0x4a6e</run_address>
         <size>0x2a</size>
         <input_file_ref idref="fl-e4"/>
      </object_component>
      <object_component id="oc-318">
         <name>.text:PWMGenConfigure</name>
         <load_address>0x4a98</load_address>
         <run_address>0x4a98</run_address>
         <size>0x22</size>
         <input_file_ref idref="fl-e6"/>
      </object_component>
      <object_component id="oc-2e4">
         <name>.text:UARTDisable</name>
         <load_address>0x4abc</load_address>
         <run_address>0x4abc</run_address>
         <size>0x20</size>
         <input_file_ref idref="fl-e9"/>
      </object_component>
      <object_component id="oc-c5">
         <name>.text</name>
         <load_address>0x4adc</load_address>
         <run_address>0x4adc</run_address>
         <size>0x20</size>
         <input_file_ref idref="fl-d7"/>
      </object_component>
      <object_component id="oc-1b5">
         <name>.text:PWMPulseWidthSet</name>
         <load_address>0x4afc</load_address>
         <run_address>0x4afc</run_address>
         <size>0x1e</size>
         <input_file_ref idref="fl-e6"/>
      </object_component>
      <object_component id="oc-9b">
         <name>.text:GPIOPinTypeGPIOOutput</name>
         <load_address>0x4b1a</load_address>
         <run_address>0x4b1a</run_address>
         <size>0x18</size>
         <input_file_ref idref="fl-e4"/>
      </object_component>
      <object_component id="oc-30c">
         <name>.text:SysCtlPWMClockSet</name>
         <load_address>0x4b34</load_address>
         <run_address>0x4b34</run_address>
         <size>0x14</size>
         <input_file_ref idref="fl-e7"/>
      </object_component>
      <object_component id="oc-2a0">
         <name>.text:UARTEnable</name>
         <load_address>0x4b48</load_address>
         <run_address>0x4b48</run_address>
         <size>0x14</size>
         <input_file_ref idref="fl-e9"/>
      </object_component>
      <object_component id="oc-d5">
         <name>.text:GPIOPinTypeGPIOInput</name>
         <load_address>0x4b5c</load_address>
         <run_address>0x4b5c</run_address>
         <size>0x12</size>
         <input_file_ref idref="fl-e4"/>
      </object_component>
      <object_component id="oc-312">
         <name>.text:GPIOPinTypePWM</name>
         <load_address>0x4b6e</load_address>
         <run_address>0x4b6e</run_address>
         <size>0x12</size>
         <input_file_ref idref="fl-e4"/>
      </object_component>
      <object_component id="oc-12c">
         <name>.text:GPIOPinTypeUART</name>
         <load_address>0x4b80</load_address>
         <run_address>0x4b80</run_address>
         <size>0x12</size>
         <input_file_ref idref="fl-e4"/>
      </object_component>
      <object_component id="oc-324">
         <name>.text:PWMOutputState</name>
         <load_address>0x4b92</load_address>
         <run_address>0x4b92</run_address>
         <size>0x12</size>
         <input_file_ref idref="fl-e6"/>
      </object_component>
      <object_component id="oc-180">
         <name>.text:TimerLoadSet</name>
         <load_address>0x4ba4</load_address>
         <run_address>0x4ba4</run_address>
         <size>0x12</size>
         <input_file_ref idref="fl-e8"/>
      </object_component>
      <object_component id="oc-68">
         <name>.text:decompress:ZI:__TI_zero_init_nomemset:__TI_zero_init_nomemset</name>
         <load_address>0x4bb6</load_address>
         <run_address>0x4bb6</run_address>
         <size>0x12</size>
         <input_file_ref idref="fl-d8"/>
      </object_component>
      <object_component id="oc-35a">
         <name>.text:FPUEnable</name>
         <load_address>0x4bc8</load_address>
         <run_address>0x4bc8</run_address>
         <size>0x10</size>
         <input_file_ref idref="fl-e3"/>
      </object_component>
      <object_component id="oc-360">
         <name>.text:FPULazyStackingEnable</name>
         <load_address>0x4bd8</load_address>
         <run_address>0x4bd8</run_address>
         <size>0x10</size>
         <input_file_ref idref="fl-e3"/>
      </object_component>
      <object_component id="oc-e7">
         <name>.text:IntMasterEnable</name>
         <load_address>0x4be8</load_address>
         <run_address>0x4be8</run_address>
         <size>0x10</size>
         <input_file_ref idref="fl-e5"/>
      </object_component>
      <object_component id="oc-3f2">
         <name>.text:PWMDeadBandEnable</name>
         <load_address>0x4bf8</load_address>
         <run_address>0x4bf8</run_address>
         <size>0x10</size>
         <input_file_ref idref="fl-e6"/>
      </object_component>
      <object_component id="oc-31e">
         <name>.text:PWMGenPeriodSet</name>
         <load_address>0x4c08</load_address>
         <run_address>0x4c08</run_address>
         <size>0x10</size>
         <input_file_ref idref="fl-e6"/>
      </object_component>
      <object_component id="oc-1cb">
         <name>.text:GPIOIntDisable</name>
         <load_address>0x4c18</load_address>
         <run_address>0x4c18</run_address>
         <size>0xe</size>
         <input_file_ref idref="fl-e4"/>
      </object_component>
      <object_component id="oc-ad">
         <name>.text:GPIOIntStatus</name>
         <load_address>0x4c26</load_address>
         <run_address>0x4c26</run_address>
         <size>0xe</size>
         <input_file_ref idref="fl-e4"/>
      </object_component>
      <object_component id="oc-18c">
         <name>.text:TimerEnable</name>
         <load_address>0x4c34</load_address>
         <run_address>0x4c34</run_address>
         <size>0xe</size>
         <input_file_ref idref="fl-e8"/>
      </object_component>
      <object_component id="oc-10d">
         <name>.text:UARTCharGetNonBlocking</name>
         <load_address>0x4c42</load_address>
         <run_address>0x4c42</run_address>
         <size>0xe</size>
         <input_file_ref idref="fl-e9"/>
      </object_component>
      <object_component id="oc-120">
         <name>.text:UARTCharPutNonBlocking</name>
         <load_address>0x4c50</load_address>
         <run_address>0x4c50</run_address>
         <size>0xe</size>
         <input_file_ref idref="fl-e9"/>
      </object_component>
      <object_component id="oc-11a">
         <name>.text:UARTCharsAvail</name>
         <load_address>0x4c5e</load_address>
         <run_address>0x4c5e</run_address>
         <size>0xe</size>
         <input_file_ref idref="fl-e9"/>
      </object_component>
      <object_component id="oc-18">
         <name>.text:decompress:none:__TI_decompress_none</name>
         <load_address>0x4c6c</load_address>
         <run_address>0x4c6c</run_address>
         <size>0xe</size>
         <input_file_ref idref="fl-d9"/>
      </object_component>
      <object_component id="oc-273">
         <name>.text:CPUcpsie</name>
         <load_address>0x4c7a</load_address>
         <run_address>0x4c7a</run_address>
         <size>0xc</size>
         <input_file_ref idref="fl-ea"/>
      </object_component>
      <object_component id="oc-db">
         <name>.text:GPIOIntEnable</name>
         <load_address>0x4c86</load_address>
         <run_address>0x4c86</run_address>
         <size>0xc</size>
         <input_file_ref idref="fl-e4"/>
      </object_component>
      <object_component id="oc-3f8">
         <name>.text:PWMGenDisable</name>
         <load_address>0x4c92</load_address>
         <run_address>0x4c92</run_address>
         <size>0xc</size>
         <input_file_ref idref="fl-e6"/>
      </object_component>
      <object_component id="oc-32a">
         <name>.text:PWMGenEnable</name>
         <load_address>0x4c9e</load_address>
         <run_address>0x4c9e</run_address>
         <size>0xc</size>
         <input_file_ref idref="fl-e6"/>
      </object_component>
      <object_component id="oc-24">
         <name>.text</name>
         <load_address>0x4caa</load_address>
         <run_address>0x4caa</run_address>
         <size>0xc</size>
         <input_file_ref idref="fl-3"/>
      </object_component>
      <object_component id="oc-1af">
         <name>.text:TimerIntDisable</name>
         <load_address>0x4cb6</load_address>
         <run_address>0x4cb6</run_address>
         <size>0xa</size>
         <input_file_ref idref="fl-e8"/>
      </object_component>
      <object_component id="oc-192">
         <name>.text:TimerIntStatus</name>
         <load_address>0x4cc0</load_address>
         <run_address>0x4cc0</run_address>
         <size>0xa</size>
         <input_file_ref idref="fl-e8"/>
      </object_component>
      <object_component id="oc-b9">
         <name>.text:TimerValueGet</name>
         <load_address>0x4cca</load_address>
         <run_address>0x4cca</run_address>
         <size>0xa</size>
         <input_file_ref idref="fl-e8"/>
      </object_component>
      <object_component id="oc-2ac">
         <name>.text:UARTCharGet</name>
         <load_address>0x4cd4</load_address>
         <run_address>0x4cd4</run_address>
         <size>0xa</size>
         <input_file_ref idref="fl-e9"/>
      </object_component>
      <object_component id="oc-2a6">
         <name>.text:UARTCharPut</name>
         <load_address>0x4cde</load_address>
         <run_address>0x4cde</run_address>
         <size>0xa</size>
         <input_file_ref idref="fl-e9"/>
      </object_component>
      <object_component id="oc-1e2">
         <name>.text:UARTFIFOEnable</name>
         <load_address>0x4ce8</load_address>
         <run_address>0x4ce8</run_address>
         <size>0xa</size>
         <input_file_ref idref="fl-e9"/>
      </object_component>
      <object_component id="oc-101">
         <name>.text:UARTIntStatus</name>
         <load_address>0x4cf2</load_address>
         <run_address>0x4cf2</run_address>
         <size>0xa</size>
         <input_file_ref idref="fl-e9"/>
      </object_component>
      <object_component id="oc-1a4">
         <name>.text:TimerIntEnable</name>
         <load_address>0x4cfc</load_address>
         <run_address>0x4cfc</run_address>
         <size>0x8</size>
         <input_file_ref idref="fl-e8"/>
      </object_component>
      <object_component id="oc-16e">
         <name>.text:UARTIntEnable</name>
         <load_address>0x4d04</load_address>
         <run_address>0x4d04</run_address>
         <size>0x8</size>
         <input_file_ref idref="fl-e9"/>
      </object_component>
      <object_component id="oc-b3">
         <name>.text:GPIOIntClear</name>
         <load_address>0x4d0c</load_address>
         <run_address>0x4d0c</run_address>
         <size>0x6</size>
         <input_file_ref idref="fl-e4"/>
      </object_component>
      <object_component id="oc-19e">
         <name>.text:GPIOPinRead</name>
         <load_address>0x4d12</load_address>
         <run_address>0x4d12</run_address>
         <size>0x6</size>
         <input_file_ref idref="fl-e4"/>
      </object_component>
      <object_component id="oc-a1">
         <name>.text:GPIOPinWrite</name>
         <load_address>0x4d18</load_address>
         <run_address>0x4d18</run_address>
         <size>0x6</size>
         <input_file_ref idref="fl-e4"/>
      </object_component>
      <object_component id="oc-119">
         <name>.text:SysCtlDelay</name>
         <load_address>0x4d1e</load_address>
         <run_address>0x4d1e</run_address>
         <size>0x6</size>
         <input_file_ref idref="fl-e7"/>
      </object_component>
      <object_component id="oc-132">
         <name>.text:UARTClockSourceSet</name>
         <load_address>0x4d24</load_address>
         <run_address>0x4d24</run_address>
         <size>0x6</size>
         <input_file_ref idref="fl-e9"/>
      </object_component>
      <object_component id="oc-1e8">
         <name>.text:UARTFIFOLevelSet</name>
         <load_address>0x4d2a</load_address>
         <run_address>0x4d2a</run_address>
         <size>0x6</size>
         <input_file_ref idref="fl-e9"/>
      </object_component>
      <object_component id="oc-198">
         <name>.text:TimerIntClear</name>
         <load_address>0x4d30</load_address>
         <run_address>0x4d30</run_address>
         <size>0x4</size>
         <input_file_ref idref="fl-e8"/>
      </object_component>
      <object_component id="oc-107">
         <name>.text:UARTIntClear</name>
         <load_address>0x4d34</load_address>
         <run_address>0x4d34</run_address>
         <size>0x4</size>
         <input_file_ref idref="fl-e9"/>
      </object_component>
      <object_component id="oc-225">
         <name>.text:_system_pre_init</name>
         <load_address>0x4d38</load_address>
         <run_address>0x4d38</run_address>
         <size>0x4</size>
         <input_file_ref idref="fl-e1"/>
      </object_component>
      <object_component id="oc-370">
         <name>.text:abort:abort</name>
         <load_address>0x4d3c</load_address>
         <run_address>0x4d3c</run_address>
         <size>0x4</size>
         <input_file_ref idref="fl-dc"/>
      </object_component>
      <object_component id="oc-301">
         <name>.const:.string:F8X16</name>
         <load_address>0x4d40</load_address>
         <run_address>0x4d40</run_address>
         <size>0x5f0</size>
         <input_file_ref idref="fl-4"/>
      </object_component>
      <object_component id="oc-304">
         <name>.const:F6x8</name>
         <load_address>0x5330</load_address>
         <run_address>0x5330</run_address>
         <size>0x228</size>
         <input_file_ref idref="fl-4"/>
      </object_component>
      <object_component id="oc-294">
         <name>.const:g_pui32GPIOBaseAddrs</name>
         <load_address>0x5558</load_address>
         <run_address>0x5558</run_address>
         <size>0x90</size>
         <input_file_ref idref="fl-e4"/>
      </object_component>
      <object_component id="oc-26e">
         <name>.const</name>
         <load_address>0x55e8</load_address>
         <run_address>0x55e8</run_address>
         <size>0x70</size>
         <input_file_ref idref="fl-e5"/>
      </object_component>
      <object_component id="oc-28e">
         <name>.const:g_pui32Xtals</name>
         <load_address>0x5658</load_address>
         <run_address>0x5658</run_address>
         <size>0x6c</size>
         <input_file_ref idref="fl-e7"/>
      </object_component>
      <object_component id="oc-2c0">
         <name>.const</name>
         <load_address>0x56c4</load_address>
         <run_address>0x56c4</run_address>
         <size>0x4</size>
         <input_file_ref idref="fl-11"/>
      </object_component>
      <object_component id="oc-f1">
         <name>.const:$P$T0$3</name>
         <load_address>0x56c8</load_address>
         <run_address>0x56c8</run_address>
         <size>0x58</size>
         <input_file_ref idref="fl-f"/>
      </object_component>
      <object_component id="oc-3db">
         <name>.const:.string</name>
         <load_address>0x5720</load_address>
         <run_address>0x5720</run_address>
         <size>0x12</size>
         <input_file_ref idref="fl-11"/>
      </object_component>
      <object_component id="oc-2b8">
         <name>.const:g_ui32UARTBase</name>
         <load_address>0x5734</load_address>
         <run_address>0x5734</run_address>
         <size>0xc</size>
         <input_file_ref idref="fl-11"/>
      </object_component>
      <object_component id="oc-2b2">
         <name>.const:g_ui32UARTPeriph</name>
         <load_address>0x5740</load_address>
         <run_address>0x5740</run_address>
         <size>0xc</size>
         <input_file_ref idref="fl-11"/>
      </object_component>
      <object_component id="oc-485">
         <name>.cinit..data.load</name>
         <load_address>0x5750</load_address>
         <run_address>0x5750</run_address>
         <size>0x125</size>
      </object_component>
      <object_component id="oc-483">
         <name>__TI_handler_table</name>
         <load_address>0x5878</load_address>
         <run_address>0x5878</run_address>
         <size>0xc</size>
      </object_component>
      <object_component id="oc-486">
         <name>.cinit..bss.load</name>
         <load_address>0x5888</load_address>
         <run_address>0x5888</run_address>
         <size>0x8</size>
      </object_component>
      <object_component id="oc-484">
         <name>__TI_cinit_table</name>
         <load_address>0x5890</load_address>
         <run_address>0x5890</run_address>
         <size>0x10</size>
      </object_component>
      <object_component id="oc-36c">
         <name>.data</name>
         <load_address>0x20000203</load_address>
         <run_address>0x20000203</run_address>
         <size>0x1</size>
         <input_file_ref idref="fl-2"/>
      </object_component>
      <object_component id="oc-307">
         <name>.data:Hzk</name>
         <load_address>0x20000000</load_address>
         <run_address>0x20000000</run_address>
         <size>0x180</size>
         <input_file_ref idref="fl-4"/>
      </object_component>
      <object_component id="oc-15a">
         <name>.data</name>
         <load_address>0x20000204</load_address>
         <run_address>0x20000204</run_address>
         <size>0x18</size>
         <input_file_ref idref="fl-6"/>
      </object_component>
      <object_component id="oc-1fc">
         <name>.data</name>
         <load_address>0x20000254</load_address>
         <run_address>0x20000254</run_address>
         <size>0x7</size>
         <input_file_ref idref="fl-8"/>
      </object_component>
      <object_component id="oc-1f3">
         <name>.data:Rx_Buffer_attitude</name>
         <load_address>0x200001b8</load_address>
         <run_address>0x200001b8</run_address>
         <size>0x28</size>
         <input_file_ref idref="fl-8"/>
      </object_component>
      <object_component id="oc-200">
         <name>.data:Rx_Buffer_height</name>
         <load_address>0x2000021c</load_address>
         <run_address>0x2000021c</run_address>
         <size>0x14</size>
         <input_file_ref idref="fl-8"/>
      </object_component>
      <object_component id="oc-1bb">
         <name>.data</name>
         <load_address>0x20000180</load_address>
         <run_address>0x20000180</run_address>
         <size>0x38</size>
         <input_file_ref idref="fl-9"/>
      </object_component>
      <object_component id="oc-3fe">
         <name>.data</name>
         <load_address>0x20000230</load_address>
         <run_address>0x20000230</run_address>
         <size>0xa</size>
         <input_file_ref idref="fl-a"/>
      </object_component>
      <object_component id="oc-160">
         <name>.data</name>
         <load_address>0x200001e0</load_address>
         <run_address>0x200001e0</run_address>
         <size>0x23</size>
         <input_file_ref idref="fl-b"/>
      </object_component>
      <object_component id="oc-15d">
         <name>.data</name>
         <load_address>0x2000025c</load_address>
         <run_address>0x2000025c</run_address>
         <size>0x7</size>
         <input_file_ref idref="fl-e"/>
      </object_component>
      <object_component id="oc-ee">
         <name>.data</name>
         <load_address>0x20000240</load_address>
         <run_address>0x20000240</run_address>
         <size>0xa</size>
         <input_file_ref idref="fl-f"/>
      </object_component>
      <object_component id="oc-ed">
         <name>.data:ui32Time$1</name>
         <load_address>0x2000024c</load_address>
         <run_address>0x2000024c</run_address>
         <size>0x8</size>
         <input_file_ref idref="fl-f"/>
      </object_component>
      <object_component id="oc-13e">
         <name>.data</name>
         <load_address>0x2000023a</load_address>
         <run_address>0x2000023a</run_address>
         <size>0x4</size>
         <input_file_ref idref="fl-10"/>
      </object_component>
      <object_component id="oc-2b5">
         <name>.data</name>
         <load_address>0x20000264</load_address>
         <run_address>0x20000264</run_address>
         <size>0x5</size>
         <input_file_ref idref="fl-11"/>
      </object_component>
      <object_component id="oc-1f6">
         <name>.bss</name>
         <uninitialized>true</uninitialized>
         <run_address>0x200004a0</run_address>
         <size>0x1d</size>
         <input_file_ref idref="fl-8"/>
      </object_component>
      <object_component id="oc-1aa">
         <name>.common:KeyPress0</name>
         <uninitialized>true</uninitialized>
         <run_address>0x200004bd</run_address>
         <size>0x1</size>
      </object_component>
      <object_component id="oc-205">
         <name>.common:RealAttitude_roll</name>
         <uninitialized>true</uninitialized>
         <run_address>0x200005a0</run_address>
         <size>0x2</size>
      </object_component>
      <object_component id="oc-204">
         <name>.common:RealAttitude_pitch</name>
         <uninitialized>true</uninitialized>
         <run_address>0x200004be</run_address>
         <size>0x2</size>
      </object_component>
      <object_component id="oc-206">
         <name>.common:RealAttitude_yaw</name>
         <uninitialized>true</uninitialized>
         <run_address>0x200005a2</run_address>
         <size>0x2</size>
      </object_component>
      <object_component id="oc-175">
         <name>.common:Real_XCoordinate</name>
         <uninitialized>true</uninitialized>
         <run_address>0x200005a4</run_address>
         <size>0x2</size>
      </object_component>
      <object_component id="oc-178">
         <name>.common:Real_YCoordinate</name>
         <uninitialized>true</uninitialized>
         <run_address>0x200005a6</run_address>
         <size>0x2</size>
      </object_component>
      <object_component id="oc-1ff">
         <name>.common:rx_buffer</name>
         <uninitialized>true</uninitialized>
         <run_address>0x200005a8</run_address>
         <size>0x1</size>
      </object_component>
      <object_component id="oc-1f9">
         <name>.common:Source_attitude_payload</name>
         <uninitialized>true</uninitialized>
         <run_address>0x20000470</run_address>
         <size>0x30</size>
      </object_component>
      <object_component id="oc-203">
         <name>.common:Source_Rangefinder_payload</name>
         <uninitialized>true</uninitialized>
         <run_address>0x20000588</run_address>
         <size>0x8</size>
      </object_component>
      <object_component id="oc-1c3">
         <name>.common:Distance_old</name>
         <uninitialized>true</uninitialized>
         <run_address>0x20000590</run_address>
         <size>0x4</size>
      </object_component>
      <object_component id="oc-163">
         <name>.common:PID_X</name>
         <uninitialized>true</uninitialized>
         <run_address>0x20000530</run_address>
         <size>0x1c</size>
      </object_component>
      <object_component id="oc-167">
         <name>.common:PID_Y</name>
         <uninitialized>true</uninitialized>
         <run_address>0x2000054c</run_address>
         <size>0x1c</size>
      </object_component>
      <object_component id="oc-1c1">
         <name>.common:PID_H</name>
         <uninitialized>true</uninitialized>
         <run_address>0x20000514</run_address>
         <size>0x1c</size>
      </object_component>
      <object_component id="oc-1bf">
         <name>.common:PID_Data_X</name>
         <uninitialized>true</uninitialized>
         <run_address>0x200004dc</run_address>
         <size>0x1c</size>
      </object_component>
      <object_component id="oc-1c0">
         <name>.common:PID_Data_Y</name>
         <uninitialized>true</uninitialized>
         <run_address>0x200004f8</run_address>
         <size>0x1c</size>
      </object_component>
      <object_component id="oc-1c2">
         <name>.common:PID_Data_H</name>
         <uninitialized>true</uninitialized>
         <run_address>0x200004c0</run_address>
         <size>0x1c</size>
      </object_component>
      <object_component id="oc-1dd">
         <name>.common:ReadPin0</name>
         <uninitialized>true</uninitialized>
         <run_address>0x20000598</run_address>
         <size>0x4</size>
      </object_component>
      <object_component id="oc-1e0">
         <name>.common:ReadPin4</name>
         <uninitialized>true</uninitialized>
         <run_address>0x2000059c</run_address>
         <size>0x4</size>
      </object_component>
      <object_component id="oc-141">
         <name>.common:ReciveData_UART0</name>
         <uninitialized>true</uninitialized>
         <run_address>0x20000568</run_address>
         <size>0x10</size>
      </object_component>
      <object_component id="oc-166">
         <name>.common:Para_Compared</name>
         <uninitialized>true</uninitialized>
         <run_address>0x20000594</run_address>
         <size>0x4</size>
      </object_component>
      <object_component id="oc-159">
         <name>.common:ReciveData_UART1</name>
         <uninitialized>true</uninitialized>
         <run_address>0x20000578</run_address>
         <size>0x10</size>
      </object_component>
      <object_component id="oc-174">
         <name>.common:temp</name>
         <uninitialized>true</uninitialized>
         <run_address>0x200005a9</run_address>
         <size>0x1</size>
      </object_component>
      <object_component id="oc-21">
         <name>.stack</name>
         <uninitialized>true</uninitialized>
         <run_address>0x20000270</run_address>
         <size>0x4</size>
         <input_file_ref idref="fl-db"/>
      </object_component>
      <object_component id="oc-487">
         <name>.stack</name>
         <uninitialized>true</uninitialized>
         <run_address>0x20000270</run_address>
         <size>0x0</size>
      </object_component>
      <object_component id="oc-1ab">
         <name>.debug_info</name>
         <load_address>0x0</load_address>
         <run_address>0x0</run_address>
         <size>0xa36</size>
         <input_file_ref idref="fl-2"/>
      </object_component>
      <object_component id="oc-36d">
         <name>.debug_info</name>
         <load_address>0xa36</load_address>
         <run_address>0xa36</run_address>
         <size>0xcf</size>
         <input_file_ref idref="fl-2"/>
      </object_component>
      <object_component id="oc-22c">
         <name>.debug_info</name>
         <load_address>0xb05</load_address>
         <run_address>0xb05</run_address>
         <size>0x43a</size>
         <input_file_ref idref="fl-2"/>
      </object_component>
      <object_component id="oc-2ce">
         <name>.debug_info</name>
         <load_address>0xf3f</load_address>
         <run_address>0xf3f</run_address>
         <size>0x165</size>
         <input_file_ref idref="fl-2"/>
      </object_component>
      <object_component id="oc-20a">
         <name>.debug_info</name>
         <load_address>0x10a4</load_address>
         <run_address>0x10a4</run_address>
         <size>0x26b</size>
         <input_file_ref idref="fl-2"/>
      </object_component>
      <object_component id="oc-280">
         <name>.debug_info</name>
         <load_address>0x130f</load_address>
         <run_address>0x130f</run_address>
         <size>0x6bd</size>
         <input_file_ref idref="fl-2"/>
      </object_component>
      <object_component id="oc-33c">
         <name>.debug_info</name>
         <load_address>0x19cc</load_address>
         <run_address>0x19cc</run_address>
         <size>0xf5</size>
         <input_file_ref idref="fl-2"/>
      </object_component>
      <object_component id="oc-fc">
         <name>.debug_info</name>
         <load_address>0x1ac1</load_address>
         <run_address>0x1ac1</run_address>
         <size>0x8b</size>
         <input_file_ref idref="fl-2"/>
      </object_component>
      <object_component id="oc-285">
         <name>.debug_info</name>
         <load_address>0x1b4c</load_address>
         <run_address>0x1b4c</run_address>
         <size>0x297</size>
         <input_file_ref idref="fl-2"/>
      </object_component>
      <object_component id="oc-f7">
         <name>.debug_info</name>
         <load_address>0x1de3</load_address>
         <run_address>0x1de3</run_address>
         <size>0xbb</size>
         <input_file_ref idref="fl-2"/>
      </object_component>
      <object_component id="oc-2c5">
         <name>.debug_info</name>
         <load_address>0x1e9e</load_address>
         <run_address>0x1e9e</run_address>
         <size>0x2c</size>
         <input_file_ref idref="fl-2"/>
      </object_component>
      <object_component id="oc-50">
         <name>.debug_info</name>
         <load_address>0x1eca</load_address>
         <run_address>0x1eca</run_address>
         <size>0x414</size>
         <input_file_ref idref="fl-3"/>
      </object_component>
      <object_component id="oc-10">
         <name>.debug_info</name>
         <load_address>0x22de</load_address>
         <run_address>0x22de</run_address>
         <size>0xf1</size>
         <input_file_ref idref="fl-3"/>
      </object_component>
      <object_component id="oc-26">
         <name>.debug_info</name>
         <load_address>0x23cf</load_address>
         <run_address>0x23cf</run_address>
         <size>0x26e</size>
         <input_file_ref idref="fl-3"/>
      </object_component>
      <object_component id="oc-57">
         <name>.debug_info</name>
         <load_address>0x263d</load_address>
         <run_address>0x263d</run_address>
         <size>0x84</size>
         <input_file_ref idref="fl-3"/>
      </object_component>
      <object_component id="oc-30b">
         <name>.debug_info</name>
         <load_address>0x26c1</load_address>
         <run_address>0x26c1</run_address>
         <size>0x377</size>
         <input_file_ref idref="fl-4"/>
      </object_component>
      <object_component id="oc-305">
         <name>.debug_info</name>
         <load_address>0x2a38</load_address>
         <run_address>0x2a38</run_address>
         <size>0xd7</size>
         <input_file_ref idref="fl-4"/>
      </object_component>
      <object_component id="oc-302">
         <name>.debug_info</name>
         <load_address>0x2b0f</load_address>
         <run_address>0x2b0f</run_address>
         <size>0xd9</size>
         <input_file_ref idref="fl-4"/>
      </object_component>
      <object_component id="oc-308">
         <name>.debug_info</name>
         <load_address>0x2be8</load_address>
         <run_address>0x2be8</run_address>
         <size>0xd5</size>
         <input_file_ref idref="fl-4"/>
      </object_component>
      <object_component id="oc-1d2">
         <name>.debug_info</name>
         <load_address>0x2cbd</load_address>
         <run_address>0x2cbd</run_address>
         <size>0x1528</size>
         <input_file_ref idref="fl-4"/>
      </object_component>
      <object_component id="oc-176">
         <name>.debug_info</name>
         <load_address>0x41e5</load_address>
         <run_address>0x41e5</run_address>
         <size>0x799</size>
         <input_file_ref idref="fl-6"/>
      </object_component>
      <object_component id="oc-15b">
         <name>.debug_info</name>
         <load_address>0x497e</load_address>
         <run_address>0x497e</run_address>
         <size>0x288</size>
         <input_file_ref idref="fl-6"/>
      </object_component>
      <object_component id="oc-145">
         <name>.debug_info</name>
         <load_address>0x4c06</load_address>
         <run_address>0x4c06</run_address>
         <size>0xa0a</size>
         <input_file_ref idref="fl-6"/>
      </object_component>
      <object_component id="oc-26b">
         <name>.debug_info</name>
         <load_address>0x5610</load_address>
         <run_address>0x5610</run_address>
         <size>0x492</size>
         <input_file_ref idref="fl-7"/>
      </object_component>
      <object_component id="oc-d0">
         <name>.debug_info</name>
         <load_address>0x5aa2</load_address>
         <run_address>0x5aa2</run_address>
         <size>0x3d0</size>
         <input_file_ref idref="fl-7"/>
      </object_component>
      <object_component id="oc-1fa">
         <name>.debug_info</name>
         <load_address>0x5e72</load_address>
         <run_address>0x5e72</run_address>
         <size>0x8f5</size>
         <input_file_ref idref="fl-8"/>
      </object_component>
      <object_component id="oc-1fd">
         <name>.debug_info</name>
         <load_address>0x6767</load_address>
         <run_address>0x6767</run_address>
         <size>0x1bf</size>
         <input_file_ref idref="fl-8"/>
      </object_component>
      <object_component id="oc-1f4">
         <name>.debug_info</name>
         <load_address>0x6926</load_address>
         <run_address>0x6926</run_address>
         <size>0x100</size>
         <input_file_ref idref="fl-8"/>
      </object_component>
      <object_component id="oc-201">
         <name>.debug_info</name>
         <load_address>0x6a26</load_address>
         <run_address>0x6a26</run_address>
         <size>0xfc</size>
         <input_file_ref idref="fl-8"/>
      </object_component>
      <object_component id="oc-1f7">
         <name>.debug_info</name>
         <load_address>0x6b22</load_address>
         <run_address>0x6b22</run_address>
         <size>0x1ea</size>
         <input_file_ref idref="fl-8"/>
      </object_component>
      <object_component id="oc-49">
         <name>.debug_info</name>
         <load_address>0x6d0c</load_address>
         <run_address>0x6d0c</run_address>
         <size>0x7b3</size>
         <input_file_ref idref="fl-8"/>
      </object_component>
      <object_component id="oc-341">
         <name>.debug_info</name>
         <load_address>0x74bf</load_address>
         <run_address>0x74bf</run_address>
         <size>0x2c</size>
         <input_file_ref idref="fl-8"/>
      </object_component>
      <object_component id="oc-164">
         <name>.debug_info</name>
         <load_address>0x74eb</load_address>
         <run_address>0x74eb</run_address>
         <size>0x8a4</size>
         <input_file_ref idref="fl-9"/>
      </object_component>
      <object_component id="oc-1bc">
         <name>.debug_info</name>
         <load_address>0x7d8f</load_address>
         <run_address>0x7d8f</run_address>
         <size>0x332</size>
         <input_file_ref idref="fl-9"/>
      </object_component>
      <object_component id="oc-3d">
         <name>.debug_info</name>
         <load_address>0x80c1</load_address>
         <run_address>0x80c1</run_address>
         <size>0x334</size>
         <input_file_ref idref="fl-9"/>
      </object_component>
      <object_component id="oc-3ff">
         <name>.debug_info</name>
         <load_address>0x83f5</load_address>
         <run_address>0x83f5</run_address>
         <size>0x184</size>
         <input_file_ref idref="fl-a"/>
      </object_component>
      <object_component id="oc-358">
         <name>.debug_info</name>
         <load_address>0x8579</load_address>
         <run_address>0x8579</run_address>
         <size>0x573</size>
         <input_file_ref idref="fl-a"/>
      </object_component>
      <object_component id="oc-1ad">
         <name>.debug_info</name>
         <load_address>0x8aec</load_address>
         <run_address>0x8aec</run_address>
         <size>0x8ba</size>
         <input_file_ref idref="fl-b"/>
      </object_component>
      <object_component id="oc-161">
         <name>.debug_info</name>
         <load_address>0x93a6</load_address>
         <run_address>0x93a6</run_address>
         <size>0x3be</size>
         <input_file_ref idref="fl-b"/>
      </object_component>
      <object_component id="oc-37">
         <name>.debug_info</name>
         <load_address>0x9764</load_address>
         <run_address>0x9764</run_address>
         <size>0x775</size>
         <input_file_ref idref="fl-b"/>
      </object_component>
      <object_component id="oc-1da">
         <name>.debug_info</name>
         <load_address>0x9ed9</load_address>
         <run_address>0x9ed9</run_address>
         <size>0x7d4</size>
         <input_file_ref idref="fl-c"/>
      </object_component>
      <object_component id="oc-a8">
         <name>.debug_info</name>
         <load_address>0xa6ad</load_address>
         <run_address>0xa6ad</run_address>
         <size>0x211</size>
         <input_file_ref idref="fl-d"/>
      </object_component>
      <object_component id="oc-1de">
         <name>.debug_info</name>
         <load_address>0xa8be</load_address>
         <run_address>0xa8be</run_address>
         <size>0x808</size>
         <input_file_ref idref="fl-e"/>
      </object_component>
      <object_component id="oc-15e">
         <name>.debug_info</name>
         <load_address>0xb0c6</load_address>
         <run_address>0xb0c6</run_address>
         <size>0x133</size>
         <input_file_ref idref="fl-e"/>
      </object_component>
      <object_component id="oc-45">
         <name>.debug_info</name>
         <load_address>0xb1f9</load_address>
         <run_address>0xb1f9</run_address>
         <size>0x60f</size>
         <input_file_ref idref="fl-e"/>
      </object_component>
      <object_component id="oc-f5">
         <name>.debug_info</name>
         <load_address>0xb808</load_address>
         <run_address>0xb808</run_address>
         <size>0x7f2</size>
         <input_file_ref idref="fl-f"/>
      </object_component>
      <object_component id="oc-ef">
         <name>.debug_info</name>
         <load_address>0xbffa</load_address>
         <run_address>0xbffa</run_address>
         <size>0x101</size>
         <input_file_ref idref="fl-f"/>
      </object_component>
      <object_component id="oc-f2">
         <name>.debug_info</name>
         <load_address>0xc0fb</load_address>
         <run_address>0xc0fb</run_address>
         <size>0xd9</size>
         <input_file_ref idref="fl-f"/>
      </object_component>
      <object_component id="oc-2c">
         <name>.debug_info</name>
         <load_address>0xc1d4</load_address>
         <run_address>0xc1d4</run_address>
         <size>0x5d4</size>
         <input_file_ref idref="fl-f"/>
      </object_component>
      <object_component id="oc-142">
         <name>.debug_info</name>
         <load_address>0xc7a8</load_address>
         <run_address>0xc7a8</run_address>
         <size>0xb24</size>
         <input_file_ref idref="fl-10"/>
      </object_component>
      <object_component id="oc-13f">
         <name>.debug_info</name>
         <load_address>0xd2cc</load_address>
         <run_address>0xd2cc</run_address>
         <size>0x16b</size>
         <input_file_ref idref="fl-10"/>
      </object_component>
      <object_component id="oc-31">
         <name>.debug_info</name>
         <load_address>0xd437</load_address>
         <run_address>0xd437</run_address>
         <size>0xc82</size>
         <input_file_ref idref="fl-10"/>
      </object_component>
      <object_component id="oc-2c4">
         <name>.debug_info</name>
         <load_address>0xe0b9</load_address>
         <run_address>0xe0b9</run_address>
         <size>0x3eb</size>
         <input_file_ref idref="fl-11"/>
      </object_component>
      <object_component id="oc-2b6">
         <name>.debug_info</name>
         <load_address>0xe4a4</load_address>
         <run_address>0xe4a4</run_address>
         <size>0xe2</size>
         <input_file_ref idref="fl-11"/>
      </object_component>
      <object_component id="oc-2c1">
         <name>.debug_info</name>
         <load_address>0xe586</load_address>
         <run_address>0xe586</run_address>
         <size>0xdc</size>
         <input_file_ref idref="fl-11"/>
      </object_component>
      <object_component id="oc-2b9">
         <name>.debug_info</name>
         <load_address>0xe662</load_address>
         <run_address>0xe662</run_address>
         <size>0xea</size>
         <input_file_ref idref="fl-11"/>
      </object_component>
      <object_component id="oc-2b3">
         <name>.debug_info</name>
         <load_address>0xe74c</load_address>
         <run_address>0xe74c</run_address>
         <size>0xee</size>
         <input_file_ref idref="fl-11"/>
      </object_component>
      <object_component id="oc-139">
         <name>.debug_info</name>
         <load_address>0xe83a</load_address>
         <run_address>0xe83a</run_address>
         <size>0x7c7</size>
         <input_file_ref idref="fl-11"/>
      </object_component>
      <object_component id="oc-1f0">
         <name>.debug_info</name>
         <load_address>0xf001</load_address>
         <run_address>0xf001</run_address>
         <size>0x14a</size>
         <input_file_ref idref="fl-cc"/>
      </object_component>
      <object_component id="oc-2bc">
         <name>.debug_info</name>
         <load_address>0xf14b</load_address>
         <run_address>0xf14b</run_address>
         <size>0x145</size>
         <input_file_ref idref="fl-cd"/>
      </object_component>
      <object_component id="oc-151">
         <name>.debug_info</name>
         <load_address>0xf290</load_address>
         <run_address>0xf290</run_address>
         <size>0x14f</size>
         <input_file_ref idref="fl-ce"/>
      </object_component>
      <object_component id="oc-257">
         <name>.debug_info</name>
         <load_address>0xf3df</load_address>
         <run_address>0xf3df</run_address>
         <size>0x12b</size>
         <input_file_ref idref="fl-cf"/>
      </object_component>
      <object_component id="oc-25d">
         <name>.debug_info</name>
         <load_address>0xf50a</load_address>
         <run_address>0xf50a</run_address>
         <size>0x12d</size>
         <input_file_ref idref="fl-cf"/>
      </object_component>
      <object_component id="oc-268">
         <name>.debug_info</name>
         <load_address>0xf637</load_address>
         <run_address>0xf637</run_address>
         <size>0x13d</size>
         <input_file_ref idref="fl-d0"/>
      </object_component>
      <object_component id="oc-cb">
         <name>.debug_info</name>
         <load_address>0xf774</load_address>
         <run_address>0xf774</run_address>
         <size>0x13d</size>
         <input_file_ref idref="fl-d1"/>
      </object_component>
      <object_component id="oc-2d4">
         <name>.debug_info</name>
         <load_address>0xf8b1</load_address>
         <run_address>0xf8b1</run_address>
         <size>0x131</size>
         <input_file_ref idref="fl-d2"/>
      </object_component>
      <object_component id="oc-157">
         <name>.debug_info</name>
         <load_address>0xf9e2</load_address>
         <run_address>0xf9e2</run_address>
         <size>0x141</size>
         <input_file_ref idref="fl-d3"/>
      </object_component>
      <object_component id="oc-14b">
         <name>.debug_info</name>
         <load_address>0xfb23</load_address>
         <run_address>0xfb23</run_address>
         <size>0x12f</size>
         <input_file_ref idref="fl-d4"/>
      </object_component>
      <object_component id="oc-261">
         <name>.debug_info</name>
         <load_address>0xfc52</load_address>
         <run_address>0xfc52</run_address>
         <size>0x12f</size>
         <input_file_ref idref="fl-d5"/>
      </object_component>
      <object_component id="oc-5f">
         <name>.debug_info</name>
         <load_address>0xfd81</load_address>
         <run_address>0xfd81</run_address>
         <size>0x11c</size>
         <input_file_ref idref="fl-d6"/>
      </object_component>
      <object_component id="oc-c6">
         <name>.debug_info</name>
         <load_address>0xfe9d</load_address>
         <run_address>0xfe9d</run_address>
         <size>0x131</size>
         <input_file_ref idref="fl-d7"/>
      </object_component>
      <object_component id="oc-223">
         <name>.debug_info</name>
         <load_address>0xffce</load_address>
         <run_address>0xffce</run_address>
         <size>0x31e</size>
         <input_file_ref idref="fl-d8"/>
      </object_component>
      <object_component id="oc-69">
         <name>.debug_info</name>
         <load_address>0x102ec</load_address>
         <run_address>0x102ec</run_address>
         <size>0x1bf</size>
         <input_file_ref idref="fl-d8"/>
      </object_component>
      <object_component id="oc-21e">
         <name>.debug_info</name>
         <load_address>0x104ab</load_address>
         <run_address>0x104ab</run_address>
         <size>0x46</size>
         <input_file_ref idref="fl-d8"/>
      </object_component>
      <object_component id="oc-67">
         <name>.debug_info</name>
         <load_address>0x104f1</load_address>
         <run_address>0x104f1</run_address>
         <size>0x2a8</size>
         <input_file_ref idref="fl-d9"/>
      </object_component>
      <object_component id="oc-1c">
         <name>.debug_info</name>
         <load_address>0x10799</load_address>
         <run_address>0x10799</run_address>
         <size>0x1ea</size>
         <input_file_ref idref="fl-d9"/>
      </object_component>
      <object_component id="oc-62">
         <name>.debug_info</name>
         <load_address>0x10983</load_address>
         <run_address>0x10983</run_address>
         <size>0x46</size>
         <input_file_ref idref="fl-d9"/>
      </object_component>
      <object_component id="oc-216">
         <name>.debug_info</name>
         <load_address>0x109c9</load_address>
         <run_address>0x109c9</run_address>
         <size>0x2c</size>
         <input_file_ref idref="fl-d9"/>
      </object_component>
      <object_component id="oc-214">
         <name>.debug_info</name>
         <load_address>0x109f5</load_address>
         <run_address>0x109f5</run_address>
         <size>0x29e</size>
         <input_file_ref idref="fl-da"/>
      </object_component>
      <object_component id="oc-13">
         <name>.debug_info</name>
         <load_address>0x10c93</load_address>
         <run_address>0x10c93</run_address>
         <size>0x250</size>
         <input_file_ref idref="fl-da"/>
      </object_component>
      <object_component id="oc-52">
         <name>.debug_info</name>
         <load_address>0x10ee3</load_address>
         <run_address>0x10ee3</run_address>
         <size>0x60</size>
         <input_file_ref idref="fl-da"/>
      </object_component>
      <object_component id="oc-34a">
         <name>.debug_info</name>
         <load_address>0x10f43</load_address>
         <run_address>0x10f43</run_address>
         <size>0x46</size>
         <input_file_ref idref="fl-da"/>
      </object_component>
      <object_component id="oc-20f">
         <name>.debug_info</name>
         <load_address>0x10f89</load_address>
         <run_address>0x10f89</run_address>
         <size>0x39</size>
         <input_file_ref idref="fl-da"/>
      </object_component>
      <object_component id="oc-22">
         <name>.debug_info</name>
         <load_address>0x10fc2</load_address>
         <run_address>0x10fc2</run_address>
         <size>0x10b</size>
         <input_file_ref idref="fl-db"/>
      </object_component>
      <object_component id="oc-7d">
         <name>.debug_info</name>
         <load_address>0x110cd</load_address>
         <run_address>0x110cd</run_address>
         <size>0x1af</size>
         <input_file_ref idref="fl-db"/>
      </object_component>
      <object_component id="oc-371">
         <name>.debug_info</name>
         <load_address>0x1127c</load_address>
         <run_address>0x1127c</run_address>
         <size>0x122</size>
         <input_file_ref idref="fl-dc"/>
      </object_component>
      <object_component id="oc-3d6">
         <name>.debug_info</name>
         <load_address>0x1139e</load_address>
         <run_address>0x1139e</run_address>
         <size>0x118</size>
         <input_file_ref idref="fl-df"/>
      </object_component>
      <object_component id="oc-412">
         <name>.debug_info</name>
         <load_address>0x114b6</load_address>
         <run_address>0x114b6</run_address>
         <size>0x552</size>
         <input_file_ref idref="fl-e0"/>
      </object_component>
      <object_component id="oc-37e">
         <name>.debug_info</name>
         <load_address>0x11a08</load_address>
         <run_address>0x11a08</run_address>
         <size>0x1a6</size>
         <input_file_ref idref="fl-e0"/>
      </object_component>
      <object_component id="oc-43c">
         <name>.debug_info</name>
         <load_address>0x11bae</load_address>
         <run_address>0x11bae</run_address>
         <size>0x39</size>
         <input_file_ref idref="fl-e0"/>
      </object_component>
      <object_component id="oc-450">
         <name>.debug_info</name>
         <load_address>0x11be7</load_address>
         <run_address>0x11be7</run_address>
         <size>0x39</size>
         <input_file_ref idref="fl-e0"/>
      </object_component>
      <object_component id="oc-441">
         <name>.debug_info</name>
         <load_address>0x11c20</load_address>
         <run_address>0x11c20</run_address>
         <size>0x39</size>
         <input_file_ref idref="fl-e0"/>
      </object_component>
      <object_component id="oc-446">
         <name>.debug_info</name>
         <load_address>0x11c59</load_address>
         <run_address>0x11c59</run_address>
         <size>0xcd</size>
         <input_file_ref idref="fl-e0"/>
      </object_component>
      <object_component id="oc-227">
         <name>.debug_info</name>
         <load_address>0x11d26</load_address>
         <run_address>0x11d26</run_address>
         <size>0x153</size>
         <input_file_ref idref="fl-e1"/>
      </object_component>
      <object_component id="oc-361">
         <name>.debug_info</name>
         <load_address>0x11e79</load_address>
         <run_address>0x11e79</run_address>
         <size>0x225</size>
         <input_file_ref idref="fl-e3"/>
      </object_component>
      <object_component id="oc-35b">
         <name>.debug_info</name>
         <load_address>0x1209e</load_address>
         <run_address>0x1209e</run_address>
         <size>0x20d</size>
         <input_file_ref idref="fl-e3"/>
      </object_component>
      <object_component id="oc-23e">
         <name>.debug_info</name>
         <load_address>0x122ab</load_address>
         <run_address>0x122ab</run_address>
         <size>0x18b</size>
         <input_file_ref idref="fl-e3"/>
      </object_component>
      <object_component id="oc-24c">
         <name>.debug_info</name>
         <load_address>0x12436</load_address>
         <run_address>0x12436</run_address>
         <size>0x240</size>
         <input_file_ref idref="fl-e4"/>
      </object_component>
      <object_component id="oc-295">
         <name>.debug_info</name>
         <load_address>0x12676</load_address>
         <run_address>0x12676</run_address>
         <size>0x15b</size>
         <input_file_ref idref="fl-e4"/>
      </object_component>
      <object_component id="oc-a3">
         <name>.debug_info</name>
         <load_address>0x127d1</load_address>
         <run_address>0x127d1</run_address>
         <size>0x2a3</size>
         <input_file_ref idref="fl-e4"/>
      </object_component>
      <object_component id="oc-247">
         <name>.debug_info</name>
         <load_address>0x12a74</load_address>
         <run_address>0x12a74</run_address>
         <size>0x2b3</size>
         <input_file_ref idref="fl-e4"/>
      </object_component>
      <object_component id="oc-1c7">
         <name>.debug_info</name>
         <load_address>0x12d27</load_address>
         <run_address>0x12d27</run_address>
         <size>0x316</size>
         <input_file_ref idref="fl-e4"/>
      </object_component>
      <object_component id="oc-12e">
         <name>.debug_info</name>
         <load_address>0x1303d</load_address>
         <run_address>0x1303d</run_address>
         <size>0x27b</size>
         <input_file_ref idref="fl-e4"/>
      </object_component>
      <object_component id="oc-314">
         <name>.debug_info</name>
         <load_address>0x132b8</load_address>
         <run_address>0x132b8</run_address>
         <size>0x279</size>
         <input_file_ref idref="fl-e4"/>
      </object_component>
      <object_component id="oc-9d">
         <name>.debug_info</name>
         <load_address>0x13531</load_address>
         <run_address>0x13531</run_address>
         <size>0x2b7</size>
         <input_file_ref idref="fl-e4"/>
      </object_component>
      <object_component id="oc-d7">
         <name>.debug_info</name>
         <load_address>0x137e8</load_address>
         <run_address>0x137e8</run_address>
         <size>0x285</size>
         <input_file_ref idref="fl-e4"/>
      </object_component>
      <object_component id="oc-1a0">
         <name>.debug_info</name>
         <load_address>0x13a6d</load_address>
         <run_address>0x13a6d</run_address>
         <size>0x27b</size>
         <input_file_ref idref="fl-e4"/>
      </object_component>
      <object_component id="oc-128">
         <name>.debug_info</name>
         <load_address>0x13ce8</load_address>
         <run_address>0x13ce8</run_address>
         <size>0x280</size>
         <input_file_ref idref="fl-e4"/>
      </object_component>
      <object_component id="oc-c1">
         <name>.debug_info</name>
         <load_address>0x13f68</load_address>
         <run_address>0x13f68</run_address>
         <size>0x2bb</size>
         <input_file_ref idref="fl-e4"/>
      </object_component>
      <object_component id="oc-af">
         <name>.debug_info</name>
         <load_address>0x14223</load_address>
         <run_address>0x14223</run_address>
         <size>0x27f</size>
         <input_file_ref idref="fl-e4"/>
      </object_component>
      <object_component id="oc-dd">
         <name>.debug_info</name>
         <load_address>0x144a2</load_address>
         <run_address>0x144a2</run_address>
         <size>0x28f</size>
         <input_file_ref idref="fl-e4"/>
      </object_component>
      <object_component id="oc-1cd">
         <name>.debug_info</name>
         <load_address>0x14731</load_address>
         <run_address>0x14731</run_address>
         <size>0x291</size>
         <input_file_ref idref="fl-e4"/>
      </object_component>
      <object_component id="oc-b5">
         <name>.debug_info</name>
         <load_address>0x149c2</load_address>
         <run_address>0x149c2</run_address>
         <size>0x28d</size>
         <input_file_ref idref="fl-e4"/>
      </object_component>
      <object_component id="oc-272">
         <name>.debug_info</name>
         <load_address>0x14c4f</load_address>
         <run_address>0x14c4f</run_address>
         <size>0x20e</size>
         <input_file_ref idref="fl-e5"/>
      </object_component>
      <object_component id="oc-26f">
         <name>.debug_info</name>
         <load_address>0x14e5d</load_address>
         <run_address>0x14e5d</run_address>
         <size>0x210</size>
         <input_file_ref idref="fl-e5"/>
      </object_component>
      <object_component id="oc-e8">
         <name>.debug_info</name>
         <load_address>0x1506d</load_address>
         <run_address>0x1506d</run_address>
         <size>0x23e</size>
         <input_file_ref idref="fl-e5"/>
      </object_component>
      <object_component id="oc-e2">
         <name>.debug_info</name>
         <load_address>0x152ab</load_address>
         <run_address>0x152ab</run_address>
         <size>0x268</size>
         <input_file_ref idref="fl-e5"/>
      </object_component>
      <object_component id="oc-187">
         <name>.debug_info</name>
         <load_address>0x15513</load_address>
         <run_address>0x15513</run_address>
         <size>0x26a</size>
         <input_file_ref idref="fl-e5"/>
      </object_component>
[...]
         <name>Sonar_Configure</name>
         <value>0x3879</value>
         <object_component_ref idref="oc-2a"/>
      </symbol>
      <symbol id="sm-494">
         <name>Sonar_GPIOA_Interrupt</name>
         <value>0x39e9</value>
         <object_component_ref idref="oc-2a"/>
      </symbol>
      <symbol id="sm-495">
         <name>Sonar_GPIOA_Configure</name>
         <value>0x39cb</value>
         <object_component_ref idref="oc-2a"/>
      </symbol>
      <symbol id="sm-496">
         <name>fPeriod</name>
         <value>0x20000240</value>
         <object_component_ref idref="oc-ee"/>
      </symbol>
      <symbol id="sm-497">
         <name>SonarTrig</name>
         <value>0x38a3</value>
         <object_component_ref idref="oc-2a"/>
      </symbol>
      <symbol id="sm-498">
         <name>Int_Handler_GPIOA</name>
         <value>0x38c5</value>
         <object_component_ref idref="oc-2a"/>
      </symbol>
      <symbol id="sm-533">
         <name>ReciveData_UART0</name>
         <value>0x20000568</value>
      </symbol>
      <symbol id="sm-534">
         <name>Para_Compared</name>
         <value>0x20000594</value>
      </symbol>
      <symbol id="sm-535">
         <name>ReciveData_UART1</name>
         <value>0x20000578</value>
      </symbol>
      <symbol id="sm-536">
         <name>temp</name>
         <value>0x200005a9</value>
      </symbol>
      <symbol id="sm-537">
         <name>UART1IntHandler</name>
         <value>0xc05</value>
         <object_component_ref idref="oc-30"/>
      </symbol>
      <symbol id="sm-538">
         <name>UART3IntHandler</name>
         <value>0x11e9</value>
         <object_component_ref idref="oc-30"/>
      </symbol>
      <symbol id="sm-539">
         <name>Para_Report</name>
         <value>0x2000023b</value>
         <object_component_ref idref="oc-13e"/>
      </symbol>
      <symbol id="sm-53a">
         <name>Uart1Iint</name>
         <value>0x118b</value>
         <object_component_ref idref="oc-30"/>
      </symbol>
      <symbol id="sm-53b">
         <name>UART3Iint</name>
         <value>0x1263</value>
         <object_component_ref idref="oc-30"/>
      </symbol>
      <symbol id="sm-53c">
         <name>Uart0Iint</name>
         <value>0xb85</value>
         <object_component_ref idref="oc-30"/>
      </symbol>
      <symbol id="sm-53d">
         <name>UART1Send</name>
         <value>0x115d</value>
         <object_component_ref idref="oc-30"/>
      </symbol>
      <symbol id="sm-53e">
         <name>UART0Send</name>
         <value>0xb5d</value>
         <object_component_ref idref="oc-30"/>
      </symbol>
      <symbol id="sm-53f">
         <name>ReciveData_i_UART1</name>
         <value>0x2000023c</value>
         <object_component_ref idref="oc-13e"/>
      </symbol>
      <symbol id="sm-540">
         <name>ReciveData_i_UART0</name>
         <value>0x2000023a</value>
         <object_component_ref idref="oc-13e"/>
      </symbol>
      <symbol id="sm-541">
         <name>UARTIntHandler</name>
         <value>0xaf1</value>
         <object_component_ref idref="oc-30"/>
      </symbol>
      <symbol id="sm-542">
         <name>UART3Send</name>
         <value>0x1233</value>
         <object_component_ref idref="oc-30"/>
      </symbol>
      <symbol id="sm-543">
         <name>count</name>
         <value>0x2000023d</value>
         <object_component_ref idref="oc-13e"/>
      </symbol>
      <symbol id="sm-5b2">
         <name>UARTgetc</name>
         <value>0x2187</value>
         <object_component_ref idref="oc-138"/>
      </symbol>
      <symbol id="sm-5b3">
         <name>UARTgets</name>
         <value>0x20cd</value>
         <object_component_ref idref="oc-138"/>
      </symbol>
      <symbol id="sm-5b4">
         <name>UARTStdioConfig</name>
         <value>0x2041</value>
         <object_component_ref idref="oc-138"/>
      </symbol>
      <symbol id="sm-5b5">
         <name>UARTwrite</name>
         <value>0x2087</value>
         <object_component_ref idref="oc-138"/>
      </symbol>
      <symbol id="sm-5b6">
         <name>UARTprintf</name>
         <value>0x24a7</value>
         <object_component_ref idref="oc-138"/>
      </symbol>
      <symbol id="sm-5b7">
         <name>UARTvprintf</name>
         <value>0x21ad</value>
         <object_component_ref idref="oc-138"/>
      </symbol>
      <symbol id="sm-5c6">
         <name>__aeabi_memset</name>
         <value>0x44bb</value>
         <object_component_ref idref="oc-1ee"/>
      </symbol>
      <symbol id="sm-5c7">
         <name>memset</name>
         <value>0x44c1</value>
         <object_component_ref idref="oc-1ee"/>
      </symbol>
      <symbol id="sm-5c8">
         <name>__aeabi_memset8</name>
         <value>0x44bb</value>
         <object_component_ref idref="oc-1ee"/>
      </symbol>
      <symbol id="sm-5c9">
         <name>__aeabi_memset4</name>
         <value>0x44bb</value>
         <object_component_ref idref="oc-1ee"/>
      </symbol>
      <symbol id="sm-5ca">
         <name>__aeabi_memclr8</name>
         <value>0x44b9</value>
         <object_component_ref idref="oc-1ee"/>
      </symbol>
      <symbol id="sm-5cb">
         <name>__aeabi_memclr4</name>
         <value>0x44b9</value>
         <object_component_ref idref="oc-1ee"/>
      </symbol>
      <symbol id="sm-5cc">
         <name>__aeabi_memclr</name>
         <value>0x44b9</value>
         <object_component_ref idref="oc-1ee"/>
      </symbol>
      <symbol id="sm-5db">
         <name>__aeabi_uidivmod</name>
         <value>0x48ed</value>
         <object_component_ref idref="oc-2bb"/>
      </symbol>
      <symbol id="sm-5dc">
         <name>__aeabi_uidiv</name>
         <value>0x48ed</value>
         <object_component_ref idref="oc-2bb"/>
      </symbol>
      <symbol id="sm-5f3">
         <name>__aeabi_dsub</name>
         <value>0x3a41</value>
         <object_component_ref idref="oc-14f"/>
      </symbol>
      <symbol id="sm-5f4">
         <name>__aeabi_dadd</name>
         <value>0x3a4b</value>
         <object_component_ref idref="oc-14f"/>
      </symbol>
      <symbol id="sm-616">
         <name>__aeabi_cdcmpeq</name>
         <value>0x43ad</value>
         <object_component_ref idref="oc-256"/>
      </symbol>
      <symbol id="sm-617">
         <name>__aeabi_cdcmple</name>
         <value>0x43ad</value>
         <object_component_ref idref="oc-256"/>
      </symbol>
      <symbol id="sm-618">
         <name>__aeabi_cdrcmple</name>
         <value>0x4433</value>
         <object_component_ref idref="oc-25b"/>
      </symbol>
      <symbol id="sm-62c">
         <name>__aeabi_ddiv</name>
         <value>0x3da9</value>
         <object_component_ref idref="oc-265"/>
      </symbol>
      <symbol id="sm-637">
         <name>__aeabi_dmul</name>
         <value>0x4121</value>
         <object_component_ref idref="oc-ca"/>
      </symbol>
      <symbol id="sm-641">
         <name>__aeabi_d2iz</name>
         <value>0x47d9</value>
         <object_component_ref idref="oc-2d3"/>
      </symbol>
      <symbol id="sm-64d">
         <name>__aeabi_d2f</name>
         <value>0x4533</value>
         <object_component_ref idref="oc-154"/>
      </symbol>
      <symbol id="sm-658">
         <name>__aeabi_f2d</name>
         <value>0x49d5</value>
         <object_component_ref idref="oc-14a"/>
      </symbol>
      <symbol id="sm-662">
         <name>__aeabi_i2d</name>
         <value>0x4a41</value>
         <object_component_ref idref="oc-260"/>
      </symbol>
      <symbol id="sm-67d">
         <name>memcpy</name>
         <value>0x4311</value>
         <object_component_ref idref="oc-5c"/>
      </symbol>
      <symbol id="sm-67e">
         <name>__aeabi_memcpy</name>
         <value>0x4311</value>
         <object_component_ref idref="oc-5c"/>
      </symbol>
      <symbol id="sm-67f">
         <name>__aeabi_memcpy8</name>
         <value>0x4311</value>
         <object_component_ref idref="oc-5c"/>
      </symbol>
      <symbol id="sm-680">
         <name>__aeabi_memcpy4</name>
         <value>0x4311</value>
         <object_component_ref idref="oc-5c"/>
      </symbol>
      <symbol id="sm-68a">
         <name>__aeabi_ui2d</name>
         <value>0x4add</value>
         <object_component_ref idref="oc-c5"/>
      </symbol>
      <symbol id="sm-69e">
         <name>__TI_zero_init_nomemset</name>
         <value>0x4bb7</value>
         <object_component_ref idref="oc-68"/>
      </symbol>
      <symbol id="sm-6b5">
         <name>__TI_decompress_none</name>
         <value>0x4c6d</value>
         <object_component_ref idref="oc-18"/>
      </symbol>
      <symbol id="sm-6d8">
         <name>__TI_decompress_lzss</name>
         <value>0x4671</value>
         <object_component_ref idref="oc-12"/>
      </symbol>
      <symbol id="sm-6eb">
         <name>__stack</name>
         <value>0x20000270</value>
         <object_component_ref idref="oc-21"/>
      </symbol>
      <symbol id="sm-6ec">
         <name>_c_int00_noargs</name>
         <value>0x499d</value>
         <object_component_ref idref="oc-7a"/>
      </symbol>
      <symbol id="sm-6f7">
         <name>C$$EXIT</name>
         <value>0x4d3d</value>
         <object_component_ref idref="oc-370"/>
      </symbol>
      <symbol id="sm-6f8">
         <name>abort</name>
         <value>0x4d3d</value>
         <object_component_ref idref="oc-370"/>
      </symbol>
      <symbol id="sm-704">
         <name>__aeabi_idiv0</name>
         <value>0x3bf7</value>
         <object_component_ref idref="oc-3d5"/>
      </symbol>
      <symbol id="sm-705">
         <name>__aeabi_ldiv0</name>
         <value>0x3bf7</value>
         <object_component_ref idref="oc-3d5"/>
      </symbol>
      <symbol id="sm-72d">
         <name>__TI_auto_init_nobinit_nopinit</name>
         <value>0x4869</value>
         <object_component_ref idref="oc-37c"/>
      </symbol>
      <symbol id="sm-737">
         <name>_system_pre_init</name>
         <value>0x4d39</value>
         <object_component_ref idref="oc-225"/>
      </symbol>
      <symbol id="sm-753">
         <name>FPULazyStackingEnable</name>
         <value>0x4bd9</value>
         <object_component_ref idref="oc-360"/>
      </symbol>
      <symbol id="sm-754">
         <name>FPUEnable</name>
         <value>0x4bc9</value>
         <object_component_ref idref="oc-35a"/>
      </symbol>
      <symbol id="sm-7d6">
         <name>GPIOPinTypePWM</name>
         <value>0x4b6f</value>
         <object_component_ref idref="oc-312"/>
      </symbol>
      <symbol id="sm-7d7">
         <name>GPIOPinConfigure</name>
         <value>0x4791</value>
         <object_component_ref idref="oc-126"/>
      </symbol>
      <symbol id="sm-7d8">
         <name>GPIOIntDisable</name>
         <value>0x4c19</value>
         <object_component_ref idref="oc-1cb"/>
      </symbol>
      <symbol id="sm-7d9">
         <name>GPIOIntEnable</name>
         <value>0x4c87</value>
         <object_component_ref idref="oc-db"/>
      </symbol>
      <symbol id="sm-7da">
         <name>GPIOIntTypeSet</name>
         <value>0x4739</value>
         <object_component_ref idref="oc-bf"/>
      </symbol>
      <symbol id="sm-7db">
         <name>GPIOPinTypeGPIOInput</name>
         <value>0x4b5d</value>
         <object_component_ref idref="oc-d5"/>
      </symbol>
      <symbol id="sm-7dc">
         <name>GPIOIntClear</name>
         <value>0x4d0d</value>
         <object_component_ref idref="oc-b3"/>
      </symbol>
      <symbol id="sm-7dd">
         <name>GPIOPinTypeUART</name>
         <value>0x4b81</value>
         <object_component_ref idref="oc-12c"/>
      </symbol>
      <symbol id="sm-7de">
         <name>GPIOIntStatus</name>
         <value>0x4c27</value>
         <object_component_ref idref="oc-ad"/>
      </symbol>
      <symbol id="sm-7df">
         <name>GPIOPinTypeGPIOOutput</name>
         <value>0x4b1b</value>
         <object_component_ref idref="oc-9b"/>
      </symbol>
      <symbol id="sm-7e0">
         <name>GPIOPinRead</name>
         <value>0x4d13</value>
         <object_component_ref idref="oc-19e"/>
      </symbol>
      <symbol id="sm-7e1">
         <name>GPIODirModeSet</name>
         <value>0x4a6f</value>
         <object_component_ref idref="oc-245"/>
      </symbol>
      <symbol id="sm-7e2">
         <name>GPIOPinWrite</name>
         <value>0x4d19</value>
         <object_component_ref idref="oc-a1"/>
      </symbol>
      <symbol id="sm-7e3">
         <name>GPIOPadConfigSet</name>
         <value>0x3edf</value>
         <object_component_ref idref="oc-1c5"/>
      </symbol>
      <symbol id="sm-826">
         <name>IntEnable</name>
         <value>0x4609</value>
         <object_component_ref idref="oc-e1"/>
      </symbol>
      <symbol id="sm-827">
         <name>IntDisable</name>
         <value>0x45a1</value>
         <object_component_ref idref="oc-186"/>
      </symbol>
      <symbol id="sm-828">
         <name>IntMasterEnable</name>
         <value>0x4be9</value>
         <object_component_ref idref="oc-e7"/>
      </symbol>
      <symbol id="sm-865">
         <name>PWMGenPeriodSet</name>
         <value>0x4c09</value>
         <object_component_ref idref="oc-31e"/>
      </symbol>
      <symbol id="sm-866">
         <name>PWMGenDisable</name>
         <value>0x4c93</value>
         <object_component_ref idref="oc-3f8"/>
      </symbol>
      <symbol id="sm-867">
         <name>PWMDeadBandEnable</name>
         <value>0x4bf9</value>
         <object_component_ref idref="oc-3f2"/>
      </symbol>
      <symbol id="sm-868">
         <name>PWMPulseWidthSet</name>
         <value>0x4afd</value>
         <object_component_ref idref="oc-1b5"/>
      </symbol>
      <symbol id="sm-869">
         <name>PWMOutputState</name>
         <value>0x4b93</value>
         <object_component_ref idref="oc-324"/>
      </symbol>
      <symbol id="sm-86a">
         <name>PWMGenEnable</name>
         <value>0x4c9f</value>
         <object_component_ref idref="oc-32a"/>
      </symbol>
      <symbol id="sm-86b">
         <name>PWMGenConfigure</name>
         <value>0x4a99</value>
         <object_component_ref idref="oc-318"/>
      </symbol>
      <symbol id="sm-8dd">
         <name>SysCtlPeripheralPresent</name>
         <value>0x492d</value>
         <object_component_ref idref="oc-29a"/>
      </symbol>
      <symbol id="sm-8de">
         <name>SysCtlClockSet</name>
         <value>0x421d</value>
         <object_component_ref idref="oc-366"/>
      </symbol>
      <symbol id="sm-8df">
         <name>SysCtlDelay</name>
         <value>0x4d1f</value>
         <object_component_ref idref="oc-119"/>
      </symbol>
      <symbol id="sm-8e0">
         <name>SysCtlPeripheralEnable</name>
         <value>0x4a0d</value>
         <object_component_ref idref="oc-8f"/>
      </symbol>
      <symbol id="sm-8e1">
         <name>SysCtlClockGet</name>
         <value>0x4011</value>
         <object_component_ref idref="oc-113"/>
      </symbol>
      <symbol id="sm-8e2">
         <name>SysCtlPWMClockSet</name>
         <value>0x4b35</value>
         <object_component_ref idref="oc-30c"/>
      </symbol>
      <symbol id="sm-8e3">
         <name>SysCtlPeripheralReady</name>
         <value>0x4965</value>
         <object_component_ref idref="oc-95"/>
      </symbol>
      <symbol id="sm-92f">
         <name>TimerLoadSet</name>
         <value>0x4ba5</value>
         <object_component_ref idref="oc-180"/>
      </symbol>
      <symbol id="sm-930">
         <name>TimerEnable</name>
         <value>0x4c35</value>
         <object_component_ref idref="oc-18c"/>
      </symbol>
      <symbol id="sm-931">
         <name>TimerIntStatus</name>
         <value>0x4cc1</value>
         <object_component_ref idref="oc-192"/>
      </symbol>
      <symbol id="sm-932">
         <name>TimerIntDisable</name>
         <value>0x4cb7</value>
         <object_component_ref idref="oc-1af"/>
      </symbol>
      <symbol id="sm-933">
         <name>TimerValueGet</name>
         <value>0x4ccb</value>
         <object_component_ref idref="oc-b9"/>
      </symbol>
      <symbol id="sm-934">
         <name>TimerIntEnable</name>
         <value>0x4cfd</value>
         <object_component_ref idref="oc-1a4"/>
      </symbol>
      <symbol id="sm-935">
         <name>TimerConfigure</name>
         <value>0x46d9</value>
         <object_component_ref idref="oc-17a"/>
      </symbol>
      <symbol id="sm-936">
         <name>TimerIntClear</name>
         <value>0x4d31</value>
         <object_component_ref idref="oc-198"/>
      </symbol>
      <symbol id="sm-9b1">
         <name>UARTCharPutNonBlocking</name>
         <value>0x4c51</value>
         <object_component_ref idref="oc-120"/>
      </symbol>
      <symbol id="sm-9b2">
         <name>UARTConfigSetExpClk</name>
         <value>0x4821</value>
         <object_component_ref idref="oc-168"/>
      </symbol>
      <symbol id="sm-9b3">
         <name>UARTDisable</name>
         <value>0x4abd</value>
         <object_component_ref idref="oc-2e4"/>
      </symbol>
      <symbol id="sm-9b4">
         <name>UARTIntEnable</name>
         <value>0x4d05</value>
         <object_component_ref idref="oc-16e"/>
      </symbol>
      <symbol id="sm-9b5">
         <name>UARTCharsAvail</name>
         <value>0x4c5f</value>
         <object_component_ref idref="oc-11a"/>
      </symbol>
      <symbol id="sm-9b6">
         <name>UARTCharGetNonBlocking</name>
         <value>0x4c43</value>
         <object_component_ref idref="oc-10d"/>
      </symbol>
      <symbol id="sm-9b7">
         <name>UARTClockSourceSet</name>
         <value>0x4d25</value>
         <object_component_ref idref="oc-132"/>
      </symbol>
      <symbol id="sm-9b8">
         <name>UARTCharPut</name>
         <value>0x4cdf</value>
         <object_component_ref idref="oc-2a6"/>
      </symbol>
      <symbol id="sm-9b9">
         <name>UARTEnable</name>
         <value>0x4b49</value>
         <object_component_ref idref="oc-2a0"/>
      </symbol>
      <symbol id="sm-9ba">
         <name>UARTFIFOEnable</name>
         <value>0x4ce9</value>
         <object_component_ref idref="oc-1e2"/>
      </symbol>
      <symbol id="sm-9bb">
         <name>UARTIntClear</name>
         <value>0x4d35</value>
         <object_component_ref idref="oc-107"/>
      </symbol>
      <symbol id="sm-9bc">
         <name>UARTIntStatus</name>
         <value>0x4cf3</value>
         <object_component_ref idref="oc-101"/>
      </symbol>
      <symbol id="sm-9bd">
         <name>UARTCharGet</name>
         <value>0x4cd5</value>
         <object_component_ref idref="oc-2ac"/>
      </symbol>
      <symbol id="sm-9be">
         <name>UARTFIFOLevelSet</name>
         <value>0x4d2b</value>
         <object_component_ref idref="oc-1e8"/>
      </symbol>
      <symbol id="sm-9c8">
         <name>CPUcpsie</name>
         <value>0x4c7b</value>
         <object_component_ref idref="oc-273"/>
      </symbol>
      <symbol id="sm-9c9">
         <name>__TI_static_base__</name>
         <value>0x0</value>
      </symbol>
      <symbol id="sm-9cc">
         <name>__mpu_init</name>
         <value>0x0</value>
      </symbol>
      <symbol id="sm-9cd">
         <name>_system_post_cinit</name>
         <value>0x0</value>
      </symbol>
   </symbol_table>
   <title>Link successful</title>
</link_info>
